Component: ARM Compiler 5.06 update 5 (build 528) Tool: armlink [4d35e2]

==============================================================================

Section Cross References

    startup_stm32f103xb.o(STACK) refers (Special) to heapauxi.o(.text) for __use_two_region_memory
    startup_stm32f103xb.o(HEAP) refers (Special) to heapauxi.o(.text) for __use_two_region_memory
    startup_stm32f103xb.o(RESET) refers (Special) to heapauxi.o(.text) for __use_two_region_memory
    startup_stm32f103xb.o(RESET) refers to startup_stm32f103xb.o(STACK) for __initial_sp
    startup_stm32f103xb.o(RESET) refers to startup_stm32f103xb.o(.text) for Reset_Handler
    startup_stm32f103xb.o(RESET) refers to stm32f1xx_it.o(i.NMI_Handler) for NMI_Handler
    startup_stm32f103xb.o(RESET) refers to stm32f1xx_it.o(i.HardFault_Handler) for HardFault_Handler
    startup_stm32f103xb.o(RESET) refers to stm32f1xx_it.o(i.MemManage_Handler) for MemManage_Handler
    startup_stm32f103xb.o(RESET) refers to stm32f1xx_it.o(i.BusFault_Handler) for BusFault_Handler
    startup_stm32f103xb.o(RESET) refers to stm32f1xx_it.o(i.UsageFault_Handler) for UsageFault_Handler
    startup_stm32f103xb.o(RESET) refers to stm32f1xx_it.o(i.SVC_Handler) for SVC_Handler
    startup_stm32f103xb.o(RESET) refers to stm32f1xx_it.o(i.DebugMon_Handler) for DebugMon_Handler
    startup_stm32f103xb.o(RESET) refers to rtos.o(.emb_text) for PendSV_Handler
    startup_stm32f103xb.o(RESET) refers to rtos.o(i.SysTick_Handler) for SysTick_Handler
    startup_stm32f103xb.o(RESET) refers to stm32f1xx_it.o(i.DMA1_Channel7_IRQHandler) for DMA1_Channel7_IRQHandler
    startup_stm32f103xb.o(RESET) refers to stm32f1xx_it.o(i.TIM1_UP_IRQHandler) for TIM1_UP_IRQHandler
    startup_stm32f103xb.o(RESET) refers to stm32f1xx_it.o(i.USART2_IRQHandler) for USART2_IRQHandler
    startup_stm32f103xb.o(RESET) refers to stm32f1xx_it.o(i.EXTI15_10_IRQHandler) for EXTI15_10_IRQHandler
    startup_stm32f103xb.o(.text) refers (Special) to heapauxi.o(.text) for __use_two_region_memory
    startup_stm32f103xb.o(.text) refers to system_stm32f1xx_1.o(i.SystemInit) for SystemInit
    startup_stm32f103xb.o(.text) refers to __main.o(!!!main) for __main
    startup_stm32f103xb.o(.text) refers to startup_stm32f103xb.o(HEAP) for Heap_Mem
    startup_stm32f103xb.o(.text) refers to startup_stm32f103xb.o(STACK) for Stack_Mem
    rtos.o(.emb_text) refers to rtos.o(i.TaskSwitch) for TaskSwitch
    rtos.o(.emb_text) refers to rtos.o(.data) for runninglist
    rtos.o(i.IdleTask_Entry) refers to rtos.o(i.my_os_free) for my_os_free
    rtos.o(i.IdleTask_Entry) refers to rtos.o(.data) for .data
    rtos.o(i.MutexCreate) refers to rtos.o(i.my_os_malloc) for my_os_malloc
    rtos.o(i.MutexGive) refers to rtos.o(i.taskMoveInReady) for taskMoveInReady
    rtos.o(i.MutexGive) refers to rtos.o(.data) for .data
    rtos.o(i.MutexTake) refers to rtos.o(i.taskMoveOutList) for taskMoveOutList
    rtos.o(i.MutexTake) refers to rtos.o(i.taskMoveInReady) for taskMoveInReady
    rtos.o(i.MutexTake) refers to rtos.o(.data) for .data
    rtos.o(i.QueueCreate) refers to rtos.o(i.my_os_malloc) for my_os_malloc
    rtos.o(i.QueueCreate) refers to rtos.o(i.my_os_free) for my_os_free
    rtos.o(i.QueueReceive) refers to rt_memcpy_v6.o(.text) for __aeabi_memcpy
    rtos.o(i.QueueReceive) refers to rtos.o(i.taskMoveInReady) for taskMoveInReady
    rtos.o(i.QueueReceive) refers to rtos.o(.data) for .data
    rtos.o(i.QueueSend) refers to rt_memcpy_v6.o(.text) for __aeabi_memcpy
    rtos.o(i.QueueSend) refers to rtos.o(i.taskMoveInReady) for taskMoveInReady
    rtos.o(i.QueueSend) refers to rtos.o(.data) for .data
    rtos.o(i.SemaphoreCreate) refers to rtos.o(i.my_os_malloc) for my_os_malloc
    rtos.o(i.SemaphoreGive) refers to rtos.o(i.taskMoveInReady) for taskMoveInReady
    rtos.o(i.SemaphoreTake) refers to rtos.o(.data) for .data
    rtos.o(i.StartScheduler) refers to rtos.o(i.__NVIC_SetPriority) for __NVIC_SetPriority
    rtos.o(i.StartScheduler) refers to rtos.o(i.TaskCreate) for TaskCreate
    rtos.o(i.StartScheduler) refers to strlen.o(.text) for strlen
    rtos.o(i.StartScheduler) refers to stm32f1xx_hal_uart.o(i.HAL_UART_Transmit) for HAL_UART_Transmit
    rtos.o(i.StartScheduler) refers to rtos.o(.data) for .data
    rtos.o(i.StartScheduler) refers to rtos.o(i.IdleTask_Entry) for IdleTask_Entry
    rtos.o(i.StartScheduler) refers to usart.o(.bss) for huart2
    rtos.o(i.StartScheduler) refers to system_stm32f1xx_1.o(.data) for SystemCoreClock
    rtos.o(i.SysTick_Handler) refers to _printf_percent.o(.ARM.Collect$$_printf_percent$$00000000) for _printf_percent
    rtos.o(i.SysTick_Handler) refers to _printf_s.o(.ARM.Collect$$_printf_percent$$00000014) for _printf_s
    rtos.o(i.SysTick_Handler) refers to _printf_str.o(.text) for _printf_str
    rtos.o(i.SysTick_Handler) refers to stm32f1xx_hal.o(i.HAL_IncTick) for HAL_IncTick
    rtos.o(i.SysTick_Handler) refers to stm32f1xx_hal_iwdg.o(i.HAL_IWDG_Refresh) for HAL_IWDG_Refresh
[...]
    i.HAL_GPIO_WritePin                      0x08002296   Section        0  stm32f1xx_hal_gpio.o(i.HAL_GPIO_WritePin)
    i.HAL_GetTick                            0x080022a0   Section        0  stm32f1xx_hal.o(i.HAL_GetTick)
    i.HAL_IWDG_Init                          0x080022ac   Section        0  stm32f1xx_hal_iwdg.o(i.HAL_IWDG_Init)
    i.HAL_IWDG_Refresh                       0x0800230a   Section        0  stm32f1xx_hal_iwdg.o(i.HAL_IWDG_Refresh)
    i.HAL_IncTick                            0x08002318   Section        0  stm32f1xx_hal.o(i.HAL_IncTick)
    i.HAL_Init                               0x08002328   Section        0  stm32f1xx_hal.o(i.HAL_Init)
    i.HAL_InitTick                           0x0800234c   Section        0  stm32f1xx_hal_timebase_tim.o(i.HAL_InitTick)
    i.HAL_MspInit                            0x080023d8   Section        0  stm32f1xx_hal_msp.o(i.HAL_MspInit)
    i.HAL_NVIC_EnableIRQ                     0x08002414   Section        0  stm32f1xx_hal_cortex.o(i.HAL_NVIC_EnableIRQ)
    i.HAL_NVIC_SetPriority                   0x08002430   Section        0  stm32f1xx_hal_cortex.o(i.HAL_NVIC_SetPriority)
    i.HAL_NVIC_SetPriorityGrouping           0x08002470   Section        0  stm32f1xx_hal_cortex.o(i.HAL_NVIC_SetPriorityGrouping)
    i.HAL_RCC_ClockConfig                    0x08002494   Section        0  stm32f1xx_hal_rcc.o(i.HAL_RCC_ClockConfig)
    i.HAL_RCC_GetClockConfig                 0x080025c0   Section        0  stm32f1xx_hal_rcc.o(i.HAL_RCC_GetClockConfig)
    i.HAL_RCC_GetPCLK1Freq                   0x08002600   Section        0  stm32f1xx_hal_rcc.o(i.HAL_RCC_GetPCLK1Freq)
    i.HAL_RCC_GetPCLK2Freq                   0x08002620   Section        0  stm32f1xx_hal_rcc.o(i.HAL_RCC_GetPCLK2Freq)
    i.HAL_RCC_GetSysClockFreq                0x08002640   Section        0  stm32f1xx_hal_rcc.o(i.HAL_RCC_GetSysClockFreq)
    i.HAL_RCC_OscConfig                      0x0800268c   Section        0  stm32f1xx_hal_rcc.o(i.HAL_RCC_OscConfig)
    i.HAL_TIMEx_BreakCallback                0x080029ac   Section        0  stm32f1xx_hal_tim_ex.o(i.HAL_TIMEx_BreakCallback)
    i.HAL_TIMEx_CommutCallback               0x080029ae   Section        0  stm32f1xx_hal_tim_ex.o(i.HAL_TIMEx_CommutCallback)
    i.HAL_TIM_Base_Init                      0x080029b0   Section        0  stm32f1xx_hal_tim.o(i.HAL_TIM_Base_Init)
    i.HAL_TIM_Base_MspInit                   0x08002a0a   Section        0  stm32f1xx_hal_tim.o(i.HAL_TIM_Base_MspInit)
    i.HAL_TIM_Base_Start_IT                  0x08002a0c   Section        0  stm32f1xx_hal_tim.o(i.HAL_TIM_Base_Start_IT)
    i.HAL_TIM_IC_CaptureCallback             0x08002a64   Section        0  stm32f1xx_hal_tim.o(i.HAL_TIM_IC_CaptureCallback)
    i.HAL_TIM_IRQHandler                     0x08002a66   Section        0  stm32f1xx_hal_tim.o(i.HAL_TIM_IRQHandler)
    i.HAL_TIM_OC_DelayElapsedCallback        0x08002b96   Section        0  stm32f1xx_hal_tim.o(i.HAL_TIM_OC_DelayElapsedCallback)
    i.HAL_TIM_PWM_PulseFinishedCallback      0x08002b98   Section        0  stm32f1xx_hal_tim.o(i.HAL_TIM_PWM_PulseFinishedCallback)
    i.HAL_TIM_PeriodElapsedCallback          0x08002b9c   Section        0  main.o(i.HAL_TIM_PeriodElapsedCallback)
    i.HAL_TIM_TriggerCallback                0x08002bb0   Section        0  stm32f1xx_hal_tim.o(i.HAL_TIM_TriggerCallback)
    i.HAL_UARTEx_RxEventCallback             0x08002bb2   Section        0  stm32f1xx_hal_uart.o(i.HAL_UARTEx_RxEventCallback)
    i.HAL_UART_ErrorCallback                 0x08002bb4   Section        0  stm32f1xx_hal_uart.o(i.HAL_UART_ErrorCallback)
    i.HAL_UART_IRQHandler                    0x08002bb8   Section        0  stm32f1xx_hal_uart.o(i.HAL_UART_IRQHandler)
    i.HAL_UART_Init                          0x08002e24   Section        0  stm32f1xx_hal_uart.o(i.HAL_UART_Init)
    i.HAL_UART_MspInit                       0x08002e88   Section        0  usart.o(i.HAL_UART_MspInit)
    i.HAL_UART_RxCpltCallback                0x08002f38   Section        0  stm32f1xx_hal_uart.o(i.HAL_UART_RxCpltCallback)
    i.HAL_UART_Transmit                      0x08002f3a   Section        0  stm32f1xx_hal_uart.o(i.HAL_UART_Transmit)
    i.HAL_UART_Transmit_DMA                  0x08002fdc   Section        0  stm32f1xx_hal_uart.o(i.HAL_UART_Transmit_DMA)
    i.HAL_UART_TxCpltCallback                0x08003054   Section        0  main.o(i.HAL_UART_TxCpltCallback)
    i.HAL_UART_TxHalfCpltCallback            0x08003070   Section        0  stm32f1xx_hal_uart.o(i.HAL_UART_TxHalfCpltCallback)
    i.HardFault_Handler                      0x08003072   Section        0  stm32f1xx_it.o(i.HardFault_Handler)
    i.IdleTask_Entry                         0x08003074   Section        0  rtos.o(i.IdleTask_Entry)
    IdleTask_Entry                           0x08003075   Thumb Code    40  rtos.o(i.IdleTask_Entry)
    i.LOGI                                   0x080030a0   Section        0  main.o(i.LOGI)
    i.MX_DMA_Init                            0x080030ec   Section        0  dma.o(i.MX_DMA_Init)
    i.MX_GPIO_Init                           0x08003118   Section        0  gpio.o(i.MX_GPIO_Init)
    i.MX_IWDG_Init                           0x080031e4   Section        0  iwdg.o(i.MX_IWDG_Init)
    i.MX_USART2_UART_Init                    0x08003210   Section        0  usart.o(i.MX_USART2_UART_Init)
    i.MemManage_Handler                      0x08003248   Section        0  stm32f1xx_it.o(i.MemManage_Handler)
    i.NMI_Handler                            0x0800324a   Section        0  stm32f1xx_it.o(i.NMI_Handler)
    i.PrintTask_Entry                        0x0800324c   Section        0  main.o(i.PrintTask_Entry)
    i.QueueCreate                            0x08003278   Section        0  rtos.o(i.QueueCreate)
    i.QueueReceive                           0x080032b8   Section        0  rtos.o(i.QueueReceive)
    i.QueueSend                              0x0800336c   Section        0  rtos.o(i.QueueSend)
    i.SVC_Handler                            0x0800341c   Section        0  stm32f1xx_it.o(i.SVC_Handler)
    i.SemaphoreCreate                        0x0800341e   Section        0  rtos.o(i.SemaphoreCreate)
    i.SemaphoreGive                          0x0800343c   Section        0  rtos.o(i.SemaphoreGive)
    i.SemaphoreTake                          0x08003468   Section        0  rtos.o(i.SemaphoreTake)
    i.StartScheduler                         0x080034cc   Section        0  rtos.o(i.StartScheduler)
    i.SysTick_Handler                        0x08003574   Section        0  rtos.o(i.SysTick_Handler)
    i.SystemClock_Config                     0x08003674   Section        0  main.o(i.SystemClock_Config)
    i.SystemInit                             0x080036d8   Section        0  system_stm32f1xx_1.o(i.SystemInit)
    i.TIM1_UP_IRQHandler                     0x080036dc   Section        0  stm32f1xx_it.o(i.TIM1_UP_IRQHandler)
    i.TIM_Base_SetConfig                     0x080036e8   Section        0  stm32f1xx_hal_tim.o(i.TIM_Base_SetConfig)
    i.Task1_Entry                            0x08003760   Section        0  main.o(i.Task1_Entry)
    i.Task2_Entry                            0x080037fc   Section        0  main.o(i.Task2_Entry)
    i.Task3_Entry                            0x08003828   Section        0  main.o(i.Task3_Entry)
    i.TaskCreate                             0x08003854   Section        0  rtos.o(i.TaskCreate)
    i.TaskDelete                             0x08003928   Section        0  rtos.o(i.TaskDelete)
    i.TaskSwitch                             0x08003964   Section        0  rtos.o(i.TaskSwitch)
    i.UART_DMAAbortOnError                   0x080039e8   Section        0  stm32f1xx_hal_uart.o(i.UART_DMAAbortOnError)
    UART_DMAAbortOnError                     0x080039e9   Thumb Code    16  stm32f1xx_hal_uart.o(i.UART_DMAAbortOnError)
    i.UART_DMAError                          0x080039f8   Section        0  stm32f1xx_hal_uart.o(i.UART_DMAError)
    UART_DMAError                            0x080039f9   Thumb Code    74  stm32f1xx_hal_uart.o(i.UART_DMAError)
    i.UART_DMATransmitCplt                   0x08003a42   Section        0  stm32f1xx_hal_uart.o(i.UART_DMATransmitCplt)
    UART_DMATransmitCplt                     0x08003a43   Thumb Code    66  stm32f1xx_hal_uart.o(i.UART_DMATransmitCplt)
    i.UART_DMATxHalfCplt                     0x08003a84   Section        0  stm32f1xx_hal_uart.o(i.UART_DMATxHalfCplt)
    UART_DMATxHalfCplt                       0x08003a85   Thumb Code    10  stm32f1xx_hal_uart.o(i.UART_DMATxHalfCplt)
    i.UART_EndRxTransfer                     0x08003a8e   Section        0  stm32f1xx_hal_uart.o(i.UART_EndRxTransfer)
    UART_EndRxTransfer                       0x08003a8f   Thumb Code    78  stm32f1xx_hal_uart.o(i.UART_EndRxTransfer)
    i.UART_EndTxTransfer                     0x08003adc   Section        0  stm32f1xx_hal_uart.o(i.UART_EndTxTransfer)
    UART_EndTxTransfer                       0x08003add   Thumb Code    28  stm32f1xx_hal_uart.o(i.UART_EndTxTransfer)
    i.UART_Receive_IT                        0x08003af8   Section        0  stm32f1xx_hal_uart.o(i.UART_Receive_IT)
    UART_Receive_IT                          0x08003af9   Thumb Code   194  stm32f1xx_hal_uart.o(i.UART_Receive_IT)
    i.UART_SetConfig                         0x08003bbc   Section        0  stm32f1xx_hal_uart.o(i.UART_SetConfig)
    UART_SetConfig                           0x08003bbd   Thumb Code   178  stm32f1xx_hal_uart.o(i.UART_SetConfig)
    i.UART_WaitOnFlagUntilTimeout            0x08003c74   Section        0  stm32f1xx_hal_uart.o(i.UART_WaitOnFlagUntilTimeout)
    UART_WaitOnFlagUntilTimeout              0x08003c75   Thumb Code   114  stm32f1xx_hal_uart.o(i.UART_WaitOnFlagUntilTimeout)
    i.USART2_IRQHandler                      0x08003ce8   Section        0  stm32f1xx_it.o(i.USART2_IRQHandler)
    i.UsageFault_Handler                     0x08003cf4   Section        0  stm32f1xx_it.o(i.UsageFault_Handler)
    i.__ARM_fpclassify                       0x08003cf6   Section        0  fpclassify.o(i.__ARM_fpclassify)
    i.__NVIC_SetPriority                     0x08003d1e   Section        0  rtos.o(i.__NVIC_SetPriority)
    __NVIC_SetPriority                       0x08003d1f   Thumb Code    32  rtos.o(i.__NVIC_SetPriority)
    i.__NVIC_SetPriority                     0x08003d3e   Section        0  stm32f1xx_hal_cortex.o(i.__NVIC_SetPriority)
    __NVIC_SetPriority                       0x08003d3f   Thumb Code    32  stm32f1xx_hal_cortex.o(i.__NVIC_SetPriority)
    i._is_digit                              0x08003d5e   Section        0  __printf_wp.o(i._is_digit)
    i.ledtask                                0x08003d6c   Section        0  main.o(i.ledtask)
    i.main                                   0x08003dec   Section        0  main.o(i.main)
    i.my_os_free                             0x08003f08   Section        0  rtos.o(i.my_os_free)
    i.my_os_heap_init                        0x08003f60   Section        0  rtos.o(i.my_os_heap_init)
    i.my_os_malloc                           0x08003f7c   Section        0  rtos.o(i.my_os_malloc)
    i.taskMoveInReady                        0x08003fd8   Section        0  rtos.o(i.taskMoveInReady)
    i.taskMoveOutList                        0x08004038   Section        0  rtos.o(i.taskMoveOutList)
    i.taskdelay                              0x080040b0   Section        0  rtos.o(i.taskdelay)
    locale$$code                             0x08004118   Section       44  lc_numeric_c.o(locale$$code)
    locale$$code                             0x08004144   Section       44  lc_ctype_c.o(locale$$code)
    x$fpl$printf1                            0x08004170   Section        4  printf1.o(x$fpl$printf1)
    x$fpl$printf2                            0x08004174   Section        4  printf2.o(x$fpl$printf2)
    .constdata                               0x08004178   Section       18  stm32f1xx_hal_rcc.o(.constdata)
    x$fpl$usenofp                            0x08004178   Section        0  usenofp.o(x$fpl$usenofp)
    aPredivFactorTable                       0x08004178   Data           2  stm32f1xx_hal_rcc.o(.constdata)
    aPLLMULFactorTable                       0x0800417a   Data          16  stm32f1xx_hal_rcc.o(.constdata)
    .constdata                               0x0800418a   Section       16  system_stm32f1xx_1.o(.constdata)
    .constdata                               0x0800419a   Section        8  system_stm32f1xx_1.o(.constdata)
    .constdata                               0x080041a2   Section       17  __printf_flags_ss_wp.o(.constdata)
    maptable                                 0x080041a2   Data          17  __printf_flags_ss_wp.o(.constdata)
    .constdata                               0x080041b4   Section        8  _printf_wctomb.o(.constdata)
    initial_mbstate                          0x080041b4   Data           8  _printf_wctomb.o(.constdata)
    .constdata                               0x080041bc   Section       40  _printf_hex_int_ll_ptr.o(.constdata)
    uc_hextab                                0x080041bc   Data          20  _printf_hex_int_ll_ptr.o(.constdata)
    lc_hextab                                0x080041d0   Data          20  _printf_hex_int_ll_ptr.o(.constdata)
    .constdata                               0x080041e4   Section       38  _printf_fp_hex.o(.constdata)
    lc_hextab                                0x080041e4   Data          19  _printf_fp_hex.o(.constdata)
    uc_hextab                                0x080041f7   Data          19  _printf_fp_hex.o(.constdata)
    .constdata                               0x0800420c   Section      148  bigflt0.o(.constdata)
    tenpwrs_x                                0x0800420c   Data          60  bigflt0.o(.constdata)
    tenpwrs_i                                0x08004248   Data          64  bigflt0.o(.constdata)
    locale$$data                             0x080042c0   Section       28  lc_numeric_c.o(locale$$data)
    __lcnum_c_name                           0x080042c4   Data           2  lc_numeric_c.o(locale$$data)
    __lcnum_c_start                          0x080042cc   Data           0  lc_numeric_c.o(locale$$data)
    __lcnum_c_point                          0x080042d8   Data           0  lc_numeric_c.o(locale$$data)
    __lcnum_c_thousands                      0x080042da   Data           0  lc_numeric_c.o(locale$$data)
    __lcnum_c_grouping                       0x080042db   Data           0  lc_numeric_c.o(locale$$data)
    locale$$data                             0x080042dc   Section      272  lc_ctype_c.o(locale$$data)
    __lcnum_c_end                            0x080042dc   Data           0  lc_numeric_c.o(locale$$data)
    __lcctype_c_name                         0x080042e0   Data           2  lc_ctype_c.o(locale$$data)
    __lcctype_c_start                        0x080042e8   Data           0  lc_ctype_c.o(locale$$data)
    __lcctype_c_end                          0x080043ec   Data           0  lc_ctype_c.o(locale$$data)
    .data                                    0x20000000   Section       36  rtos.o(.data)
    freeListHead                             0x20000014   Data           4  rtos.o(.data)
    .data                                    0x20000024   Section       16  main.o(.data)
    x                                        0x20000030   Data           4  main.o(.data)
    .data                                    0x20000034   Section       12  stm32f1xx_hal.o(.data)
    .data                                    0x20000040   Section        4  system_stm32f1xx_1.o(.data)
    .bss                                     0x20000044   Section     8256  rtos.o(.bss)
    my_rtos_heap                             0x20000084   Data        8192  rtos.o(.bss)
    .bss                                     0x20002084   Section       12  iwdg.o(.bss)
    .bss                                     0x20002090   Section      140  usart.o(.bss)
    .bss                                     0x2000211c   Section       72  stm32f1xx_hal_timebase_tim.o(.bss)
    .bss                                     0x20002164   Section       96  libspace.o(.bss)
    HEAP                                     0x200021c8   Section      512  startup_stm32f103xb.o(HEAP)
    Heap_Mem                                 0x200021c8   Data         512  startup_stm32f103xb.o(HEAP)
    STACK                                    0x200023c8   Section     1024  startup_stm32f103xb.o(STACK)
    Stack_Mem                                0x200023c8   Data        1024  startup_stm32f103xb.o(STACK)
    __initial_sp                             0x200027c8   Data           0  startup_stm32f103xb.o(STACK)

    Global Symbols

    Symbol Name                              Value     Ov Type        Size  Object(Section)

    BuildAttributes$$THM_ISAv4$P$D$K$B$S$PE$A:L22UL41UL21$X:L11$S22US41US21$IEEE1$IW$USESV6$~STKCKD$USESV7$~SHL$OTIME$ROPI$IEEEJ$EBA8$UX$STANDARDLIB$REQ8$PRES8$EABIv2 0x00000000   Number         0  anon$$obj.o ABSOLUTE
    __ARM_use_no_argv                        0x00000000   Number         0  main.o ABSOLUTE
    _printf_flags                            0x00000000   Number         0  printf_stubs.o ABSOLUTE
    _printf_return_value                     0x00000000   Number         0  printf_stubs.o ABSOLUTE
    _printf_sizespec                         0x00000000   Number         0  printf_stubs.o ABSOLUTE
    _printf_widthprec                        0x00000000   Number         0  printf_stubs.o ABSOLUTE
    __ARM_exceptions_init                     - Undefined Weak Reference
    __alloca_initialize                       - Undefined Weak Reference
    __arm_preinit_                            - Undefined Weak Reference
    __cpp_initialize__aeabi_                  - Undefined Weak Reference
    __cxa_finalize                            - Undefined Weak Reference
    __sigvec_lookup                           - Undefined Weak Reference
    _atexit_init                              - Undefined Weak Reference
    _call_atexit_fns                          - Undefined Weak Reference
    _clock_init                               - Undefined Weak Reference
    _fp_trap_init                             - Undefined Weak Reference
    _fp_trap_shutdown                         - Undefined Weak Reference
    _get_lc_collate                           - Undefined Weak Reference
    _get_lc_monetary                          - Undefined Weak Reference
    _get_lc_time                              - Undefined Weak Reference
    _getenv_init                              - Undefined Weak Reference
    _handle_redirection                       - Undefined Weak Reference
    _init_alloc                               - Undefined Weak Reference
    _init_user_alloc                          - Undefined Weak Reference
    _initio                                   - Undefined Weak Reference
    _printf_mbtowc                            - Undefined Weak Reference
    _printf_wc                                - Undefined Weak Reference
    _rand_init                                - Undefined Weak Reference
    _signal_finish                            - Undefined Weak Reference
    _signal_init                              - Undefined Weak Reference
    _terminate_alloc                          - Undefined Weak Reference
    _terminate_user_alloc                     - Undefined Weak Reference
    _terminateio                              - Undefined Weak Reference
    __Vectors_Size                           0x000000ec   Number         0  startup_stm32f103xb.o ABSOLUTE
    __Vectors                                0x08000000   Data           4  startup_stm32f103xb.o(RESET)
    __Vectors_End                            0x080000ec   Data           0  startup_stm32f103xb.o(RESET)
    __main                                   0x080000ed   Thumb Code     8  __main.o(!!!main)
    __scatterload                            0x080000f5   Thumb Code     0  __scatter.o(!!!scatter)
    __scatterload_rt2                        0x080000f5   Thumb Code    44  __scatter.o(!!!scatter)
    __scatterload_rt2_thumb_only             0x080000f5   Thumb Code     0  __scatter.o(!!!scatter)
    __scatterload_null                       0x08000103   Thumb Code     0  __scatter.o(!!!scatter)
    __scatterload_copy                       0x08000129   Thumb Code    26  __scatter_copy.o(!!handler_copy)
    __scatterload_zeroinit                   0x08000145   Thumb Code    28  __scatter_zi.o(!!handler_zi)
    _printf_n                                0x08000161   Thumb Code     0  _printf_n.o(.ARM.Collect$$_printf_percent$$00000001)
    _printf_percent                          0x08000161   Thumb Code     0  _printf_percent.o(.ARM.Collect$$_printf_percent$$00000000)
    _printf_p                                0x08000167   Thumb Code     0  _printf_p.o(.ARM.Collect$$_printf_percent$$00000002)
    _printf_f                                0x0800016d   Thumb Code     0  _printf_f.o(.ARM.Collect$$_printf_percent$$00000003)
    _printf_e                                0x08000173   Thumb Code     0  _printf_e.o(.ARM.Collect$$_printf_percent$$00000004)
    _printf_g                                0x08000179   Thumb Code     0  _printf_g.o(.ARM.Collect$$_printf_percent$$00000005)
    _printf_a                                0x0800017f   Thumb Code     0  _printf_a.o(.ARM.Collect$$_printf_percent$$00000006)
    _printf_ll                               0x08000185   Thumb Code     0  _printf_ll.o(.ARM.Collect$$_printf_percent$$00000007)
    _printf_i                                0x0800018f   Thumb Code     0  _printf_i.o(.ARM.Collect$$_printf_percent$$00000008)
    _printf_d                                0x08000195   Thumb Code     0  _printf_d.o(.ARM.Collect$$_printf_percent$$00000009)
    _printf_u                                0x0800019b   Thumb Code     0  _printf_u.o(.ARM.Collect$$_printf_percent$$0000000A)
    _printf_o                                0x080001a1   Thumb Code     0  _printf_o.o(.ARM.Collect$$_printf_percent$$0000000B)
    _printf_x                                0x080001a7   Thumb Code     0  _printf_x.o(.ARM.Collect$$_printf_percent$$0000000C)
    _printf_lli                              0x080001ad   Thumb Code     0  _printf_lli.o(.ARM.Collect$$_printf_percent$$0000000D)
    _printf_lld                              0x080001b3   Thumb Code     0  _printf_lld.o(.ARM.Collect$$_printf_percent$$0000000E)
    _printf_llu                              0x080001b9   Thumb Code     0  _printf_llu.o(.ARM.Collect$$_printf_percent$$0000000F)
    _printf_llo                              0x080001bf   Thumb Code     0  _printf_llo.o(.ARM.Collect$$_printf_percent$$00000010)
    _printf_llx                              0x080001c5   Thumb Code     0  _printf_llx.o(.ARM.Collect$$_printf_percent$$00000011)
    _printf_l                                0x080001cb   Thumb Code     0  _printf_l.o(.ARM.Collect$$_printf_percent$$00000012)
    _printf_c                                0x080001d5   Thumb Code     0  _printf_c.o(.ARM.Collect$$_printf_percent$$00000013)
    _printf_s                                0x080001db   Thumb Code     0  _printf_s.o(.ARM.Collect$$_printf_percent$$00000014)
    _printf_lc                               0x080001e1   Thumb Code     0  _printf_lc.o(.ARM.Collect$$_printf_percent$$00000015)
    _printf_ls                               0x080001e7   Thumb Code     0  _printf_ls.o(.ARM.Collect$$_printf_percent$$00000016)
    _printf_percent_end                      0x080001ed   Thumb Code     0  _printf_percent_end.o(.ARM.Collect$$_printf_percent$$00000017)
    __rt_lib_init                            0x080001f1   Thumb Code     0  libinit.o(.ARM.Collect$$libinit$$00000000)
    __rt_lib_init_fp_1                       0x080001f3   Thumb Code     0  libinit2.o(.ARM.Collect$$libinit$$00000002)
    __rt_lib_init_heap_1                     0x080001f3   Thumb Code     0  libinit2.o(.ARM.Collect$$libinit$$0000000A)
    __rt_lib_init_lc_common                  0x080001f3   Thumb Code     0  libinit2.o(.ARM.Collect$$libinit$$0000000F)
    __rt_lib_init_preinit_1                  0x080001f3   Thumb Code     0  libinit2.o(.ARM.Collect$$libinit$$00000004)
    __rt_lib_init_rand_1                     0x080001f3   Thumb Code     0  libinit2.o(.ARM.Collect$$libinit$$0000000E)
    __rt_lib_init_user_alloc_1               0x080001f3   Thumb Code     0  libinit2.o(.ARM.Collect$$libinit$$0000000C)
    __rt_lib_init_lc_collate_1               0x080001f9   Thumb Code     0  libinit2.o(.ARM.Collect$$libinit$$00000011)
    __rt_lib_init_lc_ctype_2                 0x080001f9   Thumb Code     0  libinit2.o(.ARM.Collect$$libinit$$00000012)
    __rt_lib_init_lc_ctype_1                 0x08000205   Thumb Code     0  libinit2.o(.ARM.Collect$$libinit$$00000013)
    __rt_lib_init_lc_monetary_1              0x08000205   Thumb Code     0  libinit2.o(.ARM.Collect$$libinit$$00000015)
    __rt_lib_init_lc_numeric_2               0x08000205   Thumb Code     0  libinit2.o(.ARM.Collect$$libinit$$00000016)
    __rt_lib_init_alloca_1                   0x0800020f   Thumb Code     0  libinit2.o(.ARM.Collect$$libinit$$0000002E)
    __rt_lib_init_argv_1                     0x0800020f   Thumb Code     0  libinit2.o(.ARM.Collect$$libinit$$0000002C)
    __rt_lib_init_atexit_1                   0x0800020f   Thumb Code     0  libinit2.o(.ARM.Collect$$libinit$$0000001B)
    __rt_lib_init_clock_1                    0x0800020f   Thumb Code     0  libinit2.o(.ARM.Collect$$libinit$$00000021)
    __rt_lib_init_cpp_1                      0x0800020f   Thumb Code     0  libinit2.o(.ARM.Collect$$libinit$$00000032)
    __rt_lib_init_exceptions_1               0x0800020f   Thumb Code     0  libinit2.o(.ARM.Collect$$libinit$$00000030)
    __rt_lib_init_fp_trap_1                  0x0800020f   Thumb Code     0  libinit2.o(.ARM.Collect$$libinit$$0000001F)
    __rt_lib_init_getenv_1                   0x0800020f   Thumb Code     0  libinit2.o(.ARM.Collect$$libinit$$00000023)
    __rt_lib_init_lc_numeric_1               0x0800020f   Thumb Code     0  libinit2.o(.ARM.Collect$$libinit$$00000017)
    __rt_lib_init_lc_time_1                  0x0800020f   Thumb Code     0  libinit2.o(.ARM.Collect$$libinit$$00000019)
    __rt_lib_init_return                     0x0800020f   Thumb Code     0  libinit2.o(.ARM.Collect$$libinit$$00000033)
    __rt_lib_init_signal_1                   0x0800020f   Thumb Code     0  libinit2.o(.ARM.Collect$$libinit$$0000001D)
    __rt_lib_init_stdio_1                    0x0800020f   Thumb Code     0  libinit2.o(.ARM.Collect$$libinit$$00000025)
    __rt_lib_shutdown                        0x08000211   Thumb Code     0  libshutdown.o(.ARM.Collect$$libshutdown$$00000000)
    __rt_lib_shutdown_cpp_1                  0x08000213   Thumb Code     0  libshutdown2.o(.ARM.Collect$$libshutdown$$00000002)
    __rt_lib_shutdown_fp_trap_1              0x08000213   Thumb Code     0  libshutdown2.o(.ARM.Collect$$libshutdown$$00000007)
    __rt_lib_shutdown_heap_1                 0x08000213   Thumb Code     0  libshutdown2.o(.ARM.Collect$$libshutdown$$0000000F)
    __rt_lib_shutdown_return                 0x08000213   Thumb Code     0  libshutdown2.o(.ARM.Collect$$libshutdown$$00000010)
    __rt_lib_shutdown_signal_1               0x08000213   Thumb Code     0  libshutdown2.o(.ARM.Collect$$libshutdown$$0000000A)
    __rt_lib_shutdown_stdio_1                0x08000213   Thumb Code     0  libshutdown2.o(.ARM.Collect$$libshutdown$$00000004)
    __rt_lib_shutdown_user_alloc_1           0x08000213   Thumb Code     0  libshutdown2.o(.ARM.Collect$$libshutdown$$0000000C)
    __rt_entry                               0x08000215   Thumb Code     0  __rtentry.o(.ARM.Collect$$rtentry$$00000000)
    __rt_entry_presh_1                       0x08000215   Thumb Code     0  __rtentry2.o(.ARM.Collect$$rtentry$$00000002)
    __rt_entry_sh                            0x08000215   Thumb Code     0  __rtentry4.o(.ARM.Collect$$rtentry$$00000004)
    __rt_entry_li                            0x0800021b   Thumb Code     0  __rtentry2.o(.ARM.Collect$$rtentry$$0000000A)
    __rt_entry_postsh_1                      0x0800021b   Thumb Code     0  __rtentry2.o(.ARM.Collect$$rtentry$$00000009)
    __rt_entry_main                          0x0800021f   Thumb Code     0  __rtentry2.o(.ARM.Collect$$rtentry$$0000000D)
    __rt_entry_postli_1                      0x0800021f   Thumb Code     0  __rtentry2.o(.ARM.Collect$$rtentry$$0000000C)
    __rt_exit                                0x08000227   Thumb Code     0  rtexit.o(.ARM.Collect$$rtexit$$00000000)
    __rt_exit_ls                             0x08000229   Thumb Code     0  rtexit2.o(.ARM.Collect$$rtexit$$00000003)
    __rt_exit_prels_1                        0x08000229   Thumb Code     0  rtexit2.o(.ARM.Collect$$rtexit$$00000002)
    __rt_exit_exit                           0x0800022d   Thumb Code     0  rtexit2.o(.ARM.Collect$$rtexit$$00000004)
    PendSV_Handler                           0x08000235   Thumb Code    52  rtos.o(.emb_text)
    Reset_Handler                            0x0800026d   Thumb Code     8  startup_stm32f103xb.o(.text)
    ADC1_2_IRQHandler                        0x08000287   Thumb Code     0  startup_stm32f103xb.o(.text)
    CAN1_RX1_IRQHandler                      0x08000287   Thumb Code     0  startup_stm32f103xb.o(.text)
    CAN1_SCE_IRQHandler                      0x08000287   Thumb Code     0  startup_stm32f103xb.o(.text)
    DMA1_Channel1_IRQHandler                 0x08000287   Thumb Code     0  startup_stm32f103xb.o(.text)
    DMA1_Channel2_IRQHandler                 0x08000287   Thumb Code     0  startup_stm32f103xb.o(.text)
    DMA1_Channel3_IRQHandler                 0x08000287   Thumb Code     0  startup_stm32f103xb.o(.text)
    DMA1_Channel4_IRQHandler                 0x08000287   Thumb Code     0  startup_stm32f103xb.o(.text)
    DMA1_Channel5_IRQHandler                 0x08000287   Thumb Code     0  startup_stm32f103xb.o(.text)
    DMA1_Channel6_IRQHandler                 0x08000287   Thumb Code     0  startup_stm32f103xb.o(.text)
    EXTI0_IRQHandler                         0x08000287   Thumb Code     0  startup_stm32f103xb.o(.text)
    EXTI1_IRQHandler                         0x08000287   Thumb Code     0  startup_stm32f103xb.o(.text)
    EXTI2_IRQHandler                         0x08000287   Thumb Code     0  startup_stm32f103xb.o(.text)
    EXTI3_IRQHandler                         0x08000287   Thumb Code     0  startup_stm32f103xb.o(.text)
    EXTI4_IRQHandler                         0x08000287   Thumb Code     0  startup_stm32f103xb.o(.text)
    EXTI9_5_IRQHandler                       0x08000287   Thumb Code     0  startup_stm32f103xb.o(.text)
    FLASH_IRQHandler                         0x08000287   Thumb Code     0  startup_stm32f103xb.o(.text)
    I2C1_ER_IRQHandler                       0x08000287   Thumb Code     0  startup_stm32f103xb.o(.text)
    I2C1_EV_IRQHandler                       0x08000287   Thumb Code     0  startup_stm32f103xb.o(.text)
    I2C2_ER_IRQHandler                       0x08000287   Thumb Code     0  startup_stm32f103xb.o(.text)
    I2C2_EV_IRQHandler                       0x08000287   Thumb Code     0  startup_stm32f103xb.o(.text)
    PVD_IRQHandler                           0x08000287   Thumb Code     0  startup_stm32f103xb.o(.text)
    RCC_IRQHandler                           0x08000287   Thumb Code     0  startup_stm32f103xb.o(.text)
    RTC_Alarm_IRQHandler                     0x08000287   Thumb Code     0  startup_stm32f103xb.o(.text)
    RTC_IRQHandler                           0x08000287   Thumb Code     0  startup_stm32f103xb.o(.text)
    SPI1_IRQHandler                          0x08000287   Thumb Code     0  startup_stm32f103xb.o(.text)
    SPI2_IRQHandler                          0x08000287   Thumb Code     0  startup_stm32f103xb.o(.text)
    TAMPER_IRQHandler                        0x08000287   Thumb Code     0  startup_stm32f103xb.o(.text)
    TIM1_BRK_IRQHandler                      0x08000287   Thumb Code     0  startup_stm32f103xb.o(.text)
    TIM1_CC_IRQHandler                       0x08000287   Thumb Code     0  startup_stm32f103xb.o(.text)
    TIM1_TRG_COM_IRQHandler                  0x08000287   Thumb Code     0  startup_stm32f103xb.o(.text)
    TIM2_IRQHandler                          0x08000287   Thumb Code     0  startup_stm32f103xb.o(.text)
    TIM3_IRQHandler                          0x08000287   Thumb Code     0  startup_stm32f103xb.o(.text)
    TIM4_IRQHandler                          0x08000287   Thumb Code     0  startup_stm32f103xb.o(.text)
    USART1_IRQHandler                        0x08000287   Thumb Code     0  startup_stm32f103xb.o(.text)
    USART3_IRQHandler                        0x08000287   Thumb Code     0  startup_stm32f103xb.o(.text)
    USBWakeUp_IRQHandler                     0x08000287   Thumb Code     0  startup_stm32f103xb.o(.text)
    USB_HP_CAN1_TX_IRQHandler                0x08000287   Thumb Code     0  startup_stm32f103xb.o(.text)
    USB_LP_CAN1_RX0_IRQHandler               0x08000287   Thumb Code     0  startup_stm32f103xb.o(.text)
    WWDG_IRQHandler                          0x08000287   Thumb Code     0  startup_stm32f103xb.o(.text)
    __user_initial_stackheap                 0x08000289   Thumb Code     0  startup_stm32f103xb.o(.text)
    vsnprintf                                0x080002ad   Thumb Code    48  vsnprintf.o(.text)
    __2sprintf                               0x080002e1   Thumb Code    38  __2sprintf.o(.text)
    __2snprintf                              0x0800030d   Thumb Code    50  __2snprintf.o(.text)
    _printf_str                              0x08000345   Thumb Code    82  _printf_str.o(.text)
    _printf_int_dec                          0x08000399   Thumb Code   104  _printf_dec.o(.text)
    __printf                                 0x08000411   Thumb Code   388  __printf_flags_ss_wp.o(.text)
    strlen                                   0x08000599   Thumb Code    62  strlen.o(.text)
    __aeabi_memcpy                           0x080005d7   Thumb Code     0  rt_memcpy_v6.o(.text)
    __rt_memcpy                              0x080005d7   Thumb Code   138  rt_memcpy_v6.o(.text)
    _memcpy_lastbytes                        0x0800063d   Thumb Code     0  rt_memcpy_v6.o(.text)
    __aeabi_memclr4                          0x08000661   Thumb Code     0  rt_memclr_w.o(.text)
    __aeabi_memclr8                          0x08000661   Thumb Code     0  rt_memclr_w.o(.text)
    __rt_memclr_w                            0x08000661   Thumb Code    78  rt_memclr_w.o(.text)
    _memset_w                                0x08000665   Thumb Code     0  rt_memclr_w.o(.text)
    __use_two_region_memory                  0x080006af   Thumb Code     2  heapauxi.o(.text)
    __rt_heap_escrow$2region                 0x080006b1   Thumb Code     2  heapauxi.o(.text)
    __rt_heap_expand$2region                 0x080006b3   Thumb Code     2  heapauxi.o(.text)
    _printf_pre_padding                      0x080006b5   Thumb Code    44  _printf_pad.o(.text)
    _printf_post_padding                     0x080006e1   Thumb Code    34  _printf_pad.o(.text)
    _printf_truncate_signed                  0x08000703   Thumb Code    18  _printf_truncate.o(.text)
    _printf_truncate_unsigned                0x08000715   Thumb Code    18  _printf_truncate.o(.text)
    _printf_int_common                       0x08000727   Thumb Code   178  _printf_intcommon.o(.text)
    _printf_charcount                        0x080007d9   Thumb Code    40  _printf_charcount.o(.text)
    _printf_char_common                      0x0800080b   Thumb Code    32  _printf_char_common.o(.text)
    _sputc                                   0x08000831   Thumb Code    10  _sputc.o(.text)
    _snputc                                  0x0800083b   Thumb Code    16  _snputc.o(.text)
    _printf_cs_common                        0x0800084b   Thumb Code    20  _printf_char.o(.text)
    _printf_char                             0x0800085f   Thumb Code    16  _printf_char.o(.text)
    _printf_string                           0x0800086f   Thumb Code     8  _printf_char.o(.text)
    _printf_wctomb                           0x08000879   Thumb Code   182  _printf_wctomb.o(.text)
    _printf_longlong_dec                     0x08000935   Thumb Code   108  _printf_longlong_dec.o(.text)
    _printf_longlong_oct                     0x080009b1   Thumb Code    66  _printf_oct_int_ll.o(.text)
    _printf_int_oct                          0x080009f3   Thumb Code    24  _printf_oct_int_ll.o(.text)
    _printf_ll_oct                           0x08000a0b   Thumb Code    12  _printf_oct_int_ll.o(.text)
    _printf_longlong_hex                     0x08000a21   Thumb Code    86  _printf_hex_int_ll_ptr.o(.text)
    _printf_int_hex                          0x08000a77   Thumb Code    28  _printf_hex_int_ll_ptr.o(.text)
    _printf_ll_hex                           0x08000a93   Thumb Code    12  _printf_hex_int_ll_ptr.o(.text)
    _printf_hex_ptr                          0x08000a9f   Thumb Code    18  _printf_hex_int_ll_ptr.o(.text)
    __aeabi_memcpy4                          0x08000ab5   Thumb Code     0  rt_memcpy_w.o(.text)
    __aeabi_memcpy8                          0x08000ab5   Thumb Code     0  rt_memcpy_w.o(.text)
    __rt_memcpy_w                            0x08000ab5   Thumb Code   100  rt_memcpy_w.o(.text)
    _memcpy_lastbytes_aligned                0x08000afd   Thumb Code     0  rt_memcpy_w.o(.text)
    _ll_udiv10                               0x08000b19   Thumb Code   138  lludiv10.o(.text)
    __lib_sel_fp_printf                      0x08000ba3   Thumb Code     2  _printf_fp_dec.o(.text)
    _printf_fp_dec_real                      0x08000d55   Thumb Code   620  _printf_fp_dec.o(.text)
    _printf_fp_hex_real                      0x08000fc1   Thumb Code   756  _printf_fp_hex.o(.text)
    _printf_lcs_common                       0x080012bd   Thumb Code    20  _printf_wchar.o(.text)
    _printf_wchar                            0x080012d1   Thumb Code    16  _printf_wchar.o(.text)
    _printf_wstring                          0x080012e1   Thumb Code     8  _printf_wchar.o(.text)
    _wcrtomb                                 0x080012e9   Thumb Code    64  _wcrtomb.o(.text)
    __user_setup_stackheap                   0x08001329   Thumb Code    74  sys_stackheap_outer.o(.text)
    __rt_ctype_table                         0x08001375   Thumb Code    16  rt_ctype_table.o(.text)
    __rt_locale                              0x08001385   Thumb Code     8  rt_locale_intlibspace.o(.text)
    _printf_fp_infnan                        0x0800138d   Thumb Code   112  _printf_fp_infnan.o(.text)
    _btod_etento                             0x0800140d   Thumb Code   224  bigflt0.o(.text)
    exit                                     0x080014f1   Thumb Code    18  exit.o(.text)
    __user_libspace                          0x08001505   Thumb Code     8  libspace.o(.text)
    __user_perproc_libspace                  0x08001505   Thumb Code     0  libspace.o(.text)
    __user_perthread_libspace                0x08001505   Thumb Code     0  libspace.o(.text)
    strcmp                                   0x0800150d   Thumb Code   128  strcmpv7m.o(.text)
    _sys_exit                                0x0800158d   Thumb Code     8  sys_exit.o(.text)
    __I$use$semihosting                      0x08001599   Thumb Code     0  use_no_semi.o(.text)
    __use_no_semihosting_swi                 0x08001599   Thumb Code     2  use_no_semi.o(.text)
    __semihosting_library_function           0x0800159b   Thumb Code     0  indicate_semi.o(.text)
    _btod_d2e                                0x0800159b   Thumb Code    62  btod.o(CL$$btod_d2e)
    _d2e_denorm_low                          0x080015d9   Thumb Code    70  btod.o(CL$$btod_d2e_denorm_low)
    _d2e_norm_op1                            0x0800161f   Thumb Code    96  btod.o(CL$$btod_d2e_norm_op1)
    __btod_div_common                        0x0800167f   Thumb Code   696  btod.o(CL$$btod_div_common)
    _e2e                                     0x080019b7   Thumb Code   220  btod.o(CL$$btod_e2e)
    _btod_ediv                               0x08001a93   Thumb Code    42  btod.o(CL$$btod_ediv)
    _btod_emul                               0x08001abd   Thumb Code    42  btod.o(CL$$btod_emul)
    __btod_mult_common                       0x08001ae7   Thumb Code   580  btod.o(CL$$btod_mult_common)
    BusFault_Handler                         0x08001d2b   Thumb Code     2  stm32f1xx_it.o(i.BusFault_Handler)
    DMA1_Channel7_IRQHandler                 0x08001d2d   Thumb Code     6  stm32f1xx_it.o(i.DMA1_Channel7_IRQHandler)
    DebugMon_Handler                         0x08001d63   Thumb Code     2  stm32f1xx_it.o(i.DebugMon_Handler)
    EXTI15_10_IRQHandler                     0x08001d65   Thumb Code     8  stm32f1xx_it.o(i.EXTI15_10_IRQHandler)
    Error_Handler                            0x08001d6d   Thumb Code     4  main.o(i.Error_Handler)
    HAL_DMA_Abort                            0x08001d71   Thumb Code    70  stm32f1xx_hal_dma.o(i.HAL_DMA_Abort)
    HAL_DMA_Abort_IT                         0x08001db9   Thumb Code   148  stm32f1xx_hal_dma.o(i.HAL_DMA_Abort_IT)
    HAL_DMA_IRQHandler                       0x08001e51   Thumb Code   316  stm32f1xx_hal_dma.o(i.HAL_DMA_IRQHandler)
    HAL_DMA_Init                             0x08001fa5   Thumb Code    84  stm32f1xx_hal_dma.o(i.HAL_DMA_Init)
    HAL_DMA_Start_IT                         0x08002001   Thumb Code   112  stm32f1xx_hal_dma.o(i.HAL_DMA_Start_IT)
    HAL_GPIO_EXTI_Callback                   0x08002071   Thumb Code    16  main.o(i.HAL_GPIO_EXTI_Callback)
    HAL_GPIO_EXTI_IRQHandler                 0x08002085   Thumb Code    18  stm32f1xx_hal_gpio.o(i.HAL_GPIO_EXTI_IRQHandler)
    HAL_GPIO_Init                            0x0800209d   Thumb Code   446  stm32f1xx_hal_gpio.o(i.HAL_GPIO_Init)
    HAL_GPIO_ReadPin                         0x0800227d   Thumb Code    10  stm32f1xx_hal_gpio.o(i.HAL_GPIO_ReadPin)
    HAL_GPIO_TogglePin                       0x08002287   Thumb Code    16  stm32f1xx_hal_gpio.o(i.HAL_GPIO_TogglePin)
    HAL_GPIO_WritePin                        0x08002297   Thumb Code    10  stm32f1xx_hal_gpio.o(i.HAL_GPIO_WritePin)
    HAL_GetTick                              0x080022a1   Thumb Code     6  stm32f1xx_hal.o(i.HAL_GetTick)
    HAL_IWDG_Init                            0x080022ad   Thumb Code    94  stm32f1xx_hal_iwdg.o(i.HAL_IWDG_Init)
    HAL_IWDG_Refresh                         0x0800230b   Thumb Code    12  stm32f1xx_hal_iwdg.o(i.HAL_IWDG_Refresh)
    HAL_IncTick                              0x08002319   Thumb Code    12  stm32f1xx_hal.o(i.HAL_IncTick)
    HAL_Init                                 0x08002329   Thumb Code    32  stm32f1xx_hal.o(i.HAL_Init)
    HAL_InitTick                             0x0800234d   Thumb Code   118  stm32f1xx_hal_timebase_tim.o(i.HAL_InitTick)
    HAL_MspInit                              0x080023d9   Thumb Code    52  stm32f1xx_hal_msp.o(i.HAL_MspInit)
    HAL_NVIC_EnableIRQ                       0x08002415   Thumb Code    26  stm32f1xx_hal_cortex.o(i.HAL_NVIC_EnableIRQ)
    HAL_NVIC_SetPriority                     0x08002431   Thumb Code    60  stm32f1xx_hal_cortex.o(i.HAL_NVIC_SetPriority)
    HAL_NVIC_SetPriorityGrouping             0x08002471   Thumb Code    26  stm32f1xx_hal_cortex.o(i.HAL_NVIC_SetPriorityGrouping)
    HAL_RCC_ClockConfig                      0x08002495   Thumb Code   280  stm32f1xx_hal_rcc.o(i.HAL_RCC_ClockConfig)
    HAL_RCC_GetClockConfig                   0x080025c1   Thumb Code    54  stm32f1xx_hal_rcc.o(i.HAL_RCC_GetClockConfig)
    HAL_RCC_GetPCLK1Freq                     0x08002601   Thumb Code    20  stm32f1xx_hal_rcc.o(i.HAL_RCC_GetPCLK1Freq)
    HAL_RCC_GetPCLK2Freq                     0x08002621   Thumb Code    20  stm32f1xx_hal_rcc.o(i.HAL_RCC_GetPCLK2Freq)
    HAL_RCC_GetSysClockFreq                  0x08002641   Thumb Code    58  stm32f1xx_hal_rcc.o(i.HAL_RCC_GetSysClockFreq)
    HAL_RCC_OscConfig                        0x0800268d   Thumb Code   778  stm32f1xx_hal_rcc.o(i.HAL_RCC_OscConfig)
    HAL_TIMEx_BreakCallback                  0x080029ad   Thumb Code     2  stm32f1xx_hal_tim_ex.o(i.HAL_TIMEx_BreakCallback)
    HAL_TIMEx_CommutCallback                 0x080029af   Thumb Code     2  stm32f1xx_hal_tim_ex.o(i.HAL_TIMEx_CommutCallback)
    HAL_TIM_Base_Init                        0x080029b1   Thumb Code    90  stm32f1xx_hal_tim.o(i.HAL_TIM_Base_Init)
    HAL_TIM_Base_MspInit                     0x08002a0b   Thumb Code     2  stm32f1xx_hal_tim.o(i.HAL_TIM_Base_MspInit)
    HAL_TIM_Base_Start_IT                    0x08002a0d   Thumb Code    76  stm32f1xx_hal_tim.o(i.HAL_TIM_Base_Start_IT)
    HAL_TIM_IC_CaptureCallback               0x08002a65   Thumb Code     2  stm32f1xx_hal_tim.o(i.HAL_TIM_IC_CaptureCallback)
    HAL_TIM_IRQHandler                       0x08002a67   Thumb Code   304  stm32f1xx_hal_tim.o(i.HAL_TIM_IRQHandler)
    HAL_TIM_OC_DelayElapsedCallback          0x08002b97   Thumb Code     2  stm32f1xx_hal_tim.o(i.HAL_TIM_OC_DelayElapsedCallback)
    HAL_TIM_PWM_PulseFinishedCallback        0x08002b99   Thumb Code     2  stm32f1xx_hal_tim.o(i.HAL_TIM_PWM_PulseFinishedCallback)
    HAL_TIM_PeriodElapsedCallback            0x08002b9d   Thumb Code    14  main.o(i.HAL_TIM_PeriodElapsedCallback)
    HAL_TIM_TriggerCallback                  0x08002bb1   Thumb Code     2  stm32f1xx_hal_tim.o(i.HAL_TIM_TriggerCallback)
    HAL_UARTEx_RxEventCallback               0x08002bb3   Thumb Code     2  stm32f1xx_hal_uart.o(i.HAL_UARTEx_RxEventCallback)
    HAL_UART_ErrorCallback                   0x08002bb5   Thumb Code     2  stm32f1xx_hal_uart.o(i.HAL_UART_ErrorCallback)
    HAL_UART_IRQHandler                      0x08002bb9   Thumb Code   616  stm32f1xx_hal_uart.o(i.HAL_UART_IRQHandler)
    HAL_UART_Init                            0x08002e25   Thumb Code   100  stm32f1xx_hal_uart.o(i.HAL_UART_Init)
    HAL_UART_MspInit                         0x08002e89   Thumb Code   156  usart.o(i.HAL_UART_MspInit)
    HAL_UART_RxCpltCallback                  0x08002f39   Thumb Code     2  stm32f1xx_hal_uart.o(i.HAL_UART_RxCpltCallback)
    HAL_UART_Transmit                        0x08002f3b   Thumb Code   160  stm32f1xx_hal_uart.o(i.HAL_UART_Transmit)
    HAL_UART_Transmit_DMA                    0x08002fdd   Thumb Code   106  stm32f1xx_hal_uart.o(i.HAL_UART_Transmit_DMA)
    HAL_UART_TxCpltCallback                  0x08003055   Thumb Code    18  main.o(i.HAL_UART_TxCpltCallback)
    HAL_UART_TxHalfCpltCallback              0x08003071   Thumb Code     2  stm32f1xx_hal_uart.o(i.HAL_UART_TxHalfCpltCallback)
    HardFault_Handler                        0x08003073   Thumb Code     2  stm32f1xx_it.o(i.HardFault_Handler)
    LOGI                                     0x080030a1   Thumb Code    58  main.o(i.LOGI)
    MX_DMA_Init                              0x080030ed   Thumb Code    40  dma.o(i.MX_DMA_Init)
    MX_GPIO_Init                             0x08003119   Thumb Code   184  gpio.o(i.MX_GPIO_Init)
    MX_IWDG_Init                             0x080031e5   Thumb Code    36  iwdg.o(i.MX_IWDG_Init)
    MX_USART2_UART_Init                      0x08003211   Thumb Code    48  usart.o(i.MX_USART2_UART_Init)
    MemManage_Handler                        0x08003249   Thumb Code     2  stm32f1xx_it.o(i.MemManage_Handler)
    NMI_Handler                              0x0800324b   Thumb Code     2  stm32f1xx_it.o(i.NMI_Handler)
    PrintTask_Entry                          0x0800324d   Thumb Code    36  main.o(i.PrintTask_Entry)
    QueueCreate                              0x08003279   Thumb Code    64  rtos.o(i.QueueCreate)
    QueueReceive                             0x080032b9   Thumb Code   170  rtos.o(i.QueueReceive)
    QueueSend                                0x0800336d   Thumb Code   168  rtos.o(i.QueueSend)
    SVC_Handler                              0x0800341d   Thumb Code     2  stm32f1xx_it.o(i.SVC_Handler)
    SemaphoreCreate                          0x0800341f   Thumb Code    30  rtos.o(i.SemaphoreCreate)
    SemaphoreGive                            0x0800343d   Thumb Code    42  rtos.o(i.SemaphoreGive)
    SemaphoreTake                            0x08003469   Thumb Code    90  rtos.o(i.SemaphoreTake)
    StartScheduler                           0x080034cd   Thumb Code   128  rtos.o(i.StartScheduler)
    SysTick_Handler                          0x08003575   Thumb Code   186  rtos.o(i.SysTick_Handler)
    SystemClock_Config                       0x08003675   Thumb Code   100  main.o(i.SystemClock_Config)
    SystemInit                               0x080036d9   Thumb Code     2  system_stm32f1xx_1.o(i.SystemInit)
    TIM1_UP_IRQHandler                       0x080036dd   Thumb Code     6  stm32f1xx_it.o(i.TIM1_UP_IRQHandler)
    TIM_Base_SetConfig                       0x080036e9   Thumb Code   108  stm32f1xx_hal_tim.o(i.TIM_Base_SetConfig)
    Task1_Entry                              0x08003761   Thumb Code    70  main.o(i.Task1_Entry)
    Task2_Entry                              0x080037fd   Thumb Code    32  main.o(i.Task2_Entry)
    Task3_Entry                              0x08003829   Thumb Code    26  main.o(i.Task3_Entry)
    TaskCreate                               0x08003855   Thumb Code   190  rtos.o(i.TaskCreate)
    TaskDelete                               0x08003929   Thumb Code    52  rtos.o(i.TaskDelete)
    TaskSwitch                               0x08003965   Thumb Code   124  rtos.o(i.TaskSwitch)
    USART2_IRQHandler                        0x08003ce9   Thumb Code     6  stm32f1xx_it.o(i.USART2_IRQHandler)
    UsageFault_Handler                       0x08003cf5   Thumb Code     2  stm32f1xx_it.o(i.UsageFault_Handler)
    __ARM_fpclassify                         0x08003cf7   Thumb Code    40  fpclassify.o(i.__ARM_fpclassify)
    _is_digit                                0x08003d5f   Thumb Code    14  __printf_wp.o(i._is_digit)
    ledtask                                  0x08003d6d   Thumb Code    74  main.o(i.ledtask)
    main                                     0x08003ded   Thumb Code   168  main.o(i.main)
    my_os_free                               0x08003f09   Thumb Code    84  rtos.o(i.my_os_free)
    my_os_heap_init                          0x08003f61   Thumb Code    18  rtos.o(i.my_os_heap_init)
    my_os_malloc                             0x08003f7d   Thumb Code    88  rtos.o(i.my_os_malloc)
    taskMoveInReady                          0x08003fd9   Thumb Code    84  rtos.o(i.taskMoveInReady)
    taskMoveOutList                          0x08004039   Thumb Code   110  rtos.o(i.taskMoveOutList)
    taskdelay                                0x080040b1   Thumb Code    94  rtos.o(i.taskdelay)
    _get_lc_numeric                          0x08004119   Thumb Code    44  lc_numeric_c.o(locale$$code)
    _get_lc_ctype                            0x08004145   Thumb Code    44  lc_ctype_c.o(locale$$code)
    _printf_fp_dec                           0x08004171   Thumb Code     4  printf1.o(x$fpl$printf1)
    _printf_fp_hex                           0x08004175   Thumb Code     4  printf2.o(x$fpl$printf2)
    __I$use$fp                               0x08004178   Number         0  usenofp.o(x$fpl$usenofp)
    AHBPrescTable                            0x0800418a   Data          16  system_stm32f1xx_1.o(.constdata)
    APBPrescTable                            0x0800419a   Data           8  system_stm32f1xx_1.o(.constdata)
    Region$$Table$$Base                      0x080042a0   Number         0  anon$$obj.o(Region$$Table)
    Region$$Table$$Limit                     0x080042c0   Number         0  anon$$obj.o(Region$$Table)
    __ctype                                  0x080042e9   Data           0  lc_ctype_c.o(locale$$data)
    OS_Running                               0x20000000   Data           1  rtos.o(.data)
    OsRunningTime_ms                         0x20000004   Data           4  rtos.o(.data)
    sw_wdg_counter                           0x20000008   Data           4  rtos.o(.data)
    next_task_ptr                            0x2000000c   Data           4  rtos.o(.data)
    tasksWaitingTermination                  0x20000010   Data           4  rtos.o(.data)
    runninglist                              0x20000018   Data           4  rtos.o(.data)
    blockedlist                              0x2000001c   Data           4  rtos.o(.data)
    suspendlist                              0x20000020   Data           4  rtos.o(.data)
    PrintQueue                               0x20000024   Data           4  main.o(.data)
    DmaTxSem                                 0x20000028   Data           4  main.o(.data)
    ButtonSem                                0x2000002c   Data           4  main.o(.data)
    uwTickFreq                               0x20000034   Data           1  stm32f1xx_hal.o(.data)
    uwTickPrio                               0x20000038   Data           4  stm32f1xx_hal.o(.data)
    uwTick                                   0x2000003c   Data           4  stm32f1xx_hal.o(.data)
    SystemCoreClock                          0x20000040   Data           4  system_stm32f1xx_1.o(.data)
    readyList                                0x20000044   Data          64  rtos.o(.bss)
    hiwdg                                    0x20002084   Data          12  iwdg.o(.bss)
    huart2                                   0x20002090   Data          72  usart.o(.bss)
    hdma_usart2_tx                           0x200020d8   Data          68  usart.o(.bss)
    htim1                                    0x2000211c   Data          72  stm32f1xx_hal_timebase_tim.o(.bss)
    __libspace_start                         0x20002164   Data          96  libspace.o(.bss)
    __temporary_stack_top$libspace           0x200021c4   Data           0  libspace.o(.bss)



==============================================================================

Memory Map of the image

  Image Entry point : 0x080000ed

  Load Region LR_IROM1 (Base: 0x08000000, Size: 0x00004430, Max: 0x00010000, ABSOLUTE)

    Execution Region ER_IROM1 (Exec base: 0x08000000, Load base: 0x08000000, Size: 0x000043ec, Max: 0x00010000, ABSOLUTE)

    Exec Addr    Load Addr    Size         Type   Attr      Idx    E Section Name        Object

    0x08000000   0x08000000   0x000000ec   Data   RO            3    RESET               startup_stm32f103xb.o
    0x080000ec   0x080000ec   0x00000008   Code   RO         3242  * !!!main             c_w.l(__main.o)
    0x080000f4   0x080000f4   0x00000034   Code   RO         3538    !!!scatter          c_w.l(__scatter.o)
    0x08000128   0x08000128   0x0000001a   Code   RO         3540    !!handler_copy      c_w.l(__scatter_copy.o)
    0x08000142   0x08000142   0x00000002   PAD
    0x08000144   0x08000144   0x0000001c   Code   RO         3542    !!handler_zi        c_w.l(__scatter_zi.o)
    0x08000160   0x08000160   0x00000000   Code   RO         3233    .ARM.Collect$$_printf_percent$$00000000  c_w.l(_printf_percent.o)
    0x08000160   0x08000160   0x00000006   Code   RO         3294    .ARM.Collect$$_printf_percent$$00000001  c_w.l(_printf_n.o)
    0x08000166   0x08000166   0x00000006   Code   RO         3296    .ARM.Collect$$_printf_percent$$00000002  c_w.l(_printf_p.o)
    0x0800016c   0x0800016c   0x00000006   Code   RO         3300    .ARM.Collect$$_printf_percent$$00000003  c_w.l(_printf_f.o)
    0x08000172   0x08000172   0x00000006   Code   RO         3301    .ARM.Collect$$_printf_percent$$00000004  c_w.l(_printf_e.o)
    0x08000178   0x08000178   0x00000006   Code   RO         3302    .ARM.Collect$$_printf_percent$$00000005  c_w.l(_printf_g.o)
    0x0800017e   0x0800017e   0x00000006   Code   RO         3303    .ARM.Collect$$_printf_percent$$00000006  c_w.l(_printf_a.o)
    0x08000184   0x08000184   0x0000000a   Code   RO         3308    .ARM.Collect$$_printf_percent$$00000007  c_w.l(_printf_ll.o)
    0x0800018e   0x0800018e   0x00000006   Code   RO         3298    .ARM.Collect$$_printf_percent$$00000008  c_w.l(_printf_i.o)
    0x08000194   0x08000194   0x00000006   Code   RO         3299    .ARM.Collect$$_printf_percent$$00000009  c_w.l(_printf_d.o)
    0x0800019a   0x0800019a   0x00000006   Code   RO         3232    .ARM.Collect$$_printf_percent$$0000000A  c_w.l(_printf_u.o)
    0x080001a0   0x080001a0   0x00000006   Code   RO         3297    .ARM.Collect$$_printf_percent$$0000000B  c_w.l(_printf_o.o)
    0x080001a6   0x080001a6   0x00000006   Code   RO         3295    .ARM.Collect$$_printf_percent$$0000000C  c_w.l(_printf_x.o)
    0x080001ac   0x080001ac   0x00000006   Code   RO         3305    .ARM.Collect$$_printf_percent$$0000000D  c_w.l(_printf_lli.o)
    0x080001b2   0x080001b2   0x00000006   Code   RO         3306    .ARM.Collect$$_printf_percent$$0000000E  c_w.l(_printf_lld.o)
    0x080001b8   0x080001b8   0x00000006   Code   RO         3307    .ARM.Collect$$_printf_percent$$0000000F  c_w.l(_printf_llu.o)
    0x080001be   0x080001be   0x00000006   Code   RO         3312    .ARM.Collect$$_printf_percent$$00000010  c_w.l(_printf_llo.o)
    0x080001c4   0x080001c4   0x00000006   Code   RO         3313    .ARM.Collect$$_printf_percent$$00000011  c_w.l(_printf_llx.o)
    0x080001ca   0x080001ca   0x0000000a   Code   RO         3309    .ARM.Collect$$_printf_percent$$00000012  c_w.l(_printf_l.o)
    0x080001d4   0x080001d4   0x00000006   Code   RO         3293    .ARM.Collect$$_printf_percent$$00000013  c_w.l(_printf_c.o)
    0x080001da   0x080001da   0x00000006   Code   RO         3231    .ARM.Collect$$_printf_percent$$00000014  c_w.l(_printf_s.o)
    0x080001e0   0x080001e0   0x00000006   Code   RO         3310    .ARM.Collect$$_printf_percent$$00000015  c_w.l(_printf_lc.o)
    0x080001e6   0x080001e6   0x00000006   Code   RO         3311    .ARM.Collect$$_printf_percent$$00000016  c_w.l(_printf_ls.o)
    0x080001ec   0x080001ec   0x00000004   Code   RO         3304    .ARM.Collect$$_printf_percent$$00000017  c_w.l(_printf_percent_end.o)
    0x080001f0   0x080001f0   0x00000002   Code   RO         3398    .ARM.Collect$$libinit$$00000000  c_w.l(libinit.o)
    0x080001f2   0x080001f2   0x00000000   Code   RO         3415    .ARM.Collect$$libinit$$00000002  c_w.l(libinit2.o)
    0x080001f2   0x080001f2   0x00000000   Code   RO         3417    .ARM.Collect$$libinit$$00000004  c_w.l(libinit2.o)
    0x080001f2   0x080001f2   0x00000000   Code   RO         3420    .ARM.Collect$$libinit$$0000000A  c_w.l(libinit2.o)
    0x080001f2   0x080001f2   0x00000000   Code   RO         3422    .ARM.Collect$$libinit$$0000000C  c_w.l(libinit2.o)
    0x080001f2   0x080001f2   0x00000000   Code   RO         3424    .ARM.Collect$$libinit$$0000000E  c_w.l(libinit2.o)
    0x080001f2   0x080001f2   0x00000006   Code   RO         3425    .ARM.Collect$$libinit$$0000000F  c_w.l(libinit2.o)
    0x080001f8   0x080001f8   0x00000000   Code   RO         3427    .ARM.Collect$$libinit$$00000011  c_w.l(libinit2.o)
    0x080001f8   0x080001f8   0x0000000c   Code   RO         3428    .ARM.Collect$$libinit$$00000012  c_w.l(libinit2.o)
    0x08000204   0x08000204   0x00000000   Code   RO         3429    .ARM.Collect$$libinit$$00000013  c_w.l(libinit2.o)
    0x08000204   0x08000204   0x00000000   Code   RO         3431    .ARM.Collect$$libinit$$00000015  c_w.l(libinit2.o)
    0x08000204   0x08000204   0x0000000a   Code   RO         3432    .ARM.Collect$$libinit$$00000016  c_w.l(libinit2.o)
    0x0800020e   0x0800020e   0x00000000   Code   RO         3433    .ARM.Collect$$libinit$$00000017  c_w.l(libinit2.o)
    0x0800020e   0x0800020e   0x00000000   Code   RO         3435    .ARM.Collect$$libinit$$00000019  c_w.l(libinit2.o)
    0x0800020e   0x0800020e   0x00000000   Code   RO         3437    .ARM.Collect$$libinit$$0000001B  c_w.l(libinit2.o)
    0x0800020e   0x0800020e   0x00000000   Code   RO         3439    .ARM.Collect$$libinit$$0000001D  c_w.l(libinit2.o)
    0x0800020e   0x0800020e   0x00000000   Code   RO         3441    .ARM.Collect$$libinit$$0000001F  c_w.l(libinit2.o)
    0x0800020e   0x0800020e   0x00000000   Code   RO         3443    .ARM.Collect$$libinit$$00000021  c_w.l(libinit2.o)
    0x0800020e   0x0800020e   0x00000000   Code   RO         3445    .ARM.Collect$$libinit$$00000023  c_w.l(libinit2.o)
    0x0800020e   0x0800020e   0x00000000   Code   RO         3447    .ARM.Collect$$libinit$$00000025  c_w.l(libinit2.o)
    0x0800020e   0x0800020e   0x00000000   Code   RO         3451    .ARM.Collect$$libinit$$0000002C  c_w.l(libinit2.o)
    0x0800020e   0x0800020e   0x00000000   Code   RO         3453    .ARM.Collect$$libinit$$0000002E  c_w.l(libinit2.o)
    0x0800020e   0x0800020e   0x00000000   Code   RO         3455    .ARM.Collect$$libinit$$00000030  c_w.l(libinit2.o)
    0x0800020e   0x0800020e   0x00000000   Code   RO         3457    .ARM.Collect$$libinit$$00000032  c_w.l(libinit2.o)
    0x0800020e   0x0800020e   0x00000002   Code   RO         3458    .ARM.Collect$$libinit$$00000033  c_w.l(libinit2.o)
    0x08000210   0x08000210   0x00000002   Code   RO         3478    .ARM.Collect$$libshutdown$$00000000  c_w.l(libshutdown.o)
    0x08000212   0x08000212   0x00000000   Code   RO         3491    .ARM.Collect$$libshutdown$$00000002  c_w.l(libshutdown2.o)
    0x08000212   0x08000212   0x00000000   Code   RO         3493    .ARM.Collect$$libshutdown$$00000004  c_w.l(libshutdown2.o)
    0x08000212   0x08000212   0x00000000   Code   RO         3496    .ARM.Collect$$libshutdown$$00000007  c_w.l(libshutdown2.o)
    0x08000212   0x08000212   0x00000000   Code   RO         3499    .ARM.Collect$$libshutdown$$0000000A  c_w.l(libshutdown2.o)
    0x08000212   0x08000212   0x00000000   Code   RO         3501    .ARM.Collect$$libshutdown$$0000000C  c_w.l(libshutdown2.o)
    0x08000212   0x08000212   0x00000000   Code   RO         3504    .ARM.Collect$$libshutdown$$0000000F  c_w.l(libshutdown2.o)
    0x08000212   0x08000212   0x00000002   Code   RO         3505    .ARM.Collect$$libshutdown$$00000010  c_w.l(libshutdown2.o)
    0x08000214   0x08000214   0x00000000   Code   RO         3244    .ARM.Collect$$rtentry$$00000000  c_w.l(__rtentry.o)
    0x08000214   0x08000214   0x00000000   Code   RO         3325    .ARM.Collect$$rtentry$$00000002  c_w.l(__rtentry2.o)
    0x08000214   0x08000214   0x00000006   Code   RO         3337    .ARM.Collect$$rtentry$$00000004  c_w.l(__rtentry4.o)
    0x0800021a   0x0800021a   0x00000000   Code   RO         3327    .ARM.Collect$$rtentry$$00000009  c_w.l(__rtentry2.o)
    0x0800021a   0x0800021a   0x00000004   Code   RO         3328    .ARM.Collect$$rtentry$$0000000A  c_w.l(__rtentry2.o)
    0x0800021e   0x0800021e   0x00000000   Code   RO         3330    .ARM.Collect$$rtentry$$0000000C  c_w.l(__rtentry2.o)
    0x0800021e   0x0800021e   0x00000008   Code   RO         3331    .ARM.Collect$$rtentry$$0000000D  c_w.l(__rtentry2.o)
    0x08000226   0x08000226   0x00000002   Code   RO         3407    .ARM.Collect$$rtexit$$00000000  c_w.l(rtexit.o)
    0x08000228   0x08000228   0x00000000   Code   RO         3460    .ARM.Collect$$rtexit$$00000002  c_w.l(rtexit2.o)
    0x08000228   0x08000228   0x00000004   Code   RO         3461    .ARM.Collect$$rtexit$$00000003  c_w.l(rtexit2.o)
    0x0800022c   0x0800022c   0x00000006   Code   RO         3462    .ARM.Collect$$rtexit$$00000004  c_w.l(rtexit2.o)
    0x08000232   0x08000232   0x00000002   PAD
    0x08000234   0x08000234   0x00000038   Code   RO           13    .emb_text           rtos.o
    0x0800026c   0x0800026c   0x00000040   Code   RO            4    .text               startup_stm32f103xb.o
    0x080002ac   0x080002ac   0x00000034   Code   RO         3195    .text               c_w.l(vsnprintf.o)
    0x080002e0   0x080002e0   0x0000002c   Code   RO         3197    .text               c_w.l(__2sprintf.o)
    0x0800030c   0x0800030c   0x00000038   Code   RO         3199    .text               c_w.l(__2snprintf.o)
    0x08000344   0x08000344   0x00000052   Code   RO         3207    .text               c_w.l(_printf_str.o)
    0x08000396   0x08000396   0x00000002   PAD
    0x08000398   0x08000398   0x00000078   Code   RO         3209    .text               c_w.l(_printf_dec.o)
    0x08000410   0x08000410   0x00000188   Code   RO         3228    .text               c_w.l(__printf_flags_ss_wp.o)
    0x08000598   0x08000598   0x0000003e   Code   RO         3234    .text               c_w.l(strlen.o)
    0x080005d6   0x080005d6   0x0000008a   Code   RO         3236    .text               c_w.l(rt_memcpy_v6.o)
    0x08000660   0x08000660   0x0000004e   Code   RO         3238    .text               c_w.l(rt_memclr_w.o)
    0x080006ae   0x080006ae   0x00000006   Code   RO         3240    .text               c_w.l(heapauxi.o)
    0x080006b4   0x080006b4   0x0000004e   Code   RO         3245    .text               c_w.l(_printf_pad.o)
    0x08000702   0x08000702   0x00000024   Code   RO         3247    .text               c_w.l(_printf_truncate.o)
    0x08000726   0x08000726   0x000000b2   Code   RO         3249    .text               c_w.l(_printf_intcommon.o)
    0x080007d8   0x080007d8   0x00000028   Code   RO         3251    .text               c_w.l(_printf_charcount.o)
    0x08000800   0x08000800   0x00000030   Code   RO         3253    .text               c_w.l(_printf_char_common.o)
    0x08000830   0x08000830   0x0000000a   Code   RO         3255    .text               c_w.l(_sputc.o)
    0x0800083a   0x0800083a   0x00000010   Code   RO         3257    .text               c_w.l(_snputc.o)
    0x0800084a   0x0800084a   0x0000002c   Code   RO         3259    .text               c_w.l(_printf_char.o)
    0x08000876   0x08000876   0x00000002   PAD
    0x08000878   0x08000878   0x000000bc   Code   RO         3261    .text               c_w.l(_printf_wctomb.o)
    0x08000934   0x08000934   0x0000007c   Code   RO         3264    .text               c_w.l(_printf_longlong_dec.o)
    0x080009b0   0x080009b0   0x00000070   Code   RO         3270    .text               c_w.l(_printf_oct_int_ll.o)
    0x08000a20   0x08000a20   0x00000094   Code   RO         3290    .text               c_w.l(_printf_hex_int_ll_ptr.o)
    0x08000ab4   0x08000ab4   0x00000064   Code   RO         3314    .text               c_w.l(rt_memcpy_w.o)
    0x08000b18   0x08000b18   0x0000008a   Code   RO         3339    .text               c_w.l(lludiv10.o)
    0x08000ba2   0x08000ba2   0x0000041e   Code   RO         3341    .text               c_w.l(_printf_fp_dec.o)
    0x08000fc0   0x08000fc0   0x000002fc   Code   RO         3343    .text               c_w.l(_printf_fp_hex.o)
    0x080012bc   0x080012bc   0x0000002c   Code   RO         3348    .text               c_w.l(_printf_wchar.o)
    0x080012e8   0x080012e8   0x00000040   Code   RO         3350    .text               c_w.l(_wcrtomb.o)
    0x08001328   0x08001328   0x0000004a   Code   RO         3352    .text               c_w.l(sys_stackheap_outer.o)
    0x08001372   0x08001372   0x00000002   PAD
    0x08001374   0x08001374   0x00000010   Code   RO         3354    .text               c_w.l(rt_ctype_table.o)
    0x08001384   0x08001384   0x00000008   Code   RO         3359    .text               c_w.l(rt_locale_intlibspace.o)
    0x0800138c   0x0800138c   0x00000080   Code   RO         3361    .text               c_w.l(_printf_fp_infnan.o)
    0x0800140c   0x0800140c   0x000000e4   Code   RO         3363    .text               c_w.l(bigflt0.o)
    0x080014f0   0x080014f0   0x00000012   Code   RO         3391    .text               c_w.l(exit.o)
    0x08001502   0x08001502   0x00000002   PAD
    0x08001504   0x08001504   0x00000008   Code   RO         3404    .text               c_w.l(libspace.o)
    0x0800150c   0x0800150c   0x00000080   Code   RO         3412    .text               c_w.l(strcmpv7m.o)
    0x0800158c   0x0800158c   0x0000000c   Code   RO         3470    .text               c_w.l(sys_exit.o)
    0x08001598   0x08001598   0x00000002   Code   RO         3481    .text               c_w.l(use_no_semi.o)
    0x0800159a   0x0800159a   0x00000000   Code   RO         3483    .text               c_w.l(indicate_semi.o)
    0x0800159a   0x0800159a   0x0000003e   Code   RO         3366    CL$$btod_d2e        c_w.l(btod.o)
    0x080015d8   0x080015d8   0x00000046   Code   RO         3368    CL$$btod_d2e_denorm_low  c_w.l(btod.o)
    0x0800161e   0x0800161e   0x00000060   Code   RO         3367    CL$$btod_d2e_norm_op1  c_w.l(btod.o)
    0x0800167e   0x0800167e   0x00000338   Code   RO         3376    CL$$btod_div_common  c_w.l(btod.o)
    0x080019b6   0x080019b6   0x000000dc   Code   RO         3373    CL$$btod_e2e        c_w.l(btod.o)
    0x08001a92   0x08001a92   0x0000002a   Code   RO         3370    CL$$btod_ediv       c_w.l(btod.o)
    0x08001abc   0x08001abc   0x0000002a   Code   RO         3369    CL$$btod_emul       c_w.l(btod.o)
    0x08001ae6   0x08001ae6   0x00000244   Code   RO         3375    CL$$btod_mult_common  c_w.l(btod.o)
    0x08001d2a   0x08001d2a   0x00000002   Code   RO          626    i.BusFault_Handler  stm32f1xx_it.o
    0x08001d2c   0x08001d2c   0x0000000c   Code   RO          627    i.DMA1_Channel7_IRQHandler  stm32f1xx_it.o
    0x08001d38   0x08001d38   0x0000002a   Code   RO         2196    i.DMA_SetConfig     stm32f1xx_hal_dma.o
    0x08001d62   0x08001d62   0x00000002   Code   RO          628    i.DebugMon_Handler  stm32f1xx_it.o
    0x08001d64   0x08001d64   0x00000008   Code   RO          629    i.EXTI15_10_IRQHandler  stm32f1xx_it.o
    0x08001d6c   0x08001d6c   0x00000004   Code   RO          293    i.Error_Handler     main.o
    0x08001d70   0x08001d70   0x00000046   Code   RO         2197    i.HAL_DMA_Abort     stm32f1xx_hal_dma.o
    0x08001db6   0x08001db6   0x00000002   PAD
    0x08001db8   0x08001db8   0x00000098   Code   RO         2198    i.HAL_DMA_Abort_IT  stm32f1xx_hal_dma.o
    0x08001e50   0x08001e50   0x00000154   Code   RO         2202    i.HAL_DMA_IRQHandler  stm32f1xx_hal_dma.o
    0x08001fa4   0x08001fa4   0x0000005c   Code   RO         2203    i.HAL_DMA_Init      stm32f1xx_hal_dma.o
    0x08002000   0x08002000   0x00000070   Code   RO         2207    i.HAL_DMA_Start_IT  stm32f1xx_hal_dma.o
    0x08002070   0x08002070   0x00000014   Code   RO          294    i.HAL_GPIO_EXTI_Callback  main.o
    0x08002084   0x08002084   0x00000018   Code   RO         2132    i.HAL_GPIO_EXTI_IRQHandler  stm32f1xx_hal_gpio.o
    0x0800209c   0x0800209c   0x000001e0   Code   RO         2133    i.HAL_GPIO_Init     stm32f1xx_hal_gpio.o
    0x0800227c   0x0800227c   0x0000000a   Code   RO         2135    i.HAL_GPIO_ReadPin  stm32f1xx_hal_gpio.o
    0x08002286   0x08002286   0x00000010   Code   RO         2136    i.HAL_GPIO_TogglePin  stm32f1xx_hal_gpio.o
    0x08002296   0x08002296   0x0000000a   Code   RO         2137    i.HAL_GPIO_WritePin  stm32f1xx_hal_gpio.o
    0x080022a0   0x080022a0   0x0000000c   Code   RO         1827    i.HAL_GetTick       stm32f1xx_hal.o
    0x080022ac   0x080022ac   0x0000005e   Code   RO         1786    i.HAL_IWDG_Init     stm32f1xx_hal_iwdg.o
    0x0800230a   0x0800230a   0x0000000c   Code   RO         1787    i.HAL_IWDG_Refresh  stm32f1xx_hal_iwdg.o
    0x08002316   0x08002316   0x00000002   PAD
    0x08002318   0x08002318   0x00000010   Code   RO         1833    i.HAL_IncTick       stm32f1xx_hal.o
    0x08002328   0x08002328   0x00000024   Code   RO         1834    i.HAL_Init          stm32f1xx_hal.o
    0x0800234c   0x0800234c   0x0000008c   Code   RO          738    i.HAL_InitTick      stm32f1xx_hal_timebase_tim.o
    0x080023d8   0x080023d8   0x0000003c   Code   RO          714    i.HAL_MspInit       stm32f1xx_hal_msp.o
    0x08002414   0x08002414   0x0000001a   Code   RO         2293    i.HAL_NVIC_EnableIRQ  stm32f1xx_hal_cortex.o
    0x0800242e   0x0800242e   0x00000002   PAD
    0x08002430   0x08002430   0x00000040   Code   RO         2299    i.HAL_NVIC_SetPriority  stm32f1xx_hal_cortex.o
    0x08002470   0x08002470   0x00000024   Code   RO         2300    i.HAL_NVIC_SetPriorityGrouping  stm32f1xx_hal_cortex.o
    0x08002494   0x08002494   0x0000012c   Code   RO         1991    i.HAL_RCC_ClockConfig  stm32f1xx_hal_rcc.o
    0x080025c0   0x080025c0   0x00000040   Code   RO         1995    i.HAL_RCC_GetClockConfig  stm32f1xx_hal_rcc.o
    0x08002600   0x08002600   0x00000020   Code   RO         1998    i.HAL_RCC_GetPCLK1Freq  stm32f1xx_hal_rcc.o
    0x08002620   0x08002620   0x00000020   Code   RO         1999    i.HAL_RCC_GetPCLK2Freq  stm32f1xx_hal_rcc.o
    0x08002640   0x08002640   0x0000004c   Code   RO         2000    i.HAL_RCC_GetSysClockFreq  stm32f1xx_hal_rcc.o
    0x0800268c   0x0800268c   0x00000320   Code   RO         2003    i.HAL_RCC_OscConfig  stm32f1xx_hal_rcc.o
    0x080029ac   0x080029ac   0x00000002   Code   RO         1519    i.HAL_TIMEx_BreakCallback  stm32f1xx_hal_tim_ex.o
    0x080029ae   0x080029ae   0x00000002   Code   RO         1520    i.HAL_TIMEx_CommutCallback  stm32f1xx_hal_tim_ex.o
    0x080029b0   0x080029b0   0x0000005a   Code   RO          815    i.HAL_TIM_Base_Init  stm32f1xx_hal_tim.o
    0x08002a0a   0x08002a0a   0x00000002   Code   RO          817    i.HAL_TIM_Base_MspInit  stm32f1xx_hal_tim.o
    0x08002a0c   0x08002a0c   0x00000058   Code   RO          820    i.HAL_TIM_Base_Start_IT  stm32f1xx_hal_tim.o
    0x08002a64   0x08002a64   0x00000002   Code   RO          849    i.HAL_TIM_IC_CaptureCallback  stm32f1xx_hal_tim.o
    0x08002a66   0x08002a66   0x00000130   Code   RO          863    i.HAL_TIM_IRQHandler  stm32f1xx_hal_tim.o
    0x08002b96   0x08002b96   0x00000002   Code   RO          866    i.HAL_TIM_OC_DelayElapsedCallback  stm32f1xx_hal_tim.o
    0x08002b98   0x08002b98   0x00000002   Code   RO          893    i.HAL_TIM_PWM_PulseFinishedCallback  stm32f1xx_hal_tim.o
    0x08002b9a   0x08002b9a   0x00000002   PAD
    0x08002b9c   0x08002b9c   0x00000014   Code   RO          295    i.HAL_TIM_PeriodElapsedCallback  main.o
    0x08002bb0   0x08002bb0   0x00000002   Code   RO          906    i.HAL_TIM_TriggerCallback  stm32f1xx_hal_tim.o
    0x08002bb2   0x08002bb2   0x00000002   Code   RO         2805    i.HAL_UARTEx_RxEventCallback  stm32f1xx_hal_uart.o
    0x08002bb4   0x08002bb4   0x00000002   Code   RO         2819    i.HAL_UART_ErrorCallback  stm32f1xx_hal_uart.o
    0x08002bb6   0x08002bb6   0x00000002   PAD
    0x08002bb8   0x08002bb8   0x0000026c   Code   RO         2822    i.HAL_UART_IRQHandler  stm32f1xx_hal_uart.o
    0x08002e24   0x08002e24   0x00000064   Code   RO         2823    i.HAL_UART_Init     stm32f1xx_hal_uart.o
    0x08002e88   0x08002e88   0x000000b0   Code   RO          585    i.HAL_UART_MspInit  usart.o
    0x08002f38   0x08002f38   0x00000002   Code   RO         2829    i.HAL_UART_RxCpltCallback  stm32f1xx_hal_uart.o
    0x08002f3a   0x08002f3a   0x000000a0   Code   RO         2831    i.HAL_UART_Transmit  stm32f1xx_hal_uart.o
    0x08002fda   0x08002fda   0x00000002   PAD
    0x08002fdc   0x08002fdc   0x00000078   Code   RO         2832    i.HAL_UART_Transmit_DMA  stm32f1xx_hal_uart.o
    0x08003054   0x08003054   0x0000001c   Code   RO          296    i.HAL_UART_TxCpltCallback  main.o
    0x08003070   0x08003070   0x00000002   Code   RO         2835    i.HAL_UART_TxHalfCpltCallback  stm32f1xx_hal_uart.o
    0x08003072   0x08003072   0x00000002   Code   RO          630    i.HardFault_Handler  stm32f1xx_it.o
    0x08003074   0x08003074   0x0000002c   Code   RO           14    i.IdleTask_Entry    rtos.o
    0x080030a0   0x080030a0   0x0000004c   Code   RO          297    i.LOGI              main.o
    0x080030ec   0x080030ec   0x0000002c   Code   RO          443    i.MX_DMA_Init       dma.o
    0x08003118   0x08003118   0x000000cc   Code   RO          419    i.MX_GPIO_Init      gpio.o
    0x080031e4   0x080031e4   0x0000002c   Code   RO          554    i.MX_IWDG_Init      iwdg.o
    0x08003210   0x08003210   0x00000038   Code   RO          586    i.MX_USART2_UART_Init  usart.o
    0x08003248   0x08003248   0x00000002   Code   RO          631    i.MemManage_Handler  stm32f1xx_it.o
    0x0800324a   0x0800324a   0x00000002   Code   RO          632    i.NMI_Handler       stm32f1xx_it.o
    0x0800324c   0x0800324c   0x0000002c   Code   RO          298    i.PrintTask_Entry   main.o
    0x08003278   0x08003278   0x00000040   Code   RO           18    i.QueueCreate       rtos.o
    0x080032b8   0x080032b8   0x000000b4   Code   RO           19    i.QueueReceive      rtos.o
    0x0800336c   0x0800336c   0x000000b0   Code   RO           20    i.QueueSend         rtos.o
    0x0800341c   0x0800341c   0x00000002   Code   RO          633    i.SVC_Handler       stm32f1xx_it.o
    0x0800341e   0x0800341e   0x0000001e   Code   RO           21    i.SemaphoreCreate   rtos.o
    0x0800343c   0x0800343c   0x0000002a   Code   RO           22    i.SemaphoreGive     rtos.o
    0x08003466   0x08003466   0x00000002   PAD
    0x08003468   0x08003468   0x00000064   Code   RO           23    i.SemaphoreTake     rtos.o
    0x080034cc   0x080034cc   0x000000a8   Code   RO           24    i.StartScheduler    rtos.o
    0x08003574   0x08003574   0x00000100   Code   RO           25    i.SysTick_Handler   rtos.o
    0x08003674   0x08003674   0x00000064   Code   RO          299    i.SystemClock_Config  main.o
    0x080036d8   0x080036d8   0x00000002   Code   RO         3157    i.SystemInit        system_stm32f1xx_1.o
    0x080036da   0x080036da   0x00000002   PAD
    0x080036dc   0x080036dc   0x0000000c   Code   RO          634    i.TIM1_UP_IRQHandler  stm32f1xx_it.o
    0x080036e8   0x080036e8   0x00000078   Code   RO          908    i.TIM_Base_SetConfig  stm32f1xx_hal_tim.o
    0x08003760   0x08003760   0x0000009c   Code   RO          300    i.Task1_Entry       main.o
    0x080037fc   0x080037fc   0x0000002c   Code   RO          301    i.Task2_Entry       main.o
    0x08003828   0x08003828   0x0000002c   Code   RO          302    i.Task3_Entry       main.o
    0x08003854   0x08003854   0x000000d4   Code   RO           26    i.TaskCreate        rtos.o
    0x08003928   0x08003928   0x0000003c   Code   RO           27    i.TaskDelete        rtos.o
    0x08003964   0x08003964   0x00000084   Code   RO           28    i.TaskSwitch        rtos.o
    0x080039e8   0x080039e8   0x00000010   Code   RO         2836    i.UART_DMAAbortOnError  stm32f1xx_hal_uart.o
    0x080039f8   0x080039f8   0x0000004a   Code   RO         2837    i.UART_DMAError     stm32f1xx_hal_uart.o
    0x08003a42   0x08003a42   0x00000042   Code   RO         2842    i.UART_DMATransmitCplt  stm32f1xx_hal_uart.o
    0x08003a84   0x08003a84   0x0000000a   Code   RO         2844    i.UART_DMATxHalfCplt  stm32f1xx_hal_uart.o
    0x08003a8e   0x08003a8e   0x0000004e   Code   RO         2846    i.UART_EndRxTransfer  stm32f1xx_hal_uart.o
    0x08003adc   0x08003adc   0x0000001c   Code   RO         2847    i.UART_EndTxTransfer  stm32f1xx_hal_uart.o
    0x08003af8   0x08003af8   0x000000c2   Code   RO         2848    i.UART_Receive_IT   stm32f1xx_hal_uart.o
    0x08003bba   0x08003bba   0x00000002   PAD
    0x08003bbc   0x08003bbc   0x000000b8   Code   RO         2849    i.UART_SetConfig    stm32f1xx_hal_uart.o
    0x08003c74   0x08003c74   0x00000072   Code   RO         2852    i.UART_WaitOnFlagUntilTimeout  stm32f1xx_hal_uart.o
    0x08003ce6   0x08003ce6   0x00000002   PAD
    0x08003ce8   0x08003ce8   0x0000000c   Code   RO          635    i.USART2_IRQHandler  stm32f1xx_it.o
    0x08003cf4   0x08003cf4   0x00000002   Code   RO          636    i.UsageFault_Handler  stm32f1xx_it.o
    0x08003cf6   0x08003cf6   0x00000028   Code   RO         3402    i.__ARM_fpclassify  m_ws.l(fpclassify.o)
    0x08003d1e   0x08003d1e   0x00000020   Code   RO           29    i.__NVIC_SetPriority  rtos.o
    0x08003d3e   0x08003d3e   0x00000020   Code   RO         2306    i.__NVIC_SetPriority  stm32f1xx_hal_cortex.o
    0x08003d5e   0x08003d5e   0x0000000e   Code   RO         3221    i._is_digit         c_w.l(__printf_wp.o)
    0x08003d6c   0x08003d6c   0x00000080   Code   RO          304    i.ledtask           main.o
    0x08003dec   0x08003dec   0x0000011c   Code   RO          305    i.main              main.o
    0x08003f08   0x08003f08   0x00000058   Code   RO           30    i.my_os_free        rtos.o
    0x08003f60   0x08003f60   0x0000001c   Code   RO           31    i.my_os_heap_init   rtos.o
    0x08003f7c   0x08003f7c   0x0000005c   Code   RO           32    i.my_os_malloc      rtos.o
    0x08003fd8   0x08003fd8   0x00000060   Code   RO           35    i.taskMoveInReady   rtos.o
    0x08004038   0x08004038   0x00000078   Code   RO           36    i.taskMoveOutList   rtos.o
    0x080040b0   0x080040b0   0x00000068   Code   RO           37    i.taskdelay         rtos.o
    0x08004118   0x08004118   0x0000002c   Code   RO         3389    locale$$code        c_w.l(lc_numeric_c.o)
    0x08004144   0x08004144   0x0000002c   Code   RO         3410    locale$$code        c_w.l(lc_ctype_c.o)
    0x08004170   0x08004170   0x00000004   Code   RO         3316    x$fpl$printf1       fz_ws.l(printf1.o)
    0x08004174   0x08004174   0x00000004   Code   RO         3318    x$fpl$printf2       fz_ws.l(printf2.o)
    0x08004178   0x08004178   0x00000000   Code   RO         3401    x$fpl$usenofp       fz_ws.l(usenofp.o)
    0x08004178   0x08004178   0x00000012   Data   RO         2004    .constdata          stm32f1xx_hal_rcc.o
    0x0800418a   0x0800418a   0x00000010   Data   RO         3158    .constdata          system_stm32f1xx_1.o
    0x0800419a   0x0800419a   0x00000008   Data   RO         3159    .constdata          system_stm32f1xx_1.o
    0x080041a2   0x080041a2   0x00000011   Data   RO         3229    .constdata          c_w.l(__printf_flags_ss_wp.o)
    0x080041b3   0x080041b3   0x00000001   PAD
    0x080041b4   0x080041b4   0x00000008   Data   RO         3262    .constdata          c_w.l(_printf_wctomb.o)
    0x080041bc   0x080041bc   0x00000028   Data   RO         3291    .constdata          c_w.l(_printf_hex_int_ll_ptr.o)
    0x080041e4   0x080041e4   0x00000026   Data   RO         3344    .constdata          c_w.l(_printf_fp_hex.o)
    0x0800420a   0x0800420a   0x00000002   PAD
    0x0800420c   0x0800420c   0x00000094   Data   RO         3364    .constdata          c_w.l(bigflt0.o)
    0x080042a0   0x080042a0   0x00000020   Data   RO         3536    Region$$Table       anon$$obj.o
    0x080042c0   0x080042c0   0x0000001c   Data   RO         3388    locale$$data        c_w.l(lc_numeric_c.o)
    0x080042dc   0x080042dc   0x00000110   Data   RO         3409    locale$$data        c_w.l(lc_ctype_c.o)


    Execution Region RW_IRAM1 (Exec base: 0x20000000, Load base: 0x080043ec, Size: 0x000027c8, Max: 0x00005000, ABSOLUTE)

    Exec Addr    Load Addr    Size         Type   Attr      Idx    E Section Name        Object

    0x20000000   0x080043ec   0x00000024   Data   RW           39    .data               rtos.o
    0x20000024   0x08004410   0x00000010   Data   RW          307    .data               main.o
    0x20000034   0x08004420   0x0000000c   Data   RW         1841    .data               stm32f1xx_hal.o
    0x20000040   0x0800442c   0x00000004   Data   RW         3160    .data               system_stm32f1xx_1.o
    0x20000044        -       0x00002040   Zero   RW           38    .bss                rtos.o
    0x20002084        -       0x0000000c   Zero   RW          555    .bss                iwdg.o
    0x20002090        -       0x0000008c   Zero   RW          587    .bss                usart.o
    0x2000211c        -       0x00000048   Zero   RW          741    .bss                stm32f1xx_hal_timebase_tim.o
    0x20002164        -       0x00000060   Zero   RW         3405    .bss                c_w.l(libspace.o)
    0x200021c4   0x08004430   0x00000004   PAD
    0x200021c8        -       0x00000200   Zero   RW            2    HEAP                startup_stm32f103xb.o
    0x200023c8        -       0x00000400   Zero   RW            1    STACK               startup_stm32f103xb.o


==============================================================================

Image component sizes


      Code (inc. data)   RO Data    RW Data    ZI Data      Debug   Object Name

        44          4          0          0          0     423378   dma.o
       204         20          0          0          0        951   gpio.o
        44          8          0          0         12        679   iwdg.o
       948        332          0         16          0       8518   main.o
      2080        234          0         36       8256     467499   rtos.o
        64         26        236          0       1536        796   startup_stm32f103xb.o
        64         14          0         12          0       4558   stm32f1xx_hal.o
       158         14          0          0          0      28110   stm32f1xx_hal_cortex.o
       808         36          0          0          0       4890   stm32f1xx_hal_dma.o
       540         40          0          0          0       4631   stm32f1xx_hal_gpio.o
       106          0          0          0          0       1811   stm32f1xx_hal_iwdg.o
        60          8          0          0          0        846   stm32f1xx_hal_msp.o
      1304         94         18          0          0       5641   stm32f1xx_hal_rcc.o
       612         24          0          0          0       7032   stm32f1xx_hal_tim.o
         4          0          0          0          0       1537   stm32f1xx_hal_tim_ex.o
       140         22          0          0         72       1383   stm32f1xx_hal_timebase_tim.o
      1772         24          0          0          0      12972   stm32f1xx_hal_uart.o
        58         18          0          0          0       4618   stm32f1xx_it.o
         2          0         24          4          0       1071   system_stm32f1xx_1.o
       232         28          0          0        140       1729   usart.o

    ----------------------------------------------------------------------
      9264        946        310         68      10016     982650   Object Totals
         0          0         32          0          0          0   (incl. Generated)
        20          0          0          0          0          0   (incl. Padding)

    ----------------------------------------------------------------------

      Code (inc. data)   RO Data    RW Data    ZI Data      Debug   Library Member Name

        56          6          0          0          0         88   __2snprintf.o
        44          6          0          0          0         84   __2sprintf.o
         8          0          0          0          0         68   __main.o
       392          4         17          0          0         92   __printf_flags_ss_wp.o
        14          0          0          0          0         68   __printf_wp.o
         0          0          0          0          0          0   __rtentry.o
        12          0          0          0          0          0   __rtentry2.o
         6          0          0          0          0          0   __rtentry4.o
        52          8          0          0          0          0   __scatter.o
        26          0          0          0          0          0   __scatter_copy.o
        28          0          0          0          0          0   __scatter_zi.o
         6          0          0          0          0          0   _printf_a.o
         6          0          0          0          0          0   _printf_c.o
        44          0          0          0          0        108   _printf_char.o
        48          6          0          0          0         96   _printf_char_common.o
        40          0          0          0          0         68   _printf_charcount.o
         6          0          0          0          0          0   _printf_d.o
       120         16          0          0          0         92   _printf_dec.o
         6          0          0          0          0          0   _printf_e.o
         6          0          0          0          0          0   _printf_f.o
      1054          0          0          0          0        216   _printf_fp_dec.o
       764          8         38          0          0        100   _printf_fp_hex.o
       128         16          0          0          0         84   _printf_fp_infnan.o
         6          0          0          0          0          0   _printf_g.o
       148          4         40          0          0        160   _printf_hex_int_ll_ptr.o
         6          0          0          0          0          0   _printf_i.o
       178          0          0          0          0         88   _printf_intcommon.o
        10          0          0          0          0          0   _printf_l.o
         6          0          0          0          0          0   _printf_lc.o
        10          0          0          0          0          0   _printf_ll.o
         6          0          0          0          0          0   _printf_lld.o
         6          0          0          0          0          0   _printf_lli.o
         6          0          0          0          0          0   _printf_llo.o
         6          0          0          0          0          0   _printf_llu.o
         6          0          0          0          0          0   _printf_llx.o
       124         16          0          0          0         92   _printf_longlong_dec.o
         6          0          0          0          0          0   _printf_ls.o
         6          0          0          0          0          0   _printf_n.o
         6          0          0          0          0          0   _printf_o.o
       112         10          0          0          0        124   _printf_oct_int_ll.o
         6          0          0          0          0          0   _printf_p.o
        78          0          0          0          0        108   _printf_pad.o
         0          0          0          0          0          0   _printf_percent.o
         4          0          0          0          0          0   _printf_percent_end.o
         6          0          0          0          0          0   _printf_s.o
        82          0          0          0          0         80   _printf_str.o
        36          0          0          0          0         84   _printf_truncate.o
         6          0          0          0          0          0   _printf_u.o
        44          0          0          0          0        108   _printf_wchar.o
       188          6          8          0          0         92   _printf_wctomb.o
         6          0          0          0          0          0   _printf_x.o
        16          0          0          0          0         68   _snputc.o
        10          0          0          0          0         68   _sputc.o
        64          0          0          0          0         92   _wcrtomb.o
       228          4        148          0          0         96   bigflt0.o
      1936        128          0          0          0        672   btod.o
        18          0          0          0          0         80   exit.o
         6          0          0          0          0        152   heapauxi.o
         0          0          0          0          0          0   indicate_semi.o
        44         10        272          0          0         76   lc_ctype_c.o
        44         10         28          0          0         76   lc_numeric_c.o
         2          0          0          0          0          0   libinit.o
        30          0          0          0          0          0   libinit2.o
         2          0          0          0          0          0   libshutdown.o
         2          0          0          0          0          0   libshutdown2.o
         8          4          0          0         96         68   libspace.o
       138          0          0          0          0         80   lludiv10.o
        16          4          0          0          0         76   rt_ctype_table.o
         8          4          0          0          0         68   rt_locale_intlibspace.o
        78          0          0          0          0         80   rt_memclr_w.o
       138          0          0          0          0         68   rt_memcpy_v6.o
       100          0          0          0          0         80   rt_memcpy_w.o
         2          0          0          0          0          0   rtexit.o
        10          0          0          0          0          0   rtexit2.o
       128          0          0          0          0         68   strcmpv7m.o
        62          0          0          0          0         76   strlen.o
        12          4          0          0          0         68   sys_exit.o
        74          0          0          0          0         80   sys_stackheap_outer.o
         2          0          0          0          0         68   use_no_semi.o
        52          4          0          0          0         80   vsnprintf.o
         4          0          0          0          0         68   printf1.o
         4          0          0          0          0         68   printf2.o
         0          0          0          0          0          0   usenofp.o
        40          0          0          0          0         68   fpclassify.o

    ----------------------------------------------------------------------
      7260        278        554          0        100       4644   Library Totals
        12          0          3          0          4          0   (incl. Padding)

    ----------------------------------------------------------------------

      Code (inc. data)   RO Data    RW Data    ZI Data      Debug   Library Name

      7200        278        551          0         96       4440   c_w.l
         8          0          0          0          0        136   fz_ws.l
        40          0          0          0          0         68   m_ws.l

    ----------------------------------------------------------------------
      7260        278        554          0        100       4644   Library Totals

    ----------------------------------------------------------------------

==============================================================================


      Code (inc. data)   RO Data    RW Data    ZI Data      Debug   

     16524       1224        864         68      10116     979490   Grand Totals
     16524       1224        864         68      10116     979490   ELF Image Totals
     16524       1224        864         68          0          0   ROM Totals

==============================================================================

    Total RO  Size (Code + RO Data)                17388 (  16.98kB)
    Total RW  Size (RW Data + ZI Data)             10184 (   9.95kB)
    Total ROM Size (Code + RO Data + RW Data)      17456 (  17.05kB)

==============================================================================

