Component: ARM Compiler 5.06 update 5 (build 528) Tool: armlink [4d35e2]

==============================================================================

Section Cross References

    startup_stm32f103xb.o(STACK) refers (Special) to heapauxi.o(.text) for __use_two_region_memory
    startup_stm32f103xb.o(HEAP) refers (Special) to heapauxi.o(.text) for __use_two_region_memory
    startup_stm32f103xb.o(RESET) refers (Special) to heapauxi.o(.text) for __use_two_region_memory
    startup_stm32f103xb.o(RESET) refers to startup_stm32f103xb.o(STACK) for __initial_sp
    startup_stm32f103xb.o(RESET) refers to startup_stm32f103xb.o(.text) for Reset_Handler
    startup_stm32f103xb.o(RESET) refers to stm32f1xx_it.o(i.NMI_Handler) for NMI_Handler
    startup_stm32f103xb.o(RESET) refers to stm32f1xx_it.o(i.HardFault_Handler) for HardFault_Handler
    startup_stm32f103xb.o(RESET) refers to stm32f1xx_it.o(i.MemManage_Handler) for MemManage_Handler
    startup_stm32f103xb.o(RESET) refers to stm32f1xx_it.o(i.BusFault_Handler) for BusFault_Handler
    startup_stm32f103xb.o(RESET) refers to stm32f1xx_it.o(i.UsageFault_Handler) for UsageFault_Handler
    startup_stm32f103xb.o(RESET) refers to stm32f1xx_it.o(i.SVC_Handler) for SVC_Handler
    startup_stm32f103xb.o(RESET) refers to stm32f1xx_it.o(i.DebugMon_Handler) for DebugMon_Handler
    startup_stm32f103xb.o(RESET) refers to rtos.o(.emb_text) for PendSV_Handler
    startup_stm32f103xb.o(RESET) refers to rtos.o(i.SysTick_Handler) for SysTick_Handler
    startup_stm32f103xb.o(RESET) refers to stm32f1xx_it.o(i.DMA1_Channel7_IRQHandler) for DMA1_Channel7_IRQHandler
    startup_stm32f103xb.o(RESET) refers to stm32f1xx_it.o(i.TIM1_UP_IRQHandler) for TIM1_UP_IRQHandler
    startup_stm32f103xb.o(RESET) refers to stm32f1xx_it.o(i.USART2_IRQHandler) for USART2_IRQHandler
    startup_stm32f103xb.o(RESET) refers to stm32f1xx_it.o(i.EXTI15_10_IRQHandler) for EXTI15_10_IRQHandler
    startup_stm32f103xb.o(.text) refers (Special) to heapauxi.o(.text) for __use_two_region_memory
    startup_stm32f103xb.o(.text) refers to system_stm32f1xx_1.o(i.SystemInit) for SystemInit
    startup_stm32f103xb.o(.text) refers to __main.o(!!!main) for __main
    startup_stm32f103xb.o(.text) refers to startup_stm32f103xb.o(HEAP) for Heap_Mem
    startup_stm32f103xb.o(.text) refers to startup_stm32f103xb.o(STACK) for Stack_Mem
    rtos.o(.emb_text) refers to rtos.o(i.TaskSwitch) for TaskSwitch
    rtos.o(.emb_text) refers to rtos.o(.data) for runninglist
    rtos.o(i.IdleTask_Entry) refers to rtos.o(i.my_os_free) for my_os_free
    rtos.o(i.IdleTask_Entry) refers to rtos.o(.data) for .data
    rtos.o(i.MutexCreate) refers to rtos.o(i.my_os_malloc) for my_os_malloc
    rtos.o(i.MutexGive) refers to rtos.o(i.taskMoveInReady) for taskMoveInReady
    rtos.o(i.MutexGive) refers to rtos.o(.data) for .data
    rtos.o(i.MutexTake) refers to rtos.o(i.taskMoveOutList) for taskMoveOutList
    rtos.o(i.MutexTake) refers to rtos.o(i.taskMoveInReady) for taskMoveInReady
    rtos.o(i.MutexTake) refers to rtos.o(.data) for .data
    rtos.o(i.QueueCreate) refers to rtos.o(i.my_os_malloc) for my_os_malloc
    rtos.o(i.QueueCreate) refers to rtos.o(i.my_os_free) for my_os_free
    rtos.o(i.QueueReceive) refers to rt_memcpy_v6.o(.text) for __aeabi_memcpy
    rtos.o(i.QueueReceive) refers to rtos.o(i.taskMoveInReady) for taskMoveInReady
    rtos.o(i.QueueReceive) refers to rtos.o(.data) for .data
    rtos.o(i.QueueSend) refers to rt_memcpy_v6.o(.text) for __aeabi_memcpy
    rtos.o(i.QueueSend) refers to rtos.o(i.taskMoveInReady) for taskMoveInReady
    rtos.o(i.QueueSend) refers to rtos.o(.data) for .data
    rtos.o(i.SemaphoreCreate) refers to rtos.o(i.my_os_malloc) for my_os_malloc
    rtos.o(i.SemaphoreGive) refers to rtos.o(i.taskMoveInReady) for taskMoveInReady
    rtos.o(i.SemaphoreTake) refers to rtos.o(.data) for .data
    rtos.o(i.StartScheduler) refers to rtos.o(i.__NVIC_SetPriority) for __NVIC_SetPriority
    rtos.o(i.StartScheduler) refers to rtos.o(i.TaskCreate) for TaskCreate
    rtos.o(i.StartScheduler) refers to strlen.o(.text) for strlen
    rtos.o(i.StartScheduler) refers to stm32f1xx_hal_uart.o(i.HAL_UART_Transmit) for HAL_UART_Transmit
    rtos.o(i.StartScheduler) refers to rtos.o(.data) for .data
    rtos.o(i.StartScheduler) refers to rtos.o(i.IdleTask_Entry) for IdleTask_Entry
    rtos.o(i.StartScheduler) refers to usart.o(.bss) for huart2
    rtos.o(i.StartScheduler) refers to system_stm32f1xx_1.o(.data) for SystemCoreClock
    rtos.o(i.SysTick_Handler) refers to _printf_percent.o(.ARM.Collect$$_printf_percent$$00000000) for _printf_percent
    rtos.o(i.SysTick_Handler) refers to _printf_s.o(.ARM.Collect$$_printf_percent$$00000014) for _printf_s
    rtos.o(i.SysTick_Handler) refers to _printf_str.o(.text) for _printf_str
    rtos.o(i.SysTick_Handler) refers to stm32f1xx_hal.o(i.HAL_IncTick) for HAL_IncTick
    rtos.o(i.SysTick_Handler) refers to stm32f1xx_hal_iwdg.o(i.HAL_IWDG_Refresh) for HAL_IWDG_Refresh
[...]
    i.QueueSend                              0x08007778   Section        0  rtos.o(i.QueueSend)
    i.SVC_Handler                            0x08007828   Section        0  stm32f1xx_it.o(i.SVC_Handler)
    i.SemaphoreCreate                        0x0800782a   Section        0  rtos.o(i.SemaphoreCreate)
    i.SemaphoreGive                          0x08007848   Section        0  rtos.o(i.SemaphoreGive)
    i.SemaphoreTake                          0x08007874   Section        0  rtos.o(i.SemaphoreTake)
    i.StartScheduler                         0x080078d8   Section        0  rtos.o(i.StartScheduler)
    i.SysTick_Handler                        0x08007994   Section        0  rtos.o(i.SysTick_Handler)
    i.SystemClock_Config                     0x08007a98   Section        0  main.o(i.SystemClock_Config)
    i.SystemInit                             0x08007afc   Section        0  system_stm32f1xx_1.o(i.SystemInit)
    i.TIM1_UP_IRQHandler                     0x08007b0c   Section        0  stm32f1xx_it.o(i.TIM1_UP_IRQHandler)
    i.TIM_Base_SetConfig                     0x08007b18   Section        0  stm32f1xx_hal_tim.o(i.TIM_Base_SetConfig)
    i.TIM_CCxChannelCmd                      0x08007b90   Section        0  stm32f1xx_hal_tim.o(i.TIM_CCxChannelCmd)
    i.TIM_ETR_SetConfig                      0x08007baa   Section        0  stm32f1xx_hal_tim.o(i.TIM_ETR_SetConfig)
    i.TIM_ITRx_SetConfig                     0x08007bbe   Section        0  stm32f1xx_hal_tim.o(i.TIM_ITRx_SetConfig)
    TIM_ITRx_SetConfig                       0x08007bbf   Thumb Code    16  stm32f1xx_hal_tim.o(i.TIM_ITRx_SetConfig)
    i.TIM_OC1_SetConfig                      0x08007bd0   Section        0  stm32f1xx_hal_tim.o(i.TIM_OC1_SetConfig)
    TIM_OC1_SetConfig                        0x08007bd1   Thumb Code    74  stm32f1xx_hal_tim.o(i.TIM_OC1_SetConfig)
    i.TIM_OC2_SetConfig                      0x08007c20   Section        0  stm32f1xx_hal_tim.o(i.TIM_OC2_SetConfig)
    i.TIM_OC3_SetConfig                      0x08007c78   Section        0  stm32f1xx_hal_tim.o(i.TIM_OC3_SetConfig)
    TIM_OC3_SetConfig                        0x08007c79   Thumb Code    82  stm32f1xx_hal_tim.o(i.TIM_OC3_SetConfig)
    i.TIM_OC4_SetConfig                      0x08007cd0   Section        0  stm32f1xx_hal_tim.o(i.TIM_OC4_SetConfig)
    TIM_OC4_SetConfig                        0x08007cd1   Thumb Code    64  stm32f1xx_hal_tim.o(i.TIM_OC4_SetConfig)
    i.TIM_TI1_ConfigInputStage               0x08007d14   Section        0  stm32f1xx_hal_tim.o(i.TIM_TI1_ConfigInputStage)
    TIM_TI1_ConfigInputStage                 0x08007d15   Thumb Code    34  stm32f1xx_hal_tim.o(i.TIM_TI1_ConfigInputStage)
    i.TIM_TI2_ConfigInputStage               0x08007d36   Section        0  stm32f1xx_hal_tim.o(i.TIM_TI2_ConfigInputStage)
    TIM_TI2_ConfigInputStage                 0x08007d37   Thumb Code    36  stm32f1xx_hal_tim.o(i.TIM_TI2_ConfigInputStage)
    i.Task1_Entry                            0x08007d5c   Section        0  main.o(i.Task1_Entry)
    i.Task2_Entry                            0x08007df8   Section        0  main.o(i.Task2_Entry)
    i.Task3_Entry                            0x08007e24   Section        0  main.o(i.Task3_Entry)
    i.TaskCreate                             0x08007e50   Section        0  rtos.o(i.TaskCreate)
    i.TaskDelete                             0x08007f24   Section        0  rtos.o(i.TaskDelete)
    i.TaskSwitch                             0x08007f60   Section        0  rtos.o(i.TaskSwitch)
    i.UART_DMAAbortOnError                   0x08007fe4   Section        0  stm32f1xx_hal_uart.o(i.UART_DMAAbortOnError)
    UART_DMAAbortOnError                     0x08007fe5   Thumb Code    16  stm32f1xx_hal_uart.o(i.UART_DMAAbortOnError)
    i.UART_DMAError                          0x08007ff4   Section        0  stm32f1xx_hal_uart.o(i.UART_DMAError)
    UART_DMAError                            0x08007ff5   Thumb Code    74  stm32f1xx_hal_uart.o(i.UART_DMAError)
    i.UART_DMATransmitCplt                   0x0800803e   Section        0  stm32f1xx_hal_uart.o(i.UART_DMATransmitCplt)
    UART_DMATransmitCplt                     0x0800803f   Thumb Code    66  stm32f1xx_hal_uart.o(i.UART_DMATransmitCplt)
    i.UART_DMATxHalfCplt                     0x08008080   Section        0  stm32f1xx_hal_uart.o(i.UART_DMATxHalfCplt)
    UART_DMATxHalfCplt                       0x08008081   Thumb Code    10  stm32f1xx_hal_uart.o(i.UART_DMATxHalfCplt)
    i.UART_EndRxTransfer                     0x0800808a   Section        0  stm32f1xx_hal_uart.o(i.UART_EndRxTransfer)
    UART_EndRxTransfer                       0x0800808b   Thumb Code    78  stm32f1xx_hal_uart.o(i.UART_EndRxTransfer)
    i.UART_EndTxTransfer                     0x080080d8   Section        0  stm32f1xx_hal_uart.o(i.UART_EndTxTransfer)
    UART_EndTxTransfer                       0x080080d9   Thumb Code    28  stm32f1xx_hal_uart.o(i.UART_EndTxTransfer)
    i.UART_Receive_IT                        0x080080f4   Section        0  stm32f1xx_hal_uart.o(i.UART_Receive_IT)
    UART_Receive_IT                          0x080080f5   Thumb Code   194  stm32f1xx_hal_uart.o(i.UART_Receive_IT)
    i.UART_SetConfig                         0x080081b8   Section        0  stm32f1xx_hal_uart.o(i.UART_SetConfig)
    UART_SetConfig                           0x080081b9   Thumb Code   178  stm32f1xx_hal_uart.o(i.UART_SetConfig)
    i.UART_WaitOnFlagUntilTimeout            0x08008270   Section        0  stm32f1xx_hal_uart.o(i.UART_WaitOnFlagUntilTimeout)
    UART_WaitOnFlagUntilTimeout              0x08008271   Thumb Code   114  stm32f1xx_hal_uart.o(i.UART_WaitOnFlagUntilTimeout)
    i.USART2_IRQHandler                      0x080082e4   Section        0  stm32f1xx_it.o(i.USART2_IRQHandler)
    i.UsageFault_Handler                     0x080082f0   Section        0  stm32f1xx_it.o(i.UsageFault_Handler)
    i.__ARM_fpclassify                       0x080082f2   Section        0  fpclassify.o(i.__ARM_fpclassify)
    i.__NVIC_SetPriority                     0x0800831a   Section        0  rtos.o(i.__NVIC_SetPriority)
    __NVIC_SetPriority                       0x0800831b   Thumb Code    32  rtos.o(i.__NVIC_SetPriority)
    i.__NVIC_SetPriority                     0x0800833a   Section        0  stm32f1xx_hal_cortex.o(i.__NVIC_SetPriority)
    __NVIC_SetPriority                       0x0800833b   Thumb Code    32  stm32f1xx_hal_cortex.o(i.__NVIC_SetPriority)
    i._is_digit                              0x0800835a   Section        0  __printf_wp.o(i._is_digit)
    i.ledtask                                0x08008368   Section        0  main.o(i.ledtask)
    i.main                                   0x08008424   Section        0  main.o(i.main)
    i.my_os_free                             0x08008568   Section        0  rtos.o(i.my_os_free)
    i.my_os_heap_init                        0x080085c0   Section        0  rtos.o(i.my_os_heap_init)
    i.my_os_malloc                           0x080085dc   Section        0  rtos.o(i.my_os_malloc)
    i.pwmtask                                0x08008638   Section        0  main.o(i.pwmtask)
    i.taskMoveInReady                        0x0800868c   Section        0  rtos.o(i.taskMoveInReady)
    i.taskMoveOutList                        0x080086ec   Section        0  rtos.o(i.taskMoveOutList)
    i.taskdelay                              0x08008764   Section        0  rtos.o(i.taskdelay)
    locale$$code                             0x080087cc   Section       44  lc_numeric_c.o(locale$$code)
    locale$$code                             0x080087f8   Section       44  lc_ctype_c.o(locale$$code)
    x$fpl$printf1                            0x08008824   Section        4  printf1.o(x$fpl$printf1)
    x$fpl$printf2                            0x08008828   Section        4  printf2.o(x$fpl$printf2)
    .constdata                               0x0800882c   Section       18  stm32f1xx_hal_rcc.o(.constdata)
    x$fpl$usenofp                            0x0800882c   Section        0  usenofp.o(x$fpl$usenofp)
    aPredivFactorTable                       0x0800882c   Data           2  stm32f1xx_hal_rcc.o(.constdata)
    aPLLMULFactorTable                       0x0800882e   Data          16  stm32f1xx_hal_rcc.o(.constdata)
    .constdata                               0x0800883e   Section       16  system_stm32f1xx_1.o(.constdata)
    .constdata                               0x0800884e   Section        8  system_stm32f1xx_1.o(.constdata)
    .constdata                               0x08008856   Section       17  __printf_flags_ss_wp.o(.constdata)
    maptable                                 0x08008856   Data          17  __printf_flags_ss_wp.o(.constdata)
    .constdata                               0x08008868   Section        8  _printf_wctomb.o(.constdata)
    initial_mbstate                          0x08008868   Data           8  _printf_wctomb.o(.constdata)
    .constdata                               0x08008870   Section       40  _printf_hex_int_ll_ptr.o(.constdata)
    uc_hextab                                0x08008870   Data          20  _printf_hex_int_ll_ptr.o(.constdata)
    lc_hextab                                0x08008884   Data          20  _printf_hex_int_ll_ptr.o(.constdata)
    .constdata                               0x08008898   Section       38  _printf_fp_hex.o(.constdata)
    lc_hextab                                0x08008898   Data          19  _printf_fp_hex.o(.constdata)
    uc_hextab                                0x080088ab   Data          19  _printf_fp_hex.o(.constdata)
    .constdata                               0x080088c0   Section      148  bigflt0.o(.constdata)
    tenpwrs_x                                0x080088c0   Data          60  bigflt0.o(.constdata)
    tenpwrs_i                                0x080088fc   Data          64  bigflt0.o(.constdata)
    locale$$data                             0x08008974   Section       28  lc_numeric_c.o(locale$$data)
    __lcnum_c_name                           0x08008978   Data           2  lc_numeric_c.o(locale$$data)
    __lcnum_c_start                          0x08008980   Data           0  lc_numeric_c.o(locale$$data)
    __lcnum_c_point                          0x0800898c   Data           0  lc_numeric_c.o(locale$$data)
    __lcnum_c_thousands                      0x0800898e   Data           0  lc_numeric_c.o(locale$$data)
    __lcnum_c_grouping                       0x0800898f   Data           0  lc_numeric_c.o(locale$$data)
    locale$$data                             0x08008990   Section      272  lc_ctype_c.o(locale$$data)
    __lcnum_c_end                            0x08008990   Data           0  lc_numeric_c.o(locale$$data)
    __lcctype_c_name                         0x08008994   Data           2  lc_ctype_c.o(locale$$data)
    __lcctype_c_start                        0x0800899c   Data           0  lc_ctype_c.o(locale$$data)
    __lcctype_c_end                          0x08008aa0   Data           0  lc_ctype_c.o(locale$$data)
    .data                                    0x20000000   Section       36  rtos.o(.data)
    freeListHead                             0x20000014   Data           4  rtos.o(.data)
    .data                                    0x20000024   Section       20  main.o(.data)
    x                                        0x20000034   Data           4  main.o(.data)
    .data                                    0x20000038   Section       12  stm32f1xx_hal.o(.data)
    .data                                    0x20000044   Section        4  system_stm32f1xx_1.o(.data)
    .bss                                     0x20000048   Section    12352  rtos.o(.bss)
    my_rtos_heap                             0x20000088   Data       12288  rtos.o(.bss)
    .bss                                     0x20003088   Section       12  iwdg.o(.bss)
    .bss                                     0x20003094   Section       72  tim.o(.bss)
    .bss                                     0x200030dc   Section      140  usart.o(.bss)
    .bss                                     0x20003168   Section       72  stm32f1xx_hal_timebase_tim.o(.bss)
    .bss                                     0x200031b0   Section       96  libspace.o(.bss)
    HEAP                                     0x20003210   Section      512  startup_stm32f103xb.o(HEAP)
    Heap_Mem                                 0x20003210   Data         512  startup_stm32f103xb.o(HEAP)
    STACK                                    0x20003410   Section     1024  startup_stm32f103xb.o(STACK)
    Stack_Mem                                0x20003410   Data        1024  startup_stm32f103xb.o(STACK)
    __initial_sp                             0x20003810   Data           0  startup_stm32f103xb.o(STACK)

    Global Symbols

    Symbol Name                              Value     Ov Type        Size  Object(Section)

    BuildAttributes$$THM_ISAv4$P$D$K$B$S$PE$A:L22UL41UL21$X:L11$S22US41US21$IEEE1$IW$USESV6$~STKCKD$USESV7$~SHL$OTIME$ROPI$IEEEJ$EBA8$UX$STANDARDLIB$REQ8$PRES8$EABIv2 0x00000000   Number         0  anon$$obj.o ABSOLUTE
    __ARM_use_no_argv                        0x00000000   Number         0  main.o ABSOLUTE
    _printf_flags                            0x00000000   Number         0  printf_stubs.o ABSOLUTE
    _printf_return_value                     0x00000000   Number         0  printf_stubs.o ABSOLUTE
    _printf_sizespec                         0x00000000   Number         0  printf_stubs.o ABSOLUTE
    _printf_widthprec                        0x00000000   Number         0  printf_stubs.o ABSOLUTE
    __ARM_exceptions_init                     - Undefined Weak Reference
    __alloca_initialize                       - Undefined Weak Reference
    __arm_preinit_                            - Undefined Weak Reference
    __cpp_initialize__aeabi_                  - Undefined Weak Reference
    __cxa_finalize                            - Undefined Weak Reference
    __sigvec_lookup                           - Undefined Weak Reference
    _atexit_init                              - Undefined Weak Reference
    _call_atexit_fns                          - Undefined Weak Reference
    _clock_init                               - Undefined Weak Reference
    _fp_trap_init                             - Undefined Weak Reference
    _fp_trap_shutdown                         - Undefined Weak Reference
    _get_lc_collate                           - Undefined Weak Reference
    _get_lc_monetary                          - Undefined Weak Reference
    _get_lc_time                              - Undefined Weak Reference
    _getenv_init                              - Undefined Weak Reference
    _handle_redirection                       - Undefined Weak Reference
    _init_alloc                               - Undefined Weak Reference
    _init_user_alloc                          - Undefined Weak Reference
    _initio                                   - Undefined Weak Reference
    _printf_mbtowc                            - Undefined Weak Reference
    _printf_wc                                - Undefined Weak Reference
    _rand_init                                - Undefined Weak Reference
    _signal_finish                            - Undefined Weak Reference
    _signal_init                              - Undefined Weak Reference
    _terminate_alloc                          - Undefined Weak Reference
    _terminate_user_alloc                     - Undefined Weak Reference
    _terminateio                              - Undefined Weak Reference
    __Vectors_Size                           0x000000ec   Number         0  startup_stm32f103xb.o ABSOLUTE
    __Vectors                                0x08004000   Data           4  startup_stm32f103xb.o(RESET)
    __Vectors_End                            0x080040ec   Data           0  startup_stm32f103xb.o(RESET)
    __main                                   0x080040ed   Thumb Code     8  __main.o(!!!main)
    __scatterload                            0x080040f5   Thumb Code     0  __scatter.o(!!!scatter)
    __scatterload_rt2                        0x080040f5   Thumb Code    44  __scatter.o(!!!scatter)
    __scatterload_rt2_thumb_only             0x080040f5   Thumb Code     0  __scatter.o(!!!scatter)
    __scatterload_null                       0x08004103   Thumb Code     0  __scatter.o(!!!scatter)
    __scatterload_copy                       0x08004129   Thumb Code    26  __scatter_copy.o(!!handler_copy)
    __scatterload_zeroinit                   0x08004145   Thumb Code    28  __scatter_zi.o(!!handler_zi)
    _printf_n                                0x08004161   Thumb Code     0  _printf_n.o(.ARM.Collect$$_printf_percent$$00000001)
    _printf_percent                          0x08004161   Thumb Code     0  _printf_percent.o(.ARM.Collect$$_printf_percent$$00000000)
    _printf_p                                0x08004167   Thumb Code     0  _printf_p.o(.ARM.Collect$$_printf_percent$$00000002)
    _printf_f                                0x0800416d   Thumb Code     0  _printf_f.o(.ARM.Collect$$_printf_percent$$00000003)
    _printf_e                                0x08004173   Thumb Code     0  _printf_e.o(.ARM.Collect$$_printf_percent$$00000004)
    _printf_g                                0x08004179   Thumb Code     0  _printf_g.o(.ARM.Collect$$_printf_percent$$00000005)
    _printf_a                                0x0800417f   Thumb Code     0  _printf_a.o(.ARM.Collect$$_printf_percent$$00000006)
    _printf_ll                               0x08004185   Thumb Code     0  _printf_ll.o(.ARM.Collect$$_printf_percent$$00000007)
    _printf_i                                0x0800418f   Thumb Code     0  _printf_i.o(.ARM.Collect$$_printf_percent$$00000008)
    _printf_d                                0x08004195   Thumb Code     0  _printf_d.o(.ARM.Collect$$_printf_percent$$00000009)
    _printf_u                                0x0800419b   Thumb Code     0  _printf_u.o(.ARM.Collect$$_printf_percent$$0000000A)
    _printf_o                                0x080041a1   Thumb Code     0  _printf_o.o(.ARM.Collect$$_printf_percent$$0000000B)
    _printf_x                                0x080041a7   Thumb Code     0  _printf_x.o(.ARM.Collect$$_printf_percent$$0000000C)
    _printf_lli                              0x080041ad   Thumb Code     0  _printf_lli.o(.ARM.Collect$$_printf_percent$$0000000D)
    _printf_lld                              0x080041b3   Thumb Code     0  _printf_lld.o(.ARM.Collect$$_printf_percent$$0000000E)
    _printf_llu                              0x080041b9   Thumb Code     0  _printf_llu.o(.ARM.Collect$$_printf_percent$$0000000F)
    _printf_llo                              0x080041bf   Thumb Code     0  _printf_llo.o(.ARM.Collect$$_printf_percent$$00000010)
    _printf_llx                              0x080041c5   Thumb Code     0  _printf_llx.o(.ARM.Collect$$_printf_percent$$00000011)
    _printf_l                                0x080041cb   Thumb Code     0  _printf_l.o(.ARM.Collect$$_printf_percent$$00000012)
    _printf_c                                0x080041d5   Thumb Code     0  _printf_c.o(.ARM.Collect$$_printf_percent$$00000013)
    _printf_s                                0x080041db   Thumb Code     0  _printf_s.o(.ARM.Collect$$_printf_percent$$00000014)
    _printf_lc                               0x080041e1   Thumb Code     0  _printf_lc.o(.ARM.Collect$$_printf_percent$$00000015)
    _printf_ls                               0x080041e7   Thumb Code     0  _printf_ls.o(.ARM.Collect$$_printf_percent$$00000016)
    _printf_percent_end                      0x080041ed   Thumb Code     0  _printf_percent_end.o(.ARM.Collect$$_printf_percent$$00000017)
    __rt_lib_init                            0x080041f1   Thumb Code     0  libinit.o(.ARM.Collect$$libinit$$00000000)
    __rt_lib_init_fp_1                       0x080041f3   Thumb Code     0  libinit2.o(.ARM.Collect$$libinit$$00000002)
    __rt_lib_init_heap_1                     0x080041f3   Thumb Code     0  libinit2.o(.ARM.Collect$$libinit$$0000000A)
    __rt_lib_init_lc_common                  0x080041f3   Thumb Code     0  libinit2.o(.ARM.Collect$$libinit$$0000000F)
    __rt_lib_init_preinit_1                  0x080041f3   Thumb Code     0  libinit2.o(.ARM.Collect$$libinit$$00000004)
    __rt_lib_init_rand_1                     0x080041f3   Thumb Code     0  libinit2.o(.ARM.Collect$$libinit$$0000000E)
    __rt_lib_init_user_alloc_1               0x080041f3   Thumb Code     0  libinit2.o(.ARM.Collect$$libinit$$0000000C)
    __rt_lib_init_lc_collate_1               0x080041f9   Thumb Code     0  libinit2.o(.ARM.Collect$$libinit$$00000011)
    __rt_lib_init_lc_ctype_2                 0x080041f9   Thumb Code     0  libinit2.o(.ARM.Collect$$libinit$$00000012)
    __rt_lib_init_lc_ctype_1                 0x08004205   Thumb Code     0  libinit2.o(.ARM.Collect$$libinit$$00000013)
    __rt_lib_init_lc_monetary_1              0x08004205   Thumb Code     0  libinit2.o(.ARM.Collect$$libinit$$00000015)
    __rt_lib_init_lc_numeric_2               0x08004205   Thumb Code     0  libinit2.o(.ARM.Collect$$libinit$$00000016)
    __rt_lib_init_alloca_1                   0x0800420f   Thumb Code     0  libinit2.o(.ARM.Collect$$libinit$$0000002E)
    __rt_lib_init_argv_1                     0x0800420f   Thumb Code     0  libinit2.o(.ARM.Collect$$libinit$$0000002C)
    __rt_lib_init_atexit_1                   0x0800420f   Thumb Code     0  libinit2.o(.ARM.Collect$$libinit$$0000001B)
    __rt_lib_init_clock_1                    0x0800420f   Thumb Code     0  libinit2.o(.ARM.Collect$$libinit$$00000021)
    __rt_lib_init_cpp_1                      0x0800420f   Thumb Code     0  libinit2.o(.ARM.Collect$$libinit$$00000032)
    __rt_lib_init_exceptions_1               0x0800420f   Thumb Code     0  libinit2.o(.ARM.Collect$$libinit$$00000030)
    __rt_lib_init_fp_trap_1                  0x0800420f   Thumb Code     0  libinit2.o(.ARM.Collect$$libinit$$0000001F)
    __rt_lib_init_getenv_1                   0x0800420f   Thumb Code     0  libinit2.o(.ARM.Collect$$libinit$$00000023)
    __rt_lib_init_lc_numeric_1               0x0800420f   Thumb Code     0  libinit2.o(.ARM.Collect$$libinit$$00000017)
    __rt_lib_init_lc_time_1                  0x0800420f   Thumb Code     0  libinit2.o(.ARM.Collect$$libinit$$00000019)
    __rt_lib_init_return                     0x0800420f   Thumb Code     0  libinit2.o(.ARM.Collect$$libinit$$00000033)
    __rt_lib_init_signal_1                   0x0800420f   Thumb Code     0  libinit2.o(.ARM.Collect$$libinit$$0000001D)
    __rt_lib_init_stdio_1                    0x0800420f   Thumb Code     0  libinit2.o(.ARM.Collect$$libinit$$00000025)
    __rt_lib_shutdown                        0x08004211   Thumb Code     0  libshutdown.o(.ARM.Collect$$libshutdown$$00000000)
    __rt_lib_shutdown_cpp_1                  0x08004213   Thumb Code     0  libshutdown2.o(.ARM.Collect$$libshutdown$$00000002)
    __rt_lib_shutdown_fp_trap_1              0x08004213   Thumb Code     0  libshutdown2.o(.ARM.Collect$$libshutdown$$00000007)
    __rt_lib_shutdown_heap_1                 0x08004213   Thumb Code     0  libshutdown2.o(.ARM.Collect$$libshutdown$$0000000F)
    __rt_lib_shutdown_return                 0x08004213   Thumb Code     0  libshutdown2.o(.ARM.Collect$$libshutdown$$00000010)
    __rt_lib_shutdown_signal_1               0x08004213   Thumb Code     0  libshutdown2.o(.ARM.Collect$$libshutdown$$0000000A)
    __rt_lib_shutdown_stdio_1                0x08004213   Thumb Code     0  libshutdown2.o(.ARM.Collect$$libshutdown$$00000004)
    __rt_lib_shutdown_user_alloc_1           0x08004213   Thumb Code     0  libshutdown2.o(.ARM.Collect$$libshutdown$$0000000C)
    __rt_entry                               0x08004215   Thumb Code     0  __rtentry.o(.ARM.Collect$$rtentry$$00000000)
    __rt_entry_presh_1                       0x08004215   Thumb Code     0  __rtentry2.o(.ARM.Collect$$rtentry$$00000002)
    __rt_entry_sh                            0x08004215   Thumb Code     0  __rtentry4.o(.ARM.Collect$$rtentry$$00000004)
    __rt_entry_li                            0x0800421b   Thumb Code     0  __rtentry2.o(.ARM.Collect$$rtentry$$0000000A)
    __rt_entry_postsh_1                      0x0800421b   Thumb Code     0  __rtentry2.o(.ARM.Collect$$rtentry$$00000009)
    __rt_entry_main                          0x0800421f   Thumb Code     0  __rtentry2.o(.ARM.Collect$$rtentry$$0000000D)
    __rt_entry_postli_1                      0x0800421f   Thumb Code     0  __rtentry2.o(.ARM.Collect$$rtentry$$0000000C)
    __rt_exit                                0x08004227   Thumb Code     0  rtexit.o(.ARM.Collect$$rtexit$$00000000)
    __rt_exit_ls                             0x08004229   Thumb Code     0  rtexit2.o(.ARM.Collect$$rtexit$$00000003)
    __rt_exit_prels_1                        0x08004229   Thumb Code     0  rtexit2.o(.ARM.Collect$$rtexit$$00000002)
    __rt_exit_exit                           0x0800422d   Thumb Code     0  rtexit2.o(.ARM.Collect$$rtexit$$00000004)
    PendSV_Handler                           0x08004235   Thumb Code    52  rtos.o(.emb_text)
    Reset_Handler                            0x0800426d   Thumb Code     8  startup_stm32f103xb.o(.text)
    ADC1_2_IRQHandler                        0x08004287   Thumb Code     0  startup_stm32f103xb.o(.text)
    CAN1_RX1_IRQHandler                      0x08004287   Thumb Code     0  startup_stm32f103xb.o(.text)
    CAN1_SCE_IRQHandler                      0x08004287   Thumb Code     0  startup_stm32f103xb.o(.text)
    DMA1_Channel1_IRQHandler                 0x08004287   Thumb Code     0  startup_stm32f103xb.o(.text)
    DMA1_Channel2_IRQHandler                 0x08004287   Thumb Code     0  startup_stm32f103xb.o(.text)
    DMA1_Channel3_IRQHandler                 0x08004287   Thumb Code     0  startup_stm32f103xb.o(.text)
    DMA1_Channel4_IRQHandler                 0x08004287   Thumb Code     0  startup_stm32f103xb.o(.text)
    DMA1_Channel5_IRQHandler                 0x08004287   Thumb Code     0  startup_stm32f103xb.o(.text)
    DMA1_Channel6_IRQHandler                 0x08004287   Thumb Code     0  startup_stm32f103xb.o(.text)
    EXTI0_IRQHandler                         0x08004287   Thumb Code     0  startup_stm32f103xb.o(.text)
    EXTI1_IRQHandler                         0x08004287   Thumb Code     0  startup_stm32f103xb.o(.text)
    EXTI2_IRQHandler                         0x08004287   Thumb Code     0  startup_stm32f103xb.o(.text)
    EXTI3_IRQHandler                         0x08004287   Thumb Code     0  startup_stm32f103xb.o(.text)
    EXTI4_IRQHandler                         0x08004287   Thumb Code     0  startup_stm32f103xb.o(.text)
    EXTI9_5_IRQHandler                       0x08004287   Thumb Code     0  startup_stm32f103xb.o(.text)
    FLASH_IRQHandler                         0x08004287   Thumb Code     0  startup_stm32f103xb.o(.text)
    I2C1_ER_IRQHandler                       0x08004287   Thumb Code     0  startup_stm32f103xb.o(.text)
    I2C1_EV_IRQHandler                       0x08004287   Thumb Code     0  startup_stm32f103xb.o(.text)
    I2C2_ER_IRQHandler                       0x08004287   Thumb Code     0  startup_stm32f103xb.o(.text)
    I2C2_EV_IRQHandler                       0x08004287   Thumb Code     0  startup_stm32f103xb.o(.text)
    PVD_IRQHandler                           0x08004287   Thumb Code     0  startup_stm32f103xb.o(.text)
    RCC_IRQHandler                           0x08004287   Thumb Code     0  startup_stm32f103xb.o(.text)
    RTC_Alarm_IRQHandler                     0x08004287   Thumb Code     0  startup_stm32f103xb.o(.text)
    RTC_IRQHandler                           0x08004287   Thumb Code     0  startup_stm32f103xb.o(.text)
    SPI1_IRQHandler                          0x08004287   Thumb Code     0  startup_stm32f103xb.o(.text)
    SPI2_IRQHandler                          0x08004287   Thumb Code     0  startup_stm32f103xb.o(.text)
    TAMPER_IRQHandler                        0x08004287   Thumb Code     0  startup_stm32f103xb.o(.text)
    TIM1_BRK_IRQHandler                      0x08004287   Thumb Code     0  startup_stm32f103xb.o(.text)
    TIM1_CC_IRQHandler                       0x08004287   Thumb Code     0  startup_stm32f103xb.o(.text)
    TIM1_TRG_COM_IRQHandler                  0x08004287   Thumb Code     0  startup_stm32f103xb.o(.text)
    TIM2_IRQHandler                          0x08004287   Thumb Code     0  startup_stm32f103xb.o(.text)
    TIM3_IRQHandler                          0x08004287   Thumb Code     0  startup_stm32f103xb.o(.text)
    TIM4_IRQHandler                          0x08004287   Thumb Code     0  startup_stm32f103xb.o(.text)
    USART1_IRQHandler                        0x08004287   Thumb Code     0  startup_stm32f103xb.o(.text)
    USART3_IRQHandler                        0x08004287   Thumb Code     0  startup_stm32f103xb.o(.text)
    USBWakeUp_IRQHandler                     0x08004287   Thumb Code     0  startup_stm32f103xb.o(.text)
    USB_HP_CAN1_TX_IRQHandler                0x08004287   Thumb Code     0  startup_stm32f103xb.o(.text)
    USB_LP_CAN1_RX0_IRQHandler               0x08004287   Thumb Code     0  startup_stm32f103xb.o(.text)
    WWDG_IRQHandler                          0x08004287   Thumb Code     0  startup_stm32f103xb.o(.text)
    __user_initial_stackheap                 0x08004289   Thumb Code     0  startup_stm32f103xb.o(.text)
    vsnprintf                                0x080042ad   Thumb Code    48  vsnprintf.o(.text)
    __2sprintf                               0x080042e1   Thumb Code    38  __2sprintf.o(.text)
    __2snprintf                              0x0800430d   Thumb Code    50  __2snprintf.o(.text)
    _printf_str                              0x08004345   Thumb Code    82  _printf_str.o(.text)
    _printf_int_dec                          0x08004399   Thumb Code   104  _printf_dec.o(.text)
    __printf                                 0x08004411   Thumb Code   388  __printf_flags_ss_wp.o(.text)
    strlen                                   0x08004599   Thumb Code    62  strlen.o(.text)
    __aeabi_memcpy                           0x080045d7   Thumb Code     0  rt_memcpy_v6.o(.text)
    __rt_memcpy                              0x080045d7   Thumb Code   138  rt_memcpy_v6.o(.text)
    _memcpy_lastbytes                        0x0800463d   Thumb Code     0  rt_memcpy_v6.o(.text)
    __aeabi_memclr4                          0x08004661   Thumb Code     0  rt_memclr_w.o(.text)
    __aeabi_memclr8                          0x08004661   Thumb Code     0  rt_memclr_w.o(.text)
    __rt_memclr_w                            0x08004661   Thumb Code    78  rt_memclr_w.o(.text)
    _memset_w                                0x08004665   Thumb Code     0  rt_memclr_w.o(.text)
    __use_two_region_memory                  0x080046af   Thumb Code     2  heapauxi.o(.text)
    __rt_heap_escrow$2region                 0x080046b1   Thumb Code     2  heapauxi.o(.text)
    __rt_heap_expand$2region                 0x080046b3   Thumb Code     2  heapauxi.o(.text)
    _printf_pre_padding                      0x080046b5   Thumb Code    44  _printf_pad.o(.text)
    _printf_post_padding                     0x080046e1   Thumb Code    34  _printf_pad.o(.text)
    _printf_truncate_signed                  0x08004703   Thumb Code    18  _printf_truncate.o(.text)
    _printf_truncate_unsigned                0x08004715   Thumb Code    18  _printf_truncate.o(.text)
    _printf_int_common                       0x08004727   Thumb Code   178  _printf_intcommon.o(.text)
    _printf_charcount                        0x080047d9   Thumb Code    40  _printf_charcount.o(.text)
    _printf_char_common                      0x0800480b   Thumb Code    32  _printf_char_common.o(.text)
    _sputc                                   0x08004831   Thumb Code    10  _sputc.o(.text)
    _snputc                                  0x0800483b   Thumb Code    16  _snputc.o(.text)
    _printf_cs_common                        0x0800484b   Thumb Code    20  _printf_char.o(.text)
    _printf_char                             0x0800485f   Thumb Code    16  _printf_char.o(.text)
    _printf_string                           0x0800486f   Thumb Code     8  _printf_char.o(.text)
    _printf_wctomb                           0x08004879   Thumb Code   182  _printf_wctomb.o(.text)
    _printf_longlong_dec                     0x08004935   Thumb Code   108  _printf_longlong_dec.o(.text)
    _printf_longlong_oct                     0x080049b1   Thumb Code    66  _printf_oct_int_ll.o(.text)
    _printf_int_oct                          0x080049f3   Thumb Code    24  _printf_oct_int_ll.o(.text)
    _printf_ll_oct                           0x08004a0b   Thumb Code    12  _printf_oct_int_ll.o(.text)
    _printf_longlong_hex                     0x08004a21   Thumb Code    86  _printf_hex_int_ll_ptr.o(.text)
    _printf_int_hex                          0x08004a77   Thumb Code    28  _printf_hex_int_ll_ptr.o(.text)
    _printf_ll_hex                           0x08004a93   Thumb Code    12  _printf_hex_int_ll_ptr.o(.text)
    _printf_hex_ptr                          0x08004a9f   Thumb Code    18  _printf_hex_int_ll_ptr.o(.text)
    __aeabi_memcpy4                          0x08004ab5   Thumb Code     0  rt_memcpy_w.o(.text)
    __aeabi_memcpy8                          0x08004ab5   Thumb Code     0  rt_memcpy_w.o(.text)
    __rt_memcpy_w                            0x08004ab5   Thumb Code   100  rt_memcpy_w.o(.text)
    _memcpy_lastbytes_aligned                0x08004afd   Thumb Code     0  rt_memcpy_w.o(.text)
    _ll_udiv10                               0x08004b19   Thumb Code   138  lludiv10.o(.text)
    __lib_sel_fp_printf                      0x08004ba3   Thumb Code     2  _printf_fp_dec.o(.text)
    _printf_fp_dec_real                      0x08004d55   Thumb Code   620  _printf_fp_dec.o(.text)
    _printf_fp_hex_real                      0x08004fc1   Thumb Code   756  _printf_fp_hex.o(.text)
    _printf_lcs_common                       0x080052bd   Thumb Code    20  _printf_wchar.o(.text)
    _printf_wchar                            0x080052d1   Thumb Code    16  _printf_wchar.o(.text)
    _printf_wstring                          0x080052e1   Thumb Code     8  _printf_wchar.o(.text)
    _wcrtomb                                 0x080052e9   Thumb Code    64  _wcrtomb.o(.text)
    __user_setup_stackheap                   0x08005329   Thumb Code    74  sys_stackheap_outer.o(.text)
    __rt_ctype_table                         0x08005375   Thumb Code    16  rt_ctype_table.o(.text)
    __rt_locale                              0x08005385   Thumb Code     8  rt_locale_intlibspace.o(.text)
    _printf_fp_infnan                        0x0800538d   Thumb Code   112  _printf_fp_infnan.o(.text)
    _btod_etento                             0x0800540d   Thumb Code   224  bigflt0.o(.text)
    exit                                     0x080054f1   Thumb Code    18  exit.o(.text)
    __user_libspace                          0x08005505   Thumb Code     8  libspace.o(.text)
    __user_perproc_libspace                  0x08005505   Thumb Code     0  libspace.o(.text)
    __user_perthread_libspace                0x08005505   Thumb Code     0  libspace.o(.text)
    strcmp                                   0x0800550d   Thumb Code   128  strcmpv7m.o(.text)
    _sys_exit                                0x0800558d   Thumb Code     8  sys_exit.o(.text)
    __I$use$semihosting                      0x08005599   Thumb Code     0  use_no_semi.o(.text)
    __use_no_semihosting_swi                 0x08005599   Thumb Code     2  use_no_semi.o(.text)
    __semihosting_library_function           0x0800559b   Thumb Code     0  indicate_semi.o(.text)
    _btod_d2e                                0x0800559b   Thumb Code    62  btod.o(CL$$btod_d2e)
    _d2e_denorm_low                          0x080055d9   Thumb Code    70  btod.o(CL$$btod_d2e_denorm_low)
    _d2e_norm_op1                            0x0800561f   Thumb Code    96  btod.o(CL$$btod_d2e_norm_op1)
    __btod_div_common                        0x0800567f   Thumb Code   696  btod.o(CL$$btod_div_common)
    _e2e                                     0x080059b7   Thumb Code   220  btod.o(CL$$btod_e2e)
    _btod_ediv                               0x08005a93   Thumb Code    42  btod.o(CL$$btod_ediv)
    _btod_emul                               0x08005abd   Thumb Code    42  btod.o(CL$$btod_emul)
    __btod_mult_common                       0x08005ae7   Thumb Code   580  btod.o(CL$$btod_mult_common)
    BusFault_Handler                         0x08005d2b   Thumb Code     2  stm32f1xx_it.o(i.BusFault_Handler)
    DMA1_Channel7_IRQHandler                 0x08005d2d   Thumb Code     6  stm32f1xx_it.o(i.DMA1_Channel7_IRQHandler)
    DebugMon_Handler                         0x08005d63   Thumb Code     2  stm32f1xx_it.o(i.DebugMon_Handler)
    EXTI15_10_IRQHandler                     0x08005d65   Thumb Code     8  stm32f1xx_it.o(i.EXTI15_10_IRQHandler)
    Error_Handler                            0x08005d6d   Thumb Code     4  main.o(i.Error_Handler)
    HAL_DMA_Abort                            0x08005d71   Thumb Code    70  stm32f1xx_hal_dma.o(i.HAL_DMA_Abort)
    HAL_DMA_Abort_IT                         0x08005db9   Thumb Code   148  stm32f1xx_hal_dma.o(i.HAL_DMA_Abort_IT)
    HAL_DMA_IRQHandler                       0x08005e51   Thumb Code   316  stm32f1xx_hal_dma.o(i.HAL_DMA_IRQHandler)
    HAL_DMA_Init                             0x08005fa5   Thumb Code    84  stm32f1xx_hal_dma.o(i.HAL_DMA_Init)
    HAL_DMA_Start_IT                         0x08006001   Thumb Code   112  stm32f1xx_hal_dma.o(i.HAL_DMA_Start_IT)
    HAL_GPIO_EXTI_Callback                   0x08006071   Thumb Code    16  main.o(i.HAL_GPIO_EXTI_Callback)
    HAL_GPIO_EXTI_IRQHandler                 0x08006085   Thumb Code    18  stm32f1xx_hal_gpio.o(i.HAL_GPIO_EXTI_IRQHandler)
    HAL_GPIO_Init                            0x0800609d   Thumb Code   446  stm32f1xx_hal_gpio.o(i.HAL_GPIO_Init)
    HAL_GPIO_ReadPin                         0x0800627d   Thumb Code    10  stm32f1xx_hal_gpio.o(i.HAL_GPIO_ReadPin)
    HAL_GPIO_TogglePin                       0x08006287   Thumb Code    16  stm32f1xx_hal_gpio.o(i.HAL_GPIO_TogglePin)
    HAL_GPIO_WritePin                        0x08006297   Thumb Code    10  stm32f1xx_hal_gpio.o(i.HAL_GPIO_WritePin)
    HAL_GetTick                              0x080062a1   Thumb Code     6  stm32f1xx_hal.o(i.HAL_GetTick)
    HAL_IWDG_Init                            0x080062ad   Thumb Code    94  stm32f1xx_hal_iwdg.o(i.HAL_IWDG_Init)
    HAL_IWDG_Refresh                         0x0800630b   Thumb Code    12  stm32f1xx_hal_iwdg.o(i.HAL_IWDG_Refresh)
    HAL_IncTick                              0x08006319   Thumb Code    12  stm32f1xx_hal.o(i.HAL_IncTick)
    HAL_Init                                 0x08006329   Thumb Code    32  stm32f1xx_hal.o(i.HAL_Init)
    HAL_InitTick                             0x0800634d   Thumb Code   118  stm32f1xx_hal_timebase_tim.o(i.HAL_InitTick)
    HAL_MspInit                              0x080063d9   Thumb Code    52  stm32f1xx_hal_msp.o(i.HAL_MspInit)
    HAL_NVIC_EnableIRQ                       0x08006415   Thumb Code    26  stm32f1xx_hal_cortex.o(i.HAL_NVIC_EnableIRQ)
    HAL_NVIC_SetPriority                     0x08006431   Thumb Code    60  stm32f1xx_hal_cortex.o(i.HAL_NVIC_SetPriority)
    HAL_NVIC_SetPriorityGrouping             0x08006471   Thumb Code    26  stm32f1xx_hal_cortex.o(i.HAL_NVIC_SetPriorityGrouping)
    HAL_RCC_ClockConfig                      0x08006495   Thumb Code   280  stm32f1xx_hal_rcc.o(i.HAL_RCC_ClockConfig)
    HAL_RCC_GetClockConfig                   0x080065c1   Thumb Code    54  stm32f1xx_hal_rcc.o(i.HAL_RCC_GetClockConfig)
    HAL_RCC_GetPCLK1Freq                     0x08006601   Thumb Code    20  stm32f1xx_hal_rcc.o(i.HAL_RCC_GetPCLK1Freq)
    HAL_RCC_GetPCLK2Freq                     0x08006621   Thumb Code    20  stm32f1xx_hal_rcc.o(i.HAL_RCC_GetPCLK2Freq)
    HAL_RCC_GetSysClockFreq                  0x08006641   Thumb Code    58  stm32f1xx_hal_rcc.o(i.HAL_RCC_GetSysClockFreq)
    HAL_RCC_OscConfig                        0x0800668d   Thumb Code   778  stm32f1xx_hal_rcc.o(i.HAL_RCC_OscConfig)
    HAL_TIMEx_BreakCallback                  0x080069ad   Thumb Code     2  stm32f1xx_hal_tim_ex.o(i.HAL_TIMEx_BreakCallback)
    HAL_TIMEx_CommutCallback                 0x080069af   Thumb Code     2  stm32f1xx_hal_tim_ex.o(i.HAL_TIMEx_CommutCallback)
    HAL_TIMEx_MasterConfigSynchronization    0x080069b1   Thumb Code    92  stm32f1xx_hal_tim_ex.o(i.HAL_TIMEx_MasterConfigSynchronization)
    HAL_TIM_Base_Init                        0x08006a19   Thumb Code    90  stm32f1xx_hal_tim.o(i.HAL_TIM_Base_Init)
    HAL_TIM_Base_MspInit                     0x08006a75   Thumb Code    30  tim.o(i.HAL_TIM_Base_MspInit)
    HAL_TIM_Base_Start_IT                    0x08006a99   Thumb Code    76  stm32f1xx_hal_tim.o(i.HAL_TIM_Base_Start_IT)
    HAL_TIM_ConfigClockSource                0x08006af1   Thumb Code   220  stm32f1xx_hal_tim.o(i.HAL_TIM_ConfigClockSource)
    HAL_TIM_IC_CaptureCallback               0x08006bcd   Thumb Code     2  stm32f1xx_hal_tim.o(i.HAL_TIM_IC_CaptureCallback)
    HAL_TIM_IRQHandler                       0x08006bcf   Thumb Code   304  stm32f1xx_hal_tim.o(i.HAL_TIM_IRQHandler)
    HAL_TIM_MspPostInit                      0x08006d01   Thumb Code    62  tim.o(i.HAL_TIM_MspPostInit)
    HAL_TIM_OC_DelayElapsedCallback          0x08006d49   Thumb Code     2  stm32f1xx_hal_tim.o(i.HAL_TIM_OC_DelayElapsedCallback)
    HAL_TIM_PWM_ConfigChannel                0x08006d4b   Thumb Code   204  stm32f1xx_hal_tim.o(i.HAL_TIM_PWM_ConfigChannel)
    HAL_TIM_PWM_Init                         0x08006e17   Thumb Code    90  stm32f1xx_hal_tim.o(i.HAL_TIM_PWM_Init)
    HAL_TIM_PWM_MspInit                      0x08006e71   Thumb Code     2  stm32f1xx_hal_tim.o(i.HAL_TIM_PWM_MspInit)
    HAL_TIM_PWM_PulseFinishedCallback        0x08006e73   Thumb Code     2  stm32f1xx_hal_tim.o(i.HAL_TIM_PWM_PulseFinishedCallback)
    HAL_TIM_PWM_Start                        0x08006e75   Thumb Code   144  stm32f1xx_hal_tim.o(i.HAL_TIM_PWM_Start)
    HAL_TIM_PeriodElapsedCallback            0x08006f11   Thumb Code    14  main.o(i.HAL_TIM_PeriodElapsedCallback)
    HAL_TIM_TriggerCallback                  0x08006f25   Thumb Code     2  stm32f1xx_hal_tim.o(i.HAL_TIM_TriggerCallback)
    HAL_UARTEx_RxEventCallback               0x08006f27   Thumb Code     2  stm32f1xx_hal_uart.o(i.HAL_UARTEx_RxEventCallback)
    HAL_UART_ErrorCallback                   0x08006f29   Thumb Code     2  stm32f1xx_hal_uart.o(i.HAL_UART_ErrorCallback)
    HAL_UART_IRQHandler                      0x08006f2d   Thumb Code   616  stm32f1xx_hal_uart.o(i.HAL_UART_IRQHandler)
    HAL_UART_Init                            0x08007199   Thumb Code   100  stm32f1xx_hal_uart.o(i.HAL_UART_Init)
    HAL_UART_MspInit                         0x080071fd   Thumb Code   156  usart.o(i.HAL_UART_MspInit)
    HAL_UART_RxCpltCallback                  0x080072ad   Thumb Code     2  stm32f1xx_hal_uart.o(i.HAL_UART_RxCpltCallback)
    HAL_UART_Transmit                        0x080072af   Thumb Code   160  stm32f1xx_hal_uart.o(i.HAL_UART_Transmit)
    HAL_UART_Transmit_DMA                    0x08007351   Thumb Code   106  stm32f1xx_hal_uart.o(i.HAL_UART_Transmit_DMA)
    HAL_UART_TxCpltCallback                  0x080073c9   Thumb Code    18  main.o(i.HAL_UART_TxCpltCallback)
    HAL_UART_TxHalfCpltCallback              0x080073e5   Thumb Code     2  stm32f1xx_hal_uart.o(i.HAL_UART_TxHalfCpltCallback)
    HardFault_Handler                        0x080073e7   Thumb Code     2  stm32f1xx_it.o(i.HardFault_Handler)
    LOGI                                     0x08007415   Thumb Code    58  main.o(i.LOGI)
    MX_DMA_Init                              0x08007461   Thumb Code    40  dma.o(i.MX_DMA_Init)
    MX_GPIO_Init                             0x0800748d   Thumb Code   184  gpio.o(i.MX_GPIO_Init)
    MX_IWDG_Init                             0x08007559   Thumb Code    36  iwdg.o(i.MX_IWDG_Init)
    MX_TIM2_Init                             0x08007585   Thumb Code   146  tim.o(i.MX_TIM2_Init)
    MX_USART2_UART_Init                      0x0800761d   Thumb Code    48  usart.o(i.MX_USART2_UART_Init)
    MemManage_Handler                        0x08007655   Thumb Code     2  stm32f1xx_it.o(i.MemManage_Handler)
    NMI_Handler                              0x08007657   Thumb Code     2  stm32f1xx_it.o(i.NMI_Handler)
    PrintTask_Entry                          0x08007659   Thumb Code    36  main.o(i.PrintTask_Entry)
    QueueCreate                              0x08007685   Thumb Code    64  rtos.o(i.QueueCreate)
    QueueReceive                             0x080076c5   Thumb Code   170  rtos.o(i.QueueReceive)
    QueueSend                                0x08007779   Thumb Code   168  rtos.o(i.QueueSend)
    SVC_Handler                              0x08007829   Thumb Code     2  stm32f1xx_it.o(i.SVC_Handler)
    SemaphoreCreate                          0x0800782b   Thumb Code    30  rtos.o(i.SemaphoreCreate)
    SemaphoreGive                            0x08007849   Thumb Code    42  rtos.o(i.SemaphoreGive)
    SemaphoreTake                            0x08007875   Thumb Code    90  rtos.o(i.SemaphoreTake)
    StartScheduler                           0x080078d9   Thumb Code   146  rtos.o(i.StartScheduler)
    SysTick_Handler                          0x08007995   Thumb Code   190  rtos.o(i.SysTick_Handler)
    SystemClock_Config                       0x08007a99   Thumb Code   100  main.o(i.SystemClock_Config)
    SystemInit                               0x08007afd   Thumb Code     8  system_stm32f1xx_1.o(i.SystemInit)
    TIM1_UP_IRQHandler                       0x08007b0d   Thumb Code     6  stm32f1xx_it.o(i.TIM1_UP_IRQHandler)
    TIM_Base_SetConfig                       0x08007b19   Thumb Code   108  stm32f1xx_hal_tim.o(i.TIM_Base_SetConfig)
    TIM_CCxChannelCmd                        0x08007b91   Thumb Code    26  stm32f1xx_hal_tim.o(i.TIM_CCxChannelCmd)
    TIM_ETR_SetConfig                        0x08007bab   Thumb Code    20  stm32f1xx_hal_tim.o(i.TIM_ETR_SetConfig)
    TIM_OC2_SetConfig                        0x08007c21   Thumb Code    84  stm32f1xx_hal_tim.o(i.TIM_OC2_SetConfig)
    Task1_Entry                              0x08007d5d   Thumb Code    70  main.o(i.Task1_Entry)
    Task2_Entry                              0x08007df9   Thumb Code    32  main.o(i.Task2_Entry)
    Task3_Entry                              0x08007e25   Thumb Code    26  main.o(i.Task3_Entry)
    TaskCreate                               0x08007e51   Thumb Code   190  rtos.o(i.TaskCreate)
    TaskDelete                               0x08007f25   Thumb Code    52  rtos.o(i.TaskDelete)
    TaskSwitch                               0x08007f61   Thumb Code   124  rtos.o(i.TaskSwitch)
    USART2_IRQHandler                        0x080082e5   Thumb Code     6  stm32f1xx_it.o(i.USART2_IRQHandler)
    UsageFault_Handler                       0x080082f1   Thumb Code     2  stm32f1xx_it.o(i.UsageFault_Handler)
    __ARM_fpclassify                         0x080082f3   Thumb Code    40  fpclassify.o(i.__ARM_fpclassify)
    _is_digit                                0x0800835b   Thumb Code    14  __printf_wp.o(i._is_digit)
    ledtask                                  0x08008369   Thumb Code   106  main.o(i.ledtask)
    main                                     0x08008425   Thumb Code   192  main.o(i.main)
    my_os_free                               0x08008569   Thumb Code    84  rtos.o(i.my_os_free)
    my_os_heap_init                          0x080085c1   Thumb Code    18  rtos.o(i.my_os_heap_init)
    my_os_malloc                             0x080085dd   Thumb Code    88  rtos.o(i.my_os_malloc)
    pwmtask                                  0x08008639   Thumb Code    76  main.o(i.pwmtask)
    taskMoveInReady                          0x0800868d   Thumb Code    84  rtos.o(i.taskMoveInReady)
    taskMoveOutList                          0x080086ed   Thumb Code   110  rtos.o(i.taskMoveOutList)
    taskdelay                                0x08008765   Thumb Code    94  rtos.o(i.taskdelay)
    _get_lc_numeric                          0x080087cd   Thumb Code    44  lc_numeric_c.o(locale$$code)
    _get_lc_ctype                            0x080087f9   Thumb Code    44  lc_ctype_c.o(locale$$code)
    _printf_fp_dec                           0x08008825   Thumb Code     4  printf1.o(x$fpl$printf1)
    _printf_fp_hex                           0x08008829   Thumb Code     4  printf2.o(x$fpl$printf2)
    __I$use$fp                               0x0800882c   Number         0  usenofp.o(x$fpl$usenofp)
    AHBPrescTable                            0x0800883e   Data          16  system_stm32f1xx_1.o(.constdata)
    APBPrescTable                            0x0800884e   Data           8  system_stm32f1xx_1.o(.constdata)
    Region$$Table$$Base                      0x08008954   Number         0  anon$$obj.o(Region$$Table)
    Region$$Table$$Limit                     0x08008974   Number         0  anon$$obj.o(Region$$Table)
    __ctype                                  0x0800899d   Data           0  lc_ctype_c.o(locale$$data)
    OS_Running                               0x20000000   Data           1  rtos.o(.data)
    OsRunningTime_ms                         0x20000004   Data           4  rtos.o(.data)
    sw_wdg_counter                           0x20000008   Data           4  rtos.o(.data)
    next_task_ptr                            0x2000000c   Data           4  rtos.o(.data)
    tasksWaitingTermination                  0x20000010   Data           4  rtos.o(.data)
    runninglist                              0x20000018   Data           4  rtos.o(.data)
    blockedlist                              0x2000001c   Data           4  rtos.o(.data)
    suspendlist                              0x20000020   Data           4  rtos.o(.data)
    breathing_mode                           0x20000024   Data           1  main.o(.data)
    global_button_flag                       0x20000025   Data           1  main.o(.data)
    PrintQueue                               0x20000028   Data           4  main.o(.data)
    DmaTxSem                                 0x2000002c   Data           4  main.o(.data)
    ButtonSem                                0x20000030   Data           4  main.o(.data)
    uwTickFreq                               0x20000038   Data           1  stm32f1xx_hal.o(.data)
    uwTickPrio                               0x2000003c   Data           4  stm32f1xx_hal.o(.data)
    uwTick                                   0x20000040   Data           4  stm32f1xx_hal.o(.data)
    SystemCoreClock                          0x20000044   Data           4  system_stm32f1xx_1.o(.data)
    readyList                                0x20000048   Data          64  rtos.o(.bss)
    hiwdg                                    0x20003088   Data          12  iwdg.o(.bss)
    htim2                                    0x20003094   Data          72  tim.o(.bss)
    huart2                                   0x200030dc   Data          72  usart.o(.bss)
    hdma_usart2_tx                           0x20003124   Data          68  usart.o(.bss)
    htim1                                    0x20003168   Data          72  stm32f1xx_hal_timebase_tim.o(.bss)
    __libspace_start                         0x200031b0   Data          96  libspace.o(.bss)
    __temporary_stack_top$libspace           0x20003210   Data           0  libspace.o(.bss)



==============================================================================

Memory Map of the image

  Image Entry point : 0x080040ed

  Load Region LR_IROM1 (Base: 0x08004000, Size: 0x00004ae8, Max: 0x00006000, ABSOLUTE)

    Execution Region ER_IROM1 (Exec base: 0x08004000, Load base: 0x08004000, Size: 0x00004aa0, Max: 0x00006000, ABSOLUTE)

    Exec Addr    Load Addr    Size         Type   Attr      Idx    E Section Name        Object

    0x08004000   0x08004000   0x000000ec   Data   RO            3    RESET               startup_stm32f103xb.o
    0x080040ec   0x080040ec   0x00000008   Code   RO         3309  * !!!main             c_w.l(__main.o)
    0x080040f4   0x080040f4   0x00000034   Code   RO         3605    !!!scatter          c_w.l(__scatter.o)
    0x08004128   0x08004128   0x0000001a   Code   RO         3607    !!handler_copy      c_w.l(__scatter_copy.o)
    0x08004142   0x08004142   0x00000002   PAD
    0x08004144   0x08004144   0x0000001c   Code   RO         3609    !!handler_zi        c_w.l(__scatter_zi.o)
    0x08004160   0x08004160   0x00000000   Code   RO         3300    .ARM.Collect$$_printf_percent$$00000000  c_w.l(_printf_percent.o)
    0x08004160   0x08004160   0x00000006   Code   RO         3361    .ARM.Collect$$_printf_percent$$00000001  c_w.l(_printf_n.o)
    0x08004166   0x08004166   0x00000006   Code   RO         3363    .ARM.Collect$$_printf_percent$$00000002  c_w.l(_printf_p.o)
    0x0800416c   0x0800416c   0x00000006   Code   RO         3367    .ARM.Collect$$_printf_percent$$00000003  c_w.l(_printf_f.o)
    0x08004172   0x08004172   0x00000006   Code   RO         3368    .ARM.Collect$$_printf_percent$$00000004  c_w.l(_printf_e.o)
    0x08004178   0x08004178   0x00000006   Code   RO         3369    .ARM.Collect$$_printf_percent$$00000005  c_w.l(_printf_g.o)
    0x0800417e   0x0800417e   0x00000006   Code   RO         3370    .ARM.Collect$$_printf_percent$$00000006  c_w.l(_printf_a.o)
    0x08004184   0x08004184   0x0000000a   Code   RO         3375    .ARM.Collect$$_printf_percent$$00000007  c_w.l(_printf_ll.o)
    0x0800418e   0x0800418e   0x00000006   Code   RO         3365    .ARM.Collect$$_printf_percent$$00000008  c_w.l(_printf_i.o)
    0x08004194   0x08004194   0x00000006   Code   RO         3366    .ARM.Collect$$_printf_percent$$00000009  c_w.l(_printf_d.o)
    0x0800419a   0x0800419a   0x00000006   Code   RO         3299    .ARM.Collect$$_printf_percent$$0000000A  c_w.l(_printf_u.o)
    0x080041a0   0x080041a0   0x00000006   Code   RO         3364    .ARM.Collect$$_printf_percent$$0000000B  c_w.l(_printf_o.o)
    0x080041a6   0x080041a6   0x00000006   Code   RO         3362    .ARM.Collect$$_printf_percent$$0000000C  c_w.l(_printf_x.o)
    0x080041ac   0x080041ac   0x00000006   Code   RO         3372    .ARM.Collect$$_printf_percent$$0000000D  c_w.l(_printf_lli.o)
    0x080041b2   0x080041b2   0x00000006   Code   RO         3373    .ARM.Collect$$_printf_percent$$0000000E  c_w.l(_printf_lld.o)
    0x080041b8   0x080041b8   0x00000006   Code   RO         3374    .ARM.Collect$$_printf_percent$$0000000F  c_w.l(_printf_llu.o)
    0x080041be   0x080041be   0x00000006   Code   RO         3379    .ARM.Collect$$_printf_percent$$00000010  c_w.l(_printf_llo.o)
    0x080041c4   0x080041c4   0x00000006   Code   RO         3380    .ARM.Collect$$_printf_percent$$00000011  c_w.l(_printf_llx.o)
    0x080041ca   0x080041ca   0x0000000a   Code   RO         3376    .ARM.Collect$$_printf_percent$$00000012  c_w.l(_printf_l.o)
    0x080041d4   0x080041d4   0x00000006   Code   RO         3360    .ARM.Collect$$_printf_percent$$00000013  c_w.l(_printf_c.o)
    0x080041da   0x080041da   0x00000006   Code   RO         3298    .ARM.Collect$$_printf_percent$$00000014  c_w.l(_printf_s.o)
    0x080041e0   0x080041e0   0x00000006   Code   RO         3377    .ARM.Collect$$_printf_percent$$00000015  c_w.l(_printf_lc.o)
    0x080041e6   0x080041e6   0x00000006   Code   RO         3378    .ARM.Collect$$_printf_percent$$00000016  c_w.l(_printf_ls.o)
    0x080041ec   0x080041ec   0x00000004   Code   RO         3371    .ARM.Collect$$_printf_percent$$00000017  c_w.l(_printf_percent_end.o)
    0x080041f0   0x080041f0   0x00000002   Code   RO         3465    .ARM.Collect$$libinit$$00000000  c_w.l(libinit.o)
    0x080041f2   0x080041f2   0x00000000   Code   RO         3482    .ARM.Collect$$libinit$$00000002  c_w.l(libinit2.o)
    0x080041f2   0x080041f2   0x00000000   Code   RO         3484    .ARM.Collect$$libinit$$00000004  c_w.l(libinit2.o)
    0x080041f2   0x080041f2   0x00000000   Code   RO         3487    .ARM.Collect$$libinit$$0000000A  c_w.l(libinit2.o)
    0x080041f2   0x080041f2   0x00000000   Code   RO         3489    .ARM.Collect$$libinit$$0000000C  c_w.l(libinit2.o)
    0x080041f2   0x080041f2   0x00000000   Code   RO         3491    .ARM.Collect$$libinit$$0000000E  c_w.l(libinit2.o)
    0x080041f2   0x080041f2   0x00000006   Code   RO         3492    .ARM.Collect$$libinit$$0000000F  c_w.l(libinit2.o)
    0x080041f8   0x080041f8   0x00000000   Code   RO         3494    .ARM.Collect$$libinit$$00000011  c_w.l(libinit2.o)
    0x080041f8   0x080041f8   0x0000000c   Code   RO         3495    .ARM.Collect$$libinit$$00000012  c_w.l(libinit2.o)
    0x08004204   0x08004204   0x00000000   Code   RO         3496    .ARM.Collect$$libinit$$00000013  c_w.l(libinit2.o)
    0x08004204   0x08004204   0x00000000   Code   RO         3498    .ARM.Collect$$libinit$$00000015  c_w.l(libinit2.o)
    0x08004204   0x08004204   0x0000000a   Code   RO         3499    .ARM.Collect$$libinit$$00000016  c_w.l(libinit2.o)
    0x0800420e   0x0800420e   0x00000000   Code   RO         3500    .ARM.Collect$$libinit$$00000017  c_w.l(libinit2.o)
    0x0800420e   0x0800420e   0x00000000   Code   RO         3502    .ARM.Collect$$libinit$$00000019  c_w.l(libinit2.o)
    0x0800420e   0x0800420e   0x00000000   Code   RO         3504    .ARM.Collect$$libinit$$0000001B  c_w.l(libinit2.o)
    0x0800420e   0x0800420e   0x00000000   Code   RO         3506    .ARM.Collect$$libinit$$0000001D  c_w.l(libinit2.o)
    0x0800420e   0x0800420e   0x00000000   Code   RO         3508    .ARM.Collect$$libinit$$0000001F  c_w.l(libinit2.o)
    0x0800420e   0x0800420e   0x00000000   Code   RO         3510    .ARM.Collect$$libinit$$00000021  c_w.l(libinit2.o)
    0x0800420e   0x0800420e   0x00000000   Code   RO         3512    .ARM.Collect$$libinit$$00000023  c_w.l(libinit2.o)
    0x0800420e   0x0800420e   0x00000000   Code   RO         3514    .ARM.Collect$$libinit$$00000025  c_w.l(libinit2.o)
    0x0800420e   0x0800420e   0x00000000   Code   RO         3518    .ARM.Collect$$libinit$$0000002C  c_w.l(libinit2.o)
    0x0800420e   0x0800420e   0x00000000   Code   RO         3520    .ARM.Collect$$libinit$$0000002E  c_w.l(libinit2.o)
    0x0800420e   0x0800420e   0x00000000   Code   RO         3522    .ARM.Collect$$libinit$$00000030  c_w.l(libinit2.o)
    0x0800420e   0x0800420e   0x00000000   Code   RO         3524    .ARM.Collect$$libinit$$00000032  c_w.l(libinit2.o)
    0x0800420e   0x0800420e   0x00000002   Code   RO         3525    .ARM.Collect$$libinit$$00000033  c_w.l(libinit2.o)
    0x08004210   0x08004210   0x00000002   Code   RO         3545    .ARM.Collect$$libshutdown$$00000000  c_w.l(libshutdown.o)
    0x08004212   0x08004212   0x00000000   Code   RO         3558    .ARM.Collect$$libshutdown$$00000002  c_w.l(libshutdown2.o)
    0x08004212   0x08004212   0x00000000   Code   RO         3560    .ARM.Collect$$libshutdown$$00000004  c_w.l(libshutdown2.o)
    0x08004212   0x08004212   0x00000000   Code   RO         3563    .ARM.Collect$$libshutdown$$00000007  c_w.l(libshutdown2.o)
    0x08004212   0x08004212   0x00000000   Code   RO         3566    .ARM.Collect$$libshutdown$$0000000A  c_w.l(libshutdown2.o)
    0x08004212   0x08004212   0x00000000   Code   RO         3568    .ARM.Collect$$libshutdown$$0000000C  c_w.l(libshutdown2.o)
    0x08004212   0x08004212   0x00000000   Code   RO         3571    .ARM.Collect$$libshutdown$$0000000F  c_w.l(libshutdown2.o)
    0x08004212   0x08004212   0x00000002   Code   RO         3572    .ARM.Collect$$libshutdown$$00000010  c_w.l(libshutdown2.o)
    0x08004214   0x08004214   0x00000000   Code   RO         3311    .ARM.Collect$$rtentry$$00000000  c_w.l(__rtentry.o)
    0x08004214   0x08004214   0x00000000   Code   RO         3392    .ARM.Collect$$rtentry$$00000002  c_w.l(__rtentry2.o)
    0x08004214   0x08004214   0x00000006   Code   RO         3404    .ARM.Collect$$rtentry$$00000004  c_w.l(__rtentry4.o)
    0x0800421a   0x0800421a   0x00000000   Code   RO         3394    .ARM.Collect$$rtentry$$00000009  c_w.l(__rtentry2.o)
    0x0800421a   0x0800421a   0x00000004   Code   RO         3395    .ARM.Collect$$rtentry$$0000000A  c_w.l(__rtentry2.o)
    0x0800421e   0x0800421e   0x00000000   Code   RO         3397    .ARM.Collect$$rtentry$$0000000C  c_w.l(__rtentry2.o)
    0x0800421e   0x0800421e   0x00000008   Code   RO         3398    .ARM.Collect$$rtentry$$0000000D  c_w.l(__rtentry2.o)
    0x08004226   0x08004226   0x00000002   Code   RO         3474    .ARM.Collect$$rtexit$$00000000  c_w.l(rtexit.o)
    0x08004228   0x08004228   0x00000000   Code   RO         3527    .ARM.Collect$$rtexit$$00000002  c_w.l(rtexit2.o)
    0x08004228   0x08004228   0x00000004   Code   RO         3528    .ARM.Collect$$rtexit$$00000003  c_w.l(rtexit2.o)
    0x0800422c   0x0800422c   0x00000006   Code   RO         3529    .ARM.Collect$$rtexit$$00000004  c_w.l(rtexit2.o)
    0x08004232   0x08004232   0x00000002   PAD
    0x08004234   0x08004234   0x00000038   Code   RO           13    .emb_text           rtos.o
    0x0800426c   0x0800426c   0x00000040   Code   RO            4    .text               startup_stm32f103xb.o
    0x080042ac   0x080042ac   0x00000034   Code   RO         3262    .text               c_w.l(vsnprintf.o)
    0x080042e0   0x080042e0   0x0000002c   Code   RO         3264    .text               c_w.l(__2sprintf.o)
    0x0800430c   0x0800430c   0x00000038   Code   RO         3266    .text               c_w.l(__2snprintf.o)
    0x08004344   0x08004344   0x00000052   Code   RO         3274    .text               c_w.l(_printf_str.o)
    0x08004396   0x08004396   0x00000002   PAD
    0x08004398   0x08004398   0x00000078   Code   RO         3276    .text               c_w.l(_printf_dec.o)
    0x08004410   0x08004410   0x00000188   Code   RO         3295    .text               c_w.l(__printf_flags_ss_wp.o)
    0x08004598   0x08004598   0x0000003e   Code   RO         3301    .text               c_w.l(strlen.o)
    0x080045d6   0x080045d6   0x0000008a   Code   RO         3303    .text               c_w.l(rt_memcpy_v6.o)
    0x08004660   0x08004660   0x0000004e   Code   RO         3305    .text               c_w.l(rt_memclr_w.o)
    0x080046ae   0x080046ae   0x00000006   Code   RO         3307    .text               c_w.l(heapauxi.o)
    0x080046b4   0x080046b4   0x0000004e   Code   RO         3312    .text               c_w.l(_printf_pad.o)
    0x08004702   0x08004702   0x00000024   Code   RO         3314    .text               c_w.l(_printf_truncate.o)
    0x08004726   0x08004726   0x000000b2   Code   RO         3316    .text               c_w.l(_printf_intcommon.o)
    0x080047d8   0x080047d8   0x00000028   Code   RO         3318    .text               c_w.l(_printf_charcount.o)
    0x08004800   0x08004800   0x00000030   Code   RO         3320    .text               c_w.l(_printf_char_common.o)
    0x08004830   0x08004830   0x0000000a   Code   RO         3322    .text               c_w.l(_sputc.o)
    0x0800483a   0x0800483a   0x00000010   Code   RO         3324    .text               c_w.l(_snputc.o)
    0x0800484a   0x0800484a   0x0000002c   Code   RO         3326    .text               c_w.l(_printf_char.o)
    0x08004876   0x08004876   0x00000002   PAD
    0x08004878   0x08004878   0x000000bc   Code   RO         3328    .text               c_w.l(_printf_wctomb.o)
    0x08004934   0x08004934   0x0000007c   Code   RO         3331    .text               c_w.l(_printf_longlong_dec.o)
    0x080049b0   0x080049b0   0x00000070   Code   RO         3337    .text               c_w.l(_printf_oct_int_ll.o)
    0x08004a20   0x08004a20   0x00000094   Code   RO         3357    .text               c_w.l(_printf_hex_int_ll_ptr.o)
    0x08004ab4   0x08004ab4   0x00000064   Code   RO         3381    .text               c_w.l(rt_memcpy_w.o)
    0x08004b18   0x08004b18   0x0000008a   Code   RO         3406    .text               c_w.l(lludiv10.o)
    0x08004ba2   0x08004ba2   0x0000041e   Code   RO         3408    .text               c_w.l(_printf_fp_dec.o)
    0x08004fc0   0x08004fc0   0x000002fc   Code   RO         3410    .text               c_w.l(_printf_fp_hex.o)
    0x080052bc   0x080052bc   0x0000002c   Code   RO         3415    .text               c_w.l(_printf_wchar.o)
    0x080052e8   0x080052e8   0x00000040   Code   RO         3417    .text               c_w.l(_wcrtomb.o)
    0x08005328   0x08005328   0x0000004a   Code   RO         3419    .text               c_w.l(sys_stackheap_outer.o)
    0x08005372   0x08005372   0x00000002   PAD
    0x08005374   0x08005374   0x00000010   Code   RO         3421    .text               c_w.l(rt_ctype_table.o)
    0x08005384   0x08005384   0x00000008   Code   RO         3426    .text               c_w.l(rt_locale_intlibspace.o)
    0x0800538c   0x0800538c   0x00000080   Code   RO         3428    .text               c_w.l(_printf_fp_infnan.o)
    0x0800540c   0x0800540c   0x000000e4   Code   RO         3430    .text               c_w.l(bigflt0.o)
    0x080054f0   0x080054f0   0x00000012   Code   RO         3458    .text               c_w.l(exit.o)
    0x08005502   0x08005502   0x00000002   PAD
    0x08005504   0x08005504   0x00000008   Code   RO         3471    .text               c_w.l(libspace.o)
    0x0800550c   0x0800550c   0x00000080   Code   RO         3479    .text               c_w.l(strcmpv7m.o)
    0x0800558c   0x0800558c   0x0000000c   Code   RO         3537    .text               c_w.l(sys_exit.o)
    0x08005598   0x08005598   0x00000002   Code   RO         3548    .text               c_w.l(use_no_semi.o)
    0x0800559a   0x0800559a   0x00000000   Code   RO         3550    .text               c_w.l(indicate_semi.o)
    0x0800559a   0x0800559a   0x0000003e   Code   RO         3433    CL$$btod_d2e        c_w.l(btod.o)
    0x080055d8   0x080055d8   0x00000046   Code   RO         3435    CL$$btod_d2e_denorm_low  c_w.l(btod.o)
    0x0800561e   0x0800561e   0x00000060   Code   RO         3434    CL$$btod_d2e_norm_op1  c_w.l(btod.o)
    0x0800567e   0x0800567e   0x00000338   Code   RO         3443    CL$$btod_div_common  c_w.l(btod.o)
    0x080059b6   0x080059b6   0x000000dc   Code   RO         3440    CL$$btod_e2e        c_w.l(btod.o)
    0x08005a92   0x08005a92   0x0000002a   Code   RO         3437    CL$$btod_ediv       c_w.l(btod.o)
    0x08005abc   0x08005abc   0x0000002a   Code   RO         3436    CL$$btod_emul       c_w.l(btod.o)
    0x08005ae6   0x08005ae6   0x00000244   Code   RO         3442    CL$$btod_mult_common  c_w.l(btod.o)
    0x08005d2a   0x08005d2a   0x00000002   Code   RO          693    i.BusFault_Handler  stm32f1xx_it.o
    0x08005d2c   0x08005d2c   0x0000000c   Code   RO          694    i.DMA1_Channel7_IRQHandler  stm32f1xx_it.o
    0x08005d38   0x08005d38   0x0000002a   Code   RO         2263    i.DMA_SetConfig     stm32f1xx_hal_dma.o
    0x08005d62   0x08005d62   0x00000002   Code   RO          695    i.DebugMon_Handler  stm32f1xx_it.o
    0x08005d64   0x08005d64   0x00000008   Code   RO          696    i.EXTI15_10_IRQHandler  stm32f1xx_it.o
    0x08005d6c   0x08005d6c   0x00000004   Code   RO          293    i.Error_Handler     main.o
    0x08005d70   0x08005d70   0x00000046   Code   RO         2264    i.HAL_DMA_Abort     stm32f1xx_hal_dma.o
    0x08005db6   0x08005db6   0x00000002   PAD
    0x08005db8   0x08005db8   0x00000098   Code   RO         2265    i.HAL_DMA_Abort_IT  stm32f1xx_hal_dma.o
    0x08005e50   0x08005e50   0x00000154   Code   RO         2269    i.HAL_DMA_IRQHandler  stm32f1xx_hal_dma.o
    0x08005fa4   0x08005fa4   0x0000005c   Code   RO         2270    i.HAL_DMA_Init      stm32f1xx_hal_dma.o
    0x08006000   0x08006000   0x00000070   Code   RO         2274    i.HAL_DMA_Start_IT  stm32f1xx_hal_dma.o
    0x08006070   0x08006070   0x00000014   Code   RO          295    i.HAL_GPIO_EXTI_Callback  main.o
    0x08006084   0x08006084   0x00000018   Code   RO         2199    i.HAL_GPIO_EXTI_IRQHandler  stm32f1xx_hal_gpio.o
    0x0800609c   0x0800609c   0x000001e0   Code   RO         2200    i.HAL_GPIO_Init     stm32f1xx_hal_gpio.o
    0x0800627c   0x0800627c   0x0000000a   Code   RO         2202    i.HAL_GPIO_ReadPin  stm32f1xx_hal_gpio.o
    0x08006286   0x08006286   0x00000010   Code   RO         2203    i.HAL_GPIO_TogglePin  stm32f1xx_hal_gpio.o
    0x08006296   0x08006296   0x0000000a   Code   RO         2204    i.HAL_GPIO_WritePin  stm32f1xx_hal_gpio.o
    0x080062a0   0x080062a0   0x0000000c   Code   RO         1894    i.HAL_GetTick       stm32f1xx_hal.o
    0x080062ac   0x080062ac   0x0000005e   Code   RO         1853    i.HAL_IWDG_Init     stm32f1xx_hal_iwdg.o
    0x0800630a   0x0800630a   0x0000000c   Code   RO         1854    i.HAL_IWDG_Refresh  stm32f1xx_hal_iwdg.o
    0x08006316   0x08006316   0x00000002   PAD
    0x08006318   0x08006318   0x00000010   Code   RO         1900    i.HAL_IncTick       stm32f1xx_hal.o
    0x08006328   0x08006328   0x00000024   Code   RO         1901    i.HAL_Init          stm32f1xx_hal.o
    0x0800634c   0x0800634c   0x0000008c   Code   RO          805    i.HAL_InitTick      stm32f1xx_hal_timebase_tim.o
    0x080063d8   0x080063d8   0x0000003c   Code   RO          781    i.HAL_MspInit       stm32f1xx_hal_msp.o
    0x08006414   0x08006414   0x0000001a   Code   RO         2360    i.HAL_NVIC_EnableIRQ  stm32f1xx_hal_cortex.o
    0x0800642e   0x0800642e   0x00000002   PAD
    0x08006430   0x08006430   0x00000040   Code   RO         2366    i.HAL_NVIC_SetPriority  stm32f1xx_hal_cortex.o
    0x08006470   0x08006470   0x00000024   Code   RO         2367    i.HAL_NVIC_SetPriorityGrouping  stm32f1xx_hal_cortex.o
    0x08006494   0x08006494   0x0000012c   Code   RO         2058    i.HAL_RCC_ClockConfig  stm32f1xx_hal_rcc.o
    0x080065c0   0x080065c0   0x00000040   Code   RO         2062    i.HAL_RCC_GetClockConfig  stm32f1xx_hal_rcc.o
    0x08006600   0x08006600   0x00000020   Code   RO         2065    i.HAL_RCC_GetPCLK1Freq  stm32f1xx_hal_rcc.o
    0x08006620   0x08006620   0x00000020   Code   RO         2066    i.HAL_RCC_GetPCLK2Freq  stm32f1xx_hal_rcc.o
    0x08006640   0x08006640   0x0000004c   Code   RO         2067    i.HAL_RCC_GetSysClockFreq  stm32f1xx_hal_rcc.o
    0x0800668c   0x0800668c   0x00000320   Code   RO         2070    i.HAL_RCC_OscConfig  stm32f1xx_hal_rcc.o
    0x080069ac   0x080069ac   0x00000002   Code   RO         1586    i.HAL_TIMEx_BreakCallback  stm32f1xx_hal_tim_ex.o
    0x080069ae   0x080069ae   0x00000002   Code   RO         1587    i.HAL_TIMEx_CommutCallback  stm32f1xx_hal_tim_ex.o
    0x080069b0   0x080069b0   0x00000068   Code   RO         1605    i.HAL_TIMEx_MasterConfigSynchronization  stm32f1xx_hal_tim_ex.o
    0x08006a18   0x08006a18   0x0000005a   Code   RO          882    i.HAL_TIM_Base_Init  stm32f1xx_hal_tim.o
    0x08006a72   0x08006a72   0x00000002   PAD
    0x08006a74   0x08006a74   0x00000024   Code   RO          604    i.HAL_TIM_Base_MspInit  tim.o
    0x08006a98   0x08006a98   0x00000058   Code   RO          887    i.HAL_TIM_Base_Start_IT  stm32f1xx_hal_tim.o
    0x08006af0   0x08006af0   0x000000dc   Code   RO          891    i.HAL_TIM_ConfigClockSource  stm32f1xx_hal_tim.o
    0x08006bcc   0x08006bcc   0x00000002   Code   RO          916    i.HAL_TIM_IC_CaptureCallback  stm32f1xx_hal_tim.o
    0x08006bce   0x08006bce   0x00000130   Code   RO          930    i.HAL_TIM_IRQHandler  stm32f1xx_hal_tim.o
    0x08006cfe   0x08006cfe   0x00000002   PAD
    0x08006d00   0x08006d00   0x00000048   Code   RO          605    i.HAL_TIM_MspPostInit  tim.o
    0x08006d48   0x08006d48   0x00000002   Code   RO          933    i.HAL_TIM_OC_DelayElapsedCallback  stm32f1xx_hal_tim.o
    0x08006d4a   0x08006d4a   0x000000cc   Code   RO          954    i.HAL_TIM_PWM_ConfigChannel  stm32f1xx_hal_tim.o
    0x08006e16   0x08006e16   0x0000005a   Code   RO          957    i.HAL_TIM_PWM_Init  stm32f1xx_hal_tim.o
    0x08006e70   0x08006e70   0x00000002   Code   RO          959    i.HAL_TIM_PWM_MspInit  stm32f1xx_hal_tim.o
    0x08006e72   0x08006e72   0x00000002   Code   RO          960    i.HAL_TIM_PWM_PulseFinishedCallback  stm32f1xx_hal_tim.o
    0x08006e74   0x08006e74   0x0000009c   Code   RO          962    i.HAL_TIM_PWM_Start  stm32f1xx_hal_tim.o
    0x08006f10   0x08006f10   0x00000014   Code   RO          296    i.HAL_TIM_PeriodElapsedCallback  main.o
    0x08006f24   0x08006f24   0x00000002   Code   RO          973    i.HAL_TIM_TriggerCallback  stm32f1xx_hal_tim.o
    0x08006f26   0x08006f26   0x00000002   Code   RO         2872    i.HAL_UARTEx_RxEventCallback  stm32f1xx_hal_uart.o
    0x08006f28   0x08006f28   0x00000002   Code   RO         2886    i.HAL_UART_ErrorCallback  stm32f1xx_hal_uart.o
    0x08006f2a   0x08006f2a   0x00000002   PAD
    0x08006f2c   0x08006f2c   0x0000026c   Code   RO         2889    i.HAL_UART_IRQHandler  stm32f1xx_hal_uart.o
    0x08007198   0x08007198   0x00000064   Code   RO         2890    i.HAL_UART_Init     stm32f1xx_hal_uart.o
    0x080071fc   0x080071fc   0x000000b0   Code   RO          652    i.HAL_UART_MspInit  usart.o
    0x080072ac   0x080072ac   0x00000002   Code   RO         2896    i.HAL_UART_RxCpltCallback  stm32f1xx_hal_uart.o
    0x080072ae   0x080072ae   0x000000a0   Code   RO         2898    i.HAL_UART_Transmit  stm32f1xx_hal_uart.o
    0x0800734e   0x0800734e   0x00000002   PAD
    0x08007350   0x08007350   0x00000078   Code   RO         2899    i.HAL_UART_Transmit_DMA  stm32f1xx_hal_uart.o
    0x080073c8   0x080073c8   0x0000001c   Code   RO          297    i.HAL_UART_TxCpltCallback  main.o
    0x080073e4   0x080073e4   0x00000002   Code   RO         2902    i.HAL_UART_TxHalfCpltCallback  stm32f1xx_hal_uart.o
    0x080073e6   0x080073e6   0x00000002   Code   RO          697    i.HardFault_Handler  stm32f1xx_it.o
    0x080073e8   0x080073e8   0x0000002c   Code   RO           14    i.IdleTask_Entry    rtos.o
    0x08007414   0x08007414   0x0000004c   Code   RO          298    i.LOGI              main.o
    0x08007460   0x08007460   0x0000002c   Code   RO          546    i.MX_DMA_Init       dma.o
    0x0800748c   0x0800748c   0x000000cc   Code   RO          435    i.MX_GPIO_Init      gpio.o
    0x08007558   0x08007558   0x0000002c   Code   RO          573    i.MX_IWDG_Init      iwdg.o
    0x08007584   0x08007584   0x00000098   Code   RO          606    i.MX_TIM2_Init      tim.o
    0x0800761c   0x0800761c   0x00000038   Code   RO          653    i.MX_USART2_UART_Init  usart.o
    0x08007654   0x08007654   0x00000002   Code   RO          698    i.MemManage_Handler  stm32f1xx_it.o
    0x08007656   0x08007656   0x00000002   Code   RO          699    i.NMI_Handler       stm32f1xx_it.o
    0x08007658   0x08007658   0x0000002c   Code   RO          299    i.PrintTask_Entry   main.o
    0x08007684   0x08007684   0x00000040   Code   RO           18    i.QueueCreate       rtos.o
    0x080076c4   0x080076c4   0x000000b4   Code   RO           19    i.QueueReceive      rtos.o
    0x08007778   0x08007778   0x000000b0   Code   RO           20    i.QueueSend         rtos.o
    0x08007828   0x08007828   0x00000002   Code   RO          700    i.SVC_Handler       stm32f1xx_it.o
    0x0800782a   0x0800782a   0x0000001e   Code   RO           21    i.SemaphoreCreate   rtos.o
    0x08007848   0x08007848   0x0000002a   Code   RO           22    i.SemaphoreGive     rtos.o
    0x08007872   0x08007872   0x00000002   PAD
    0x08007874   0x08007874   0x00000064   Code   RO           23    i.SemaphoreTake     rtos.o
    0x080078d8   0x080078d8   0x000000bc   Code   RO           24    i.StartScheduler    rtos.o
    0x08007994   0x08007994   0x00000104   Code   RO           25    i.SysTick_Handler   rtos.o
    0x08007a98   0x08007a98   0x00000064   Code   RO          300    i.SystemClock_Config  main.o
    0x08007afc   0x08007afc   0x00000010   Code   RO         3224    i.SystemInit        system_stm32f1xx_1.o
    0x08007b0c   0x08007b0c   0x0000000c   Code   RO          701    i.TIM1_UP_IRQHandler  stm32f1xx_it.o
    0x08007b18   0x08007b18   0x00000078   Code   RO          975    i.TIM_Base_SetConfig  stm32f1xx_hal_tim.o
    0x08007b90   0x08007b90   0x0000001a   Code   RO          976    i.TIM_CCxChannelCmd  stm32f1xx_hal_tim.o
    0x08007baa   0x08007baa   0x00000014   Code   RO          986    i.TIM_ETR_SetConfig  stm32f1xx_hal_tim.o
    0x08007bbe   0x08007bbe   0x00000010   Code   RO          987    i.TIM_ITRx_SetConfig  stm32f1xx_hal_tim.o
    0x08007bce   0x08007bce   0x00000002   PAD
    0x08007bd0   0x08007bd0   0x00000050   Code   RO          988    i.TIM_OC1_SetConfig  stm32f1xx_hal_tim.o
    0x08007c20   0x08007c20   0x00000058   Code   RO          989    i.TIM_OC2_SetConfig  stm32f1xx_hal_tim.o
    0x08007c78   0x08007c78   0x00000058   Code   RO          990    i.TIM_OC3_SetConfig  stm32f1xx_hal_tim.o
    0x08007cd0   0x08007cd0   0x00000044   Code   RO          991    i.TIM_OC4_SetConfig  stm32f1xx_hal_tim.o
    0x08007d14   0x08007d14   0x00000022   Code   RO          993    i.TIM_TI1_ConfigInputStage  stm32f1xx_hal_tim.o
    0x08007d36   0x08007d36   0x00000024   Code   RO          995    i.TIM_TI2_ConfigInputStage  stm32f1xx_hal_tim.o
    0x08007d5a   0x08007d5a   0x00000002   PAD
    0x08007d5c   0x08007d5c   0x0000009c   Code   RO          301    i.Task1_Entry       main.o
    0x08007df8   0x08007df8   0x0000002c   Code   RO          302    i.Task2_Entry       main.o
    0x08007e24   0x08007e24   0x0000002c   Code   RO          303    i.Task3_Entry       main.o
    0x08007e50   0x08007e50   0x000000d4   Code   RO           26    i.TaskCreate        rtos.o
    0x08007f24   0x08007f24   0x0000003c   Code   RO           27    i.TaskDelete        rtos.o
    0x08007f60   0x08007f60   0x00000084   Code   RO           28    i.TaskSwitch        rtos.o
    0x08007fe4   0x08007fe4   0x00000010   Code   RO         2903    i.UART_DMAAbortOnError  stm32f1xx_hal_uart.o
    0x08007ff4   0x08007ff4   0x0000004a   Code   RO         2904    i.UART_DMAError     stm32f1xx_hal_uart.o
    0x0800803e   0x0800803e   0x00000042   Code   RO         2909    i.UART_DMATransmitCplt  stm32f1xx_hal_uart.o
    0x08008080   0x08008080   0x0000000a   Code   RO         2911    i.UART_DMATxHalfCplt  stm32f1xx_hal_uart.o
    0x0800808a   0x0800808a   0x0000004e   Code   RO         2913    i.UART_EndRxTransfer  stm32f1xx_hal_uart.o
    0x080080d8   0x080080d8   0x0000001c   Code   RO         2914    i.UART_EndTxTransfer  stm32f1xx_hal_uart.o
    0x080080f4   0x080080f4   0x000000c2   Code   RO         2915    i.UART_Receive_IT   stm32f1xx_hal_uart.o
    0x080081b6   0x080081b6   0x00000002   PAD
    0x080081b8   0x080081b8   0x000000b8   Code   RO         2916    i.UART_SetConfig    stm32f1xx_hal_uart.o
    0x08008270   0x08008270   0x00000072   Code   RO         2919    i.UART_WaitOnFlagUntilTimeout  stm32f1xx_hal_uart.o
    0x080082e2   0x080082e2   0x00000002   PAD
    0x080082e4   0x080082e4   0x0000000c   Code   RO          702    i.USART2_IRQHandler  stm32f1xx_it.o
    0x080082f0   0x080082f0   0x00000002   Code   RO          703    i.UsageFault_Handler  stm32f1xx_it.o
    0x080082f2   0x080082f2   0x00000028   Code   RO         3469    i.__ARM_fpclassify  m_ws.l(fpclassify.o)
    0x0800831a   0x0800831a   0x00000020   Code   RO           29    i.__NVIC_SetPriority  rtos.o
    0x0800833a   0x0800833a   0x00000020   Code   RO         2373    i.__NVIC_SetPriority  stm32f1xx_hal_cortex.o
    0x0800835a   0x0800835a   0x0000000e   Code   RO         3288    i._is_digit         c_w.l(__printf_wp.o)
    0x08008368   0x08008368   0x000000bc   Code   RO          305    i.ledtask           main.o
    0x08008424   0x08008424   0x00000144   Code   RO          306    i.main              main.o
    0x08008568   0x08008568   0x00000058   Code   RO           30    i.my_os_free        rtos.o
    0x080085c0   0x080085c0   0x0000001c   Code   RO           31    i.my_os_heap_init   rtos.o
    0x080085dc   0x080085dc   0x0000005c   Code   RO           32    i.my_os_malloc      rtos.o
    0x08008638   0x08008638   0x00000054   Code   RO          308    i.pwmtask           main.o
    0x0800868c   0x0800868c   0x00000060   Code   RO           35    i.taskMoveInReady   rtos.o
    0x080086ec   0x080086ec   0x00000078   Code   RO           36    i.taskMoveOutList   rtos.o
    0x08008764   0x08008764   0x00000068   Code   RO           37    i.taskdelay         rtos.o
    0x080087cc   0x080087cc   0x0000002c   Code   RO         3456    locale$$code        c_w.l(lc_numeric_c.o)
    0x080087f8   0x080087f8   0x0000002c   Code   RO         3477    locale$$code        c_w.l(lc_ctype_c.o)
    0x08008824   0x08008824   0x00000004   Code   RO         3383    x$fpl$printf1       fz_ws.l(printf1.o)
    0x08008828   0x08008828   0x00000004   Code   RO         3385    x$fpl$printf2       fz_ws.l(printf2.o)
    0x0800882c   0x0800882c   0x00000000   Code   RO         3468    x$fpl$usenofp       fz_ws.l(usenofp.o)
    0x0800882c   0x0800882c   0x00000012   Data   RO         2071    .constdata          stm32f1xx_hal_rcc.o
    0x0800883e   0x0800883e   0x00000010   Data   RO         3225    .constdata          system_stm32f1xx_1.o
    0x0800884e   0x0800884e   0x00000008   Data   RO         3226    .constdata          system_stm32f1xx_1.o
    0x08008856   0x08008856   0x00000011   Data   RO         3296    .constdata          c_w.l(__printf_flags_ss_wp.o)
    0x08008867   0x08008867   0x00000001   PAD
    0x08008868   0x08008868   0x00000008   Data   RO         3329    .constdata          c_w.l(_printf_wctomb.o)
    0x08008870   0x08008870   0x00000028   Data   RO         3358    .constdata          c_w.l(_printf_hex_int_ll_ptr.o)
    0x08008898   0x08008898   0x00000026   Data   RO         3411    .constdata          c_w.l(_printf_fp_hex.o)
    0x080088be   0x080088be   0x00000002   PAD
    0x080088c0   0x080088c0   0x00000094   Data   RO         3431    .constdata          c_w.l(bigflt0.o)
    0x08008954   0x08008954   0x00000020   Data   RO         3603    Region$$Table       anon$$obj.o
    0x08008974   0x08008974   0x0000001c   Data   RO         3455    locale$$data        c_w.l(lc_numeric_c.o)
    0x08008990   0x08008990   0x00000110   Data   RO         3476    locale$$data        c_w.l(lc_ctype_c.o)


    Execution Region RW_IRAM1 (Exec base: 0x20000000, Load base: 0x08008aa0, Size: 0x00003810, Max: 0x00005000, ABSOLUTE)

    Exec Addr    Load Addr    Size         Type   Attr      Idx    E Section Name        Object

    0x20000000   0x08008aa0   0x00000024   Data   RW           39    .data               rtos.o
    0x20000024   0x08008ac4   0x00000014   Data   RW          309    .data               main.o
    0x20000038   0x08008ad8   0x0000000c   Data   RW         1908    .data               stm32f1xx_hal.o
    0x20000044   0x08008ae4   0x00000004   Data   RW         3227    .data               system_stm32f1xx_1.o
    0x20000048        -       0x00003040   Zero   RW           38    .bss                rtos.o
    0x20003088        -       0x0000000c   Zero   RW          574    .bss                iwdg.o
    0x20003094        -       0x00000048   Zero   RW          607    .bss                tim.o
    0x200030dc        -       0x0000008c   Zero   RW          654    .bss                usart.o
    0x20003168        -       0x00000048   Zero   RW          808    .bss                stm32f1xx_hal_timebase_tim.o
    0x200031b0        -       0x00000060   Zero   RW         3472    .bss                c_w.l(libspace.o)
    0x20003210        -       0x00000200   Zero   RW            2    HEAP                startup_stm32f103xb.o
    0x20003410        -       0x00000400   Zero   RW            1    STACK               startup_stm32f103xb.o


==============================================================================

Image component sizes


      Code (inc. data)   RO Data    RW Data    ZI Data      Debug   Object Name

        44          4          0          0          0        730   dma.o
       204         20          0          0          0     423599   gpio.o
        44          8          0          0         12        679   iwdg.o
      1132        384          0         20          0       9262   main.o
      2104        236          0         36      12352     464503   rtos.o
        64         26        236          0       1536        796   startup_stm32f103xb.o
        64         14          0         12          0       4558   stm32f1xx_hal.o
       158         14          0          0          0      28110   stm32f1xx_hal_cortex.o
       808         36          0          0          0       4890   stm32f1xx_hal_dma.o
       540         40          0          0          0       4631   stm32f1xx_hal_gpio.o
       106          0          0          0          0       1811   stm32f1xx_hal_iwdg.o
        60          8          0          0          0        846   stm32f1xx_hal_msp.o
      1304         94         18          0          0       5641   stm32f1xx_hal_rcc.o
      1738         56          0          0          0      15806   stm32f1xx_hal_tim.o
       108         12          0          0          0       2345   stm32f1xx_hal_tim_ex.o
       140         22          0          0         72       1383   stm32f1xx_hal_timebase_tim.o
      1772         24          0          0          0      12972   stm32f1xx_hal_uart.o
        58         18          0          0          0       4618   stm32f1xx_it.o
        16          8         24          4          0       1167   system_stm32f1xx_1.o
       260         22          0          0         72       2224   tim.o
       232         28          0          0        140       1729   usart.o

    ----------------------------------------------------------------------
     10980       1074        310         72      14184     992300   Object Totals
         0          0         32          0          0          0   (incl. Generated)
        24          0          0          0          0          0   (incl. Padding)

    ----------------------------------------------------------------------

      Code (inc. data)   RO Data    RW Data    ZI Data      Debug   Library Member Name

        56          6          0          0          0         88   __2snprintf.o
        44          6          0          0          0         84   __2sprintf.o
         8          0          0          0          0         68   __main.o
       392          4         17          0          0         92   __printf_flags_ss_wp.o
        14          0          0          0          0         68   __printf_wp.o
         0          0          0          0          0          0   __rtentry.o
        12          0          0          0          0          0   __rtentry2.o
         6          0          0          0          0          0   __rtentry4.o
        52          8          0          0          0          0   __scatter.o
        26          0          0          0          0          0   __scatter_copy.o
        28          0          0          0          0          0   __scatter_zi.o
         6          0          0          0          0          0   _printf_a.o
         6          0          0          0          0          0   _printf_c.o
        44          0          0          0          0        108   _printf_char.o
        48          6          0          0          0         96   _printf_char_common.o
        40          0          0          0          0         68   _printf_charcount.o
         6          0          0          0          0          0   _printf_d.o
       120         16          0          0          0         92   _printf_dec.o
         6          0          0          0          0          0   _printf_e.o
         6          0          0          0          0          0   _printf_f.o
      1054          0          0          0          0        216   _printf_fp_dec.o
       764          8         38          0          0        100   _printf_fp_hex.o
       128         16          0          0          0         84   _printf_fp_infnan.o
         6          0          0          0          0          0   _printf_g.o
       148          4         40          0          0        160   _printf_hex_int_ll_ptr.o
         6          0          0          0          0          0   _printf_i.o
       178          0          0          0          0         88   _printf_intcommon.o
        10          0          0          0          0          0   _printf_l.o
         6          0          0          0          0          0   _printf_lc.o
        10          0          0          0          0          0   _printf_ll.o
         6          0          0          0          0          0   _printf_lld.o
         6          0          0          0          0          0   _printf_lli.o
         6          0          0          0          0          0   _printf_llo.o
         6          0          0          0          0          0   _printf_llu.o
         6          0          0          0          0          0   _printf_llx.o
       124         16          0          0          0         92   _printf_longlong_dec.o
         6          0          0          0          0          0   _printf_ls.o
         6          0          0          0          0          0   _printf_n.o
         6          0          0          0          0          0   _printf_o.o
       112         10          0          0          0        124   _printf_oct_int_ll.o
         6          0          0          0          0          0   _printf_p.o
        78          0          0          0          0        108   _printf_pad.o
         0          0          0          0          0          0   _printf_percent.o
         4          0          0          0          0          0   _printf_percent_end.o
         6          0          0          0          0          0   _printf_s.o
        82          0          0          0          0         80   _printf_str.o
        36          0          0          0          0         84   _printf_truncate.o
         6          0          0          0          0          0   _printf_u.o
        44          0          0          0          0        108   _printf_wchar.o
       188          6          8          0          0         92   _printf_wctomb.o
         6          0          0          0          0          0   _printf_x.o
        16          0          0          0          0         68   _snputc.o
        10          0          0          0          0         68   _sputc.o
        64          0          0          0          0         92   _wcrtomb.o
       228          4        148          0          0         96   bigflt0.o
      1936        128          0          0          0        672   btod.o
        18          0          0          0          0         80   exit.o
         6          0          0          0          0        152   heapauxi.o
         0          0          0          0          0          0   indicate_semi.o
        44         10        272          0          0         76   lc_ctype_c.o
        44         10         28          0          0         76   lc_numeric_c.o
         2          0          0          0          0          0   libinit.o
        30          0          0          0          0          0   libinit2.o
         2          0          0          0          0          0   libshutdown.o
         2          0          0          0          0          0   libshutdown2.o
         8          4          0          0         96         68   libspace.o
       138          0          0          0          0         80   lludiv10.o
        16          4          0          0          0         76   rt_ctype_table.o
         8          4          0          0          0         68   rt_locale_intlibspace.o
        78          0          0          0          0         80   rt_memclr_w.o
       138          0          0          0          0         68   rt_memcpy_v6.o
       100          0          0          0          0         80   rt_memcpy_w.o
         2          0          0          0          0          0   rtexit.o
        10          0          0          0          0          0   rtexit2.o
       128          0          0          0          0         68   strcmpv7m.o
        62          0          0          0          0         76   strlen.o
        12          4          0          0          0         68   sys_exit.o
        74          0          0          0          0         80   sys_stackheap_outer.o
         2          0          0          0          0         68   use_no_semi.o
        52          4          0          0          0         80   vsnprintf.o
         4          0          0          0          0         68   printf1.o
         4          0          0          0          0         68   printf2.o
         0          0          0          0          0          0   usenofp.o
        40          0          0          0          0         68   fpclassify.o

    ----------------------------------------------------------------------
      7260        278        554          0         96       4644   Library Totals
        12          0          3          0          0          0   (incl. Padding)

    ----------------------------------------------------------------------

      Code (inc. data)   RO Data    RW Data    ZI Data      Debug   Library Name

      7200        278        551          0         96       4440   c_w.l
         8          0          0          0          0        136   fz_ws.l
        40          0          0          0          0         68   m_ws.l

    ----------------------------------------------------------------------
      7260        278        554          0         96       4644   Library Totals

    ----------------------------------------------------------------------

==============================================================================


      Code (inc. data)   RO Data    RW Data    ZI Data      Debug   

     18240       1352        864         72      14280     988204   Grand Totals
     18240       1352        864         72      14280     988204   ELF Image Totals
     18240       1352        864         72          0          0   ROM Totals

==============================================================================

    Total RO  Size (Code + RO Data)                19104 (  18.66kB)
    Total RW  Size (RW Data + ZI Data)             14352 (  14.02kB)
    Total ROM Size (Code + RO Data + RW Data)      19176 (  18.73kB)

==============================================================================

